Archive member included to satisfy reference by file (symbol)

C:/NXP/S32DS_ARM_v2.2/S32DS/build_tools/gcc_v6.3/gcc-6.3-arm32-eabi/arm-none-eabi/newlib/lib/thumb/v7e-m\libc.a(lib_a-exit.o)
                              C:/NXP/S32DS_ARM_v2.2/S32DS/build_tools/gcc_v6.3/gcc-6.3-arm32-eabi/arm-none-eabi/newlib/lib/thumb/v7e-m/crt0.o (exit)
C:/NXP/S32DS_ARM_v2.2/S32DS/build_tools/gcc_v6.3/gcc-6.3-arm32-eabi/arm-none-eabi/newlib/lib/thumb/v7e-m\libc.a(lib_a-impure.o)
                              C:/NXP/S32DS_ARM_v2.2/S32DS/build_tools/gcc_v6.3/gcc-6.3-arm32-eabi/arm-none-eabi/newlib/lib/thumb/v7e-m\libc.a(lib_a-exit.o) (_global_impure_ptr)
C:/NXP/S32DS_ARM_v2.2/S32DS/build_tools/gcc_v6.3/gcc-6.3-arm32-eabi/arm-none-eabi/newlib/lib/thumb/v7e-m\libc.a(lib_a-init.o)
                              C:/NXP/S32DS_ARM_v2.2/S32DS/build_tools/gcc_v6.3/gcc-6.3-arm32-eabi/arm-none-eabi/newlib/lib/thumb/v7e-m/crt0.o (__libc_init_array)
C:/NXP/S32DS_ARM_v2.2/S32DS/build_tools/gcc_v6.3/gcc-6.3-arm32-eabi/arm-none-eabi/newlib/lib/thumb/v7e-m\libc.a(lib_a-memset.o)
                              C:/NXP/S32DS_ARM_v2.2/S32DS/build_tools/gcc_v6.3/gcc-6.3-arm32-eabi/arm-none-eabi/newlib/lib/thumb/v7e-m/crt0.o (memset)
C:/NXP/S32DS_ARM_v2.2/S32DS/build_tools/gcc_v6.3/gcc-6.3-arm32-eabi/arm-none-eabi/newlib/lib/thumb/v7e-m\libc.a(lib_a-__call_atexit.o)
                              C:/NXP/S32DS_ARM_v2.2/S32DS/build_tools/gcc_v6.3/gcc-6.3-arm32-eabi/arm-none-eabi/newlib/lib/thumb/v7e-m\libc.a(lib_a-exit.o) (__call_exitprocs)
C:/NXP/S32DS_ARM_v2.2/S32DS/build_tools/gcc_v6.3/gcc-6.3-arm32-eabi/arm-none-eabi/newlib/lib/thumb/v7e-m\libc.a(lib_a-fini.o)
                              C:/NXP/S32DS_ARM_v2.2/S32DS/build_tools/gcc_v6.3/gcc-6.3-arm32-eabi/arm-none-eabi/newlib/lib/thumb/v7e-m\libc.a(lib_a-__call_atexit.o) (__libc_fini_array)
C:/NXP/S32DS_ARM_v2.2/S32DS/build_tools/gcc_v6.3/gcc-6.3-arm32-eabi/arm-none-eabi/newlib/lib/thumb/v7e-m\libc.a(lib_a-atexit.o)
                              C:/NXP/S32DS_ARM_v2.2/S32DS/build_tools/gcc_v6.3/gcc-6.3-arm32-eabi/arm-none-eabi/newlib/lib/thumb/v7e-m\libc.a(lib_a-__call_atexit.o) (atexit)
C:/NXP/S32DS_ARM_v2.2/S32DS/build_tools/gcc_v6.3/gcc-6.3-arm32-eabi/arm-none-eabi/newlib/lib/thumb/v7e-m\libc.a(lib_a-__atexit.o)
                              C:/NXP/S32DS_ARM_v2.2/S32DS/build_tools/gcc_v6.3/gcc-6.3-arm32-eabi/arm-none-eabi/newlib/lib/thumb/v7e-m\libc.a(lib_a-atexit.o) (__register_exitproc)
C:/NXP/S32DS_ARM_v2.2/S32DS/build_tools/gcc_v6.3/gcc-6.3-arm32-eabi/arm-none-eabi/newlib/lib/thumb/v7e-m\libnosys.a(_exit.o)
                              C:/NXP/S32DS_ARM_v2.2/S32DS/build_tools/gcc_v6.3/gcc-6.3-arm32-eabi/arm-none-eabi/newlib/lib/thumb/v7e-m\libc.a(lib_a-exit.o) (_exit)

Discarded input sections

 .text          0x00000000        0x0 c:/nxp/s32ds_arm_v2.2/s32ds/build_tools/gcc_v6.3/gcc-6.3-arm32-eabi/bin/../lib/gcc/arm-none-eabi/6.3.1/thumb/v7e-m/crti.o
 .data          0x00000000        0x0 c:/nxp/s32ds_arm_v2.2/s32ds/build_tools/gcc_v6.3/gcc-6.3-arm32-eabi/bin/../lib/gcc/arm-none-eabi/6.3.1/thumb/v7e-m/crti.o
 .bss           0x00000000        0x0 c:/nxp/s32ds_arm_v2.2/s32ds/build_tools/gcc_v6.3/gcc-6.3-arm32-eabi/bin/../lib/gcc/arm-none-eabi/6.3.1/thumb/v7e-m/crti.o
 .data          0x00000000        0x4 c:/nxp/s32ds_arm_v2.2/s32ds/build_tools/gcc_v6.3/gcc-6.3-arm32-eabi/bin/../lib/gcc/arm-none-eabi/6.3.1/thumb/v7e-m/crtbegin.o
 .text          0x00000000       0x74 C:/NXP/S32DS_ARM_v2.2/S32DS/build_tools/gcc_v6.3/gcc-6.3-arm32-eabi/arm-none-eabi/newlib/lib/thumb/v7e-m/crt0.o
 .data          0x00000000        0x0 C:/NXP/S32DS_ARM_v2.2/S32DS/build_tools/gcc_v6.3/gcc-6.3-arm32-eabi/arm-none-eabi/newlib/lib/thumb/v7e-m/crt0.o
 .bss           0x00000000        0x0 C:/NXP/S32DS_ARM_v2.2/S32DS/build_tools/gcc_v6.3/gcc-6.3-arm32-eabi/arm-none-eabi/newlib/lib/thumb/v7e-m/crt0.o
 .ARM.extab     0x00000000        0x0 C:/NXP/S32DS_ARM_v2.2/S32DS/build_tools/gcc_v6.3/gcc-6.3-arm32-eabi/arm-none-eabi/newlib/lib/thumb/v7e-m/crt0.o
 .ARM.exidx     0x00000000        0x8 C:/NXP/S32DS_ARM_v2.2/S32DS/build_tools/gcc_v6.3/gcc-6.3-arm32-eabi/arm-none-eabi/newlib/lib/thumb/v7e-m/crt0.o
 .ARM.attributes
                0x00000000       0x1c C:/NXP/S32DS_ARM_v2.2/S32DS/build_tools/gcc_v6.3/gcc-6.3-arm32-eabi/arm-none-eabi/newlib/lib/thumb/v7e-m/crt0.o
 .data          0x00000000        0x0 ./Project_Settings/Startup_Code/Initialize_Stack.o
 .bss           0x00000000        0x0 ./Project_Settings/Startup_Code/Initialize_Stack.o
 .group         0x00000000        0x8 ./Project_Settings/Startup_Code/startup.o
 .group         0x00000000        0x8 ./Project_Settings/Startup_Code/startup.o
 .group         0x00000000        0x8 ./Project_Settings/Startup_Code/startup.o
 .group         0x00000000        0x8 ./Project_Settings/Startup_Code/startup.o
 .group         0x00000000        0x8 ./Project_Settings/Startup_Code/startup.o
 .group         0x00000000        0x8 ./Project_Settings/Startup_Code/startup.o
 .group         0x00000000        0x8 ./Project_Settings/Startup_Code/startup.o
 .group         0x00000000        0x8 ./Project_Settings/Startup_Code/startup.o
 .group         0x00000000        0x8 ./Project_Settings/Startup_Code/startup.o
 .group         0x00000000        0x8 ./Project_Settings/Startup_Code/startup.o
 .group         0x00000000        0x8 ./Project_Settings/Startup_Code/startup.o
 .group         0x00000000        0x8 ./Project_Settings/Startup_Code/startup.o
 .group         0x00000000        0x8 ./Project_Settings/Startup_Code/startup.o
 .text          0x00000000        0x0 ./Project_Settings/Startup_Code/startup.o
 .data          0x00000000        0x0 ./Project_Settings/Startup_Code/startup.o
 .bss           0x00000000        0x0 ./Project_Settings/Startup_Code/startup.o
 .rodata.s_vectors
                0x00000000        0x4 ./Project_Settings/Startup_Code/startup.o
 .data          0x00000000        0x0 ./Project_Settings/Startup_Code/startup_S32K144.o
 .bss           0x00000000        0x0 ./Project_Settings/Startup_Code/startup_S32K144.o
 .FlashConfig   0x00000000       0x10 ./Project_Settings/Startup_Code/startup_S32K144.o
 .group         0x00000000        0x8 ./Project_Settings/Startup_Code/system_S32K144.o
 .group         0x00000000        0x8 ./Project_Settings/Startup_Code/system_S32K144.o
 .group         0x00000000        0x8 ./Project_Settings/Startup_Code/system_S32K144.o
 .group         0x00000000        0x8 ./Project_Settings/Startup_Code/system_S32K144.o
 .group         0x00000000        0x8 ./Project_Settings/Startup_Code/system_S32K144.o
 .group         0x00000000        0x8 ./Project_Settings/Startup_Code/system_S32K144.o
 .group         0x00000000        0x8 ./Project_Settings/Startup_Code/system_S32K144.o
 .group         0x00000000        0x8 ./Project_Settings/Startup_Code/system_S32K144.o
 .group         0x00000000        0x8 ./Project_Settings/Startup_Code/system_S32K144.o
 .group         0x00000000        0x8 ./Project_Settings/Startup_Code/system_S32K144.o
 .group         0x00000000        0x8 ./Project_Settings/Startup_Code/system_S32K144.o
 .group         0x00000000        0x8 ./Project_Settings/Startup_Code/system_S32K144.o
 .group         0x00000000        0x8 ./Project_Settings/Startup_Code/system_S32K144.o
 .group         0x00000000        0x8 ./Project_Settings/Startup_Code/system_S32K144.o
 .text          0x00000000        0x0 ./Project_Settings/Startup_Code/system_S32K144.o
 .data          0x00000000        0x0 ./Project_Settings/Startup_Code/system_S32K144.o
 .bss           0x00000000        0x0 ./Project_Settings/Startup_Code/system_S32K144.o
 .data.SystemCoreClock
                0x00000000        0x4 ./Project_Settings/Startup_Code/system_S32K144.o
 .text.SystemCoreClockUpdate
                0x00000000       0xf0 ./Project_Settings/Startup_Code/system_S32K144.o
 .text.SystemSoftwareReset
                0x00000000       0x3e ./Project_Settings/Startup_Code/system_S32K144.o
 .rodata.fircFreq.5176
                0x00000000        0x4 ./Project_Settings/Startup_Code/system_S32K144.o
 .debug_macro   0x00000000      0x8d4 ./Project_Settings/Startup_Code/system_S32K144.o
 .debug_macro   0x00000000       0x10 ./Project_Settings/Startup_Code/system_S32K144.o
 .debug_macro   0x00000000       0x7a ./Project_Settings/Startup_Code/system_S32K144.o
 .debug_macro   0x00000000       0x22 ./Project_Settings/Startup_Code/system_S32K144.o
 .debug_macro   0x00000000       0x87 ./Project_Settings/Startup_Code/system_S32K144.o
 .debug_macro   0x00000000       0x51 ./Project_Settings/Startup_Code/system_S32K144.o
 .debug_macro   0x00000000       0xef ./Project_Settings/Startup_Code/system_S32K144.o
 .debug_macro   0x00000000       0x6a ./Project_Settings/Startup_Code/system_S32K144.o
 .debug_macro   0x00000000      0x1df ./Project_Settings/Startup_Code/system_S32K144.o
 .debug_macro   0x00000000      0xb86 ./Project_Settings/Startup_Code/system_S32K144.o
 .debug_macro   0x00000000       0x22 ./Project_Settings/Startup_Code/system_S32K144.o
 .group         0x00000000        0x8 ./mylib/LPUART1.o
 .group         0x00000000        0x8 ./mylib/LPUART1.o
 .group         0x00000000        0x8 ./mylib/LPUART1.o
 .group         0x00000000        0x8 ./mylib/LPUART1.o
 .group         0x00000000        0x8 ./mylib/LPUART1.o
 .group         0x00000000        0x8 ./mylib/LPUART1.o
 .group         0x00000000        0x8 ./mylib/LPUART1.o
 .group         0x00000000        0x8 ./mylib/LPUART1.o
 .group         0x00000000        0x8 ./mylib/LPUART1.o
 .group         0x00000000        0x8 ./mylib/LPUART1.o
 .group         0x00000000        0x8 ./mylib/LPUART1.o
 .group         0x00000000        0x8 ./mylib/LPUART1.o
 .group         0x00000000        0x8 ./mylib/LPUART1.o
 .group         0x00000000        0x8 ./mylib/LPUART1.o
 .group         0x00000000        0x8 ./mylib/LPUART1.o
 .group         0x00000000        0x8 ./mylib/LPUART1.o
 .group         0x00000000        0x8 ./mylib/LPUART1.o
 .group         0x00000000        0x8 ./mylib/LPUART1.o
 .group         0x00000000        0x8 ./mylib/LPUART1.o
 .group         0x00000000        0x8 ./mylib/LPUART1.o
 .group         0x00000000        0x8 ./mylib/LPUART1.o
 .group         0x00000000        0x8 ./mylib/LPUART1.o
 .group         0x00000000        0x8 ./mylib/LPUART1.o
 .group         0x00000000        0x8 ./mylib/LPUART1.o
 .group         0x00000000        0x8 ./mylib/LPUART1.o
 .group         0x00000000        0x8 ./mylib/LPUART1.o
 .group         0x00000000        0x8 ./mylib/LPUART1.o
 .group         0x00000000        0x8 ./mylib/LPUART1.o
 .group         0x00000000        0x8 ./mylib/LPUART1.o
 .group         0x00000000        0x8 ./mylib/LPUART1.o
 .group         0x00000000        0x8 ./mylib/LPUART1.o
 .group         0x00000000        0x8 ./mylib/LPUART1.o
 .text          0x00000000        0x0 ./mylib/LPUART1.o
 .data          0x00000000        0x0 ./mylib/LPUART1.o
 .bss           0x00000000        0x0 ./mylib/LPUART1.o
 .text.LPUART1_receive
                0x00000000       0x2c ./mylib/LPUART1.o
 .debug_macro   0x00000000      0x8d4 ./mylib/LPUART1.o
 .debug_macro   0x00000000       0x22 ./mylib/LPUART1.o
 .debug_macro   0x00000000       0x6a ./mylib/LPUART1.o
 .debug_macro   0x00000000       0xef ./mylib/LPUART1.o
 .debug_macro   0x00000000      0x1df ./mylib/LPUART1.o
 .group         0x00000000        0x8 ./mylib/clock.o
 .group         0x00000000        0x8 ./mylib/clock.o
 .group         0x00000000        0x8 ./mylib/clock.o
 .group         0x00000000        0x8 ./mylib/clock.o
 .group         0x00000000        0x8 ./mylib/clock.o
 .group         0x00000000        0x8 ./mylib/clock.o
 .group         0x00000000        0x8 ./mylib/clock.o
 .group         0x00000000        0x8 ./mylib/clock.o
 .group         0x00000000        0x8 ./mylib/clock.o
 .group         0x00000000        0x8 ./mylib/clock.o
 .group         0x00000000        0x8 ./mylib/clock.o
 .group         0x00000000        0x8 ./mylib/clock.o
 .group         0x00000000        0x8 ./mylib/clock.o
 .group         0x00000000        0x8 ./mylib/clock.o
 .group         0x00000000        0x8 ./mylib/clock.o
 .group         0x00000000        0x8 ./mylib/clock.o
 .group         0x00000000        0x8 ./mylib/clock.o
 .group         0x00000000        0x8 ./mylib/clock.o
 .group         0x00000000        0x8 ./mylib/clock.o
 .group         0x00000000        0x8 ./mylib/clock.o
 .group         0x00000000        0x8 ./mylib/clock.o
 .group         0x00000000        0x8 ./mylib/clock.o
 .group         0x00000000        0x8 ./mylib/clock.o
 .group         0x00000000        0x8 ./mylib/clock.o
 .group         0x00000000        0x8 ./mylib/clock.o
 .group         0x00000000        0x8 ./mylib/clock.o
 .group         0x00000000        0x8 ./mylib/clock.o
 .group         0x00000000        0x8 ./mylib/clock.o
 .group         0x00000000        0x8 ./mylib/clock.o
 .group         0x00000000        0x8 ./mylib/clock.o
 .group         0x00000000        0x8 ./mylib/clock.o
 .group         0x00000000        0x8 ./mylib/clock.o
 .text          0x00000000        0x0 ./mylib/clock.o
 .data          0x00000000        0x0 ./mylib/clock.o
 .bss           0x00000000        0x0 ./mylib/clock.o
 .text.SOSC_Init_8MHz
                0x00000000       0x74 ./mylib/clock.o
 .text.SPLL_Init_12MHz
                0x00000000       0x90 ./mylib/clock.o
 .debug_macro   0x00000000      0x8d4 ./mylib/clock.o
 .debug_macro   0x00000000       0x22 ./mylib/clock.o
 .debug_macro   0x00000000       0x4c ./mylib/clock.o
 .debug_macro   0x00000000       0x8d ./mylib/clock.o
 .debug_macro   0x00000000       0x3c ./mylib/clock.o
 .debug_macro   0x00000000       0x9c ./mylib/clock.o
 .debug_macro   0x00000000       0x16 ./mylib/clock.o
 .debug_macro   0x00000000       0x57 ./mylib/clock.o
 .debug_macro   0x00000000       0x97 ./mylib/clock.o
 .debug_macro   0x00000000      0x30d ./mylib/clock.o
 .debug_macro   0x00000000       0xfd ./mylib/clock.o
 .debug_macro   0x00000000       0x10 ./mylib/clock.o
 .debug_macro   0x00000000       0x52 ./mylib/clock.o
 .debug_macro   0x00000000       0x1f ./mylib/clock.o
 .debug_macro   0x00000000       0x43 ./mylib/clock.o
 .debug_macro   0x00000000       0x20 ./mylib/clock.o
 .debug_macro   0x00000000      0x1a3 ./mylib/clock.o
 .debug_macro   0x00000000       0x10 ./mylib/clock.o
 .debug_macro   0x00000000       0x6a ./mylib/clock.o
 .debug_macro   0x00000000       0x1c ./mylib/clock.o
 .debug_macro   0x00000000       0x52 ./mylib/clock.o
 .debug_macro   0x00000000       0x40 ./mylib/clock.o
 .debug_macro   0x00000000       0x10 ./mylib/clock.o
 .debug_macro   0x00000000       0x40 ./mylib/clock.o
 .debug_macro   0x00000000       0xd7 ./mylib/clock.o
 .debug_macro   0x00000000       0x16 ./mylib/clock.o
 .debug_macro   0x00000000      0x161 ./mylib/clock.o
 .debug_macro   0x00000000       0xef ./mylib/clock.o
 .debug_macro   0x00000000      0x1df ./mylib/clock.o
 .debug_macro   0x00000000       0x16 ./mylib/clock.o
 .debug_macro   0x00000000       0x35 ./mylib/clock.o
 .debug_macro   0x00000000      0x24a ./mylib/clock.o
 .group         0x00000000        0x8 ./mylib/gpio.o
 .group         0x00000000        0x8 ./mylib/gpio.o
 .group         0x00000000        0x8 ./mylib/gpio.o
 .group         0x00000000        0x8 ./mylib/gpio.o
 .group         0x00000000        0x8 ./mylib/gpio.o
 .group         0x00000000        0x8 ./mylib/gpio.o
 .group         0x00000000        0x8 ./mylib/gpio.o
 .group         0x00000000        0x8 ./mylib/gpio.o
 .group         0x00000000        0x8 ./mylib/gpio.o
 .group         0x00000000        0x8 ./mylib/gpio.o
 .group         0x00000000        0x8 ./mylib/gpio.o
 .group         0x00000000        0x8 ./mylib/gpio.o
 .group         0x00000000        0x8 ./mylib/gpio.o
 .group         0x00000000        0x8 ./mylib/gpio.o
 .group         0x00000000        0x8 ./mylib/gpio.o
 .group         0x00000000        0x8 ./mylib/gpio.o
 .group         0x00000000        0x8 ./mylib/gpio.o
 .group         0x00000000        0x8 ./mylib/gpio.o
 .group         0x00000000        0x8 ./mylib/gpio.o
 .group         0x00000000        0x8 ./mylib/gpio.o
 .group         0x00000000        0x8 ./mylib/gpio.o
 .group         0x00000000        0x8 ./mylib/gpio.o
 .group         0x00000000        0x8 ./mylib/gpio.o
 .group         0x00000000        0x8 ./mylib/gpio.o
 .group         0x00000000        0x8 ./mylib/gpio.o
 .group         0x00000000        0x8 ./mylib/gpio.o
 .group         0x00000000        0x8 ./mylib/gpio.o
 .group         0x00000000        0x8 ./mylib/gpio.o
 .group         0x00000000        0x8 ./mylib/gpio.o
 .group         0x00000000        0x8 ./mylib/gpio.o
 .group         0x00000000        0x8 ./mylib/gpio.o
 .group         0x00000000        0x8 ./mylib/gpio.o
 .text          0x00000000        0x0 ./mylib/gpio.o
 .data          0x00000000        0x0 ./mylib/gpio.o
 .bss           0x00000000        0x0 ./mylib/gpio.o
 .debug_macro   0x00000000      0x8d4 ./mylib/gpio.o
 .debug_macro   0x00000000       0x22 ./mylib/gpio.o
 .debug_macro   0x00000000       0x4c ./mylib/gpio.o
 .debug_macro   0x00000000       0x8d ./mylib/gpio.o
 .debug_macro   0x00000000       0x3c ./mylib/gpio.o
 .debug_macro   0x00000000       0x9c ./mylib/gpio.o
 .debug_macro   0x00000000       0x16 ./mylib/gpio.o
 .debug_macro   0x00000000       0x57 ./mylib/gpio.o
 .debug_macro   0x00000000       0x97 ./mylib/gpio.o
 .debug_macro   0x00000000      0x30d ./mylib/gpio.o
 .debug_macro   0x00000000       0xfd ./mylib/gpio.o
 .debug_macro   0x00000000       0x10 ./mylib/gpio.o
 .debug_macro   0x00000000       0x52 ./mylib/gpio.o
 .debug_macro   0x00000000       0x1f ./mylib/gpio.o
 .debug_macro   0x00000000       0x43 ./mylib/gpio.o
 .debug_macro   0x00000000       0x20 ./mylib/gpio.o
 .debug_macro   0x00000000      0x1a3 ./mylib/gpio.o
 .debug_macro   0x00000000       0x10 ./mylib/gpio.o
 .debug_macro   0x00000000       0x6a ./mylib/gpio.o
 .debug_macro   0x00000000       0x1c ./mylib/gpio.o
 .debug_macro   0x00000000       0x52 ./mylib/gpio.o
 .debug_macro   0x00000000       0x40 ./mylib/gpio.o
 .debug_macro   0x00000000       0x10 ./mylib/gpio.o
 .debug_macro   0x00000000       0x40 ./mylib/gpio.o
 .debug_macro   0x00000000       0xd7 ./mylib/gpio.o
 .debug_macro   0x00000000       0x16 ./mylib/gpio.o
 .debug_macro   0x00000000      0x161 ./mylib/gpio.o
 .debug_macro   0x00000000       0xef ./mylib/gpio.o
 .debug_macro   0x00000000      0x1df ./mylib/gpio.o
 .debug_macro   0x00000000       0x16 ./mylib/gpio.o
 .debug_macro   0x00000000       0x35 ./mylib/gpio.o
 .debug_macro   0x00000000      0x24a ./mylib/gpio.o
 .group         0x00000000        0x8 ./mylib/lpit.o
 .group         0x00000000        0x8 ./mylib/lpit.o
 .group         0x00000000        0x8 ./mylib/lpit.o
 .group         0x00000000        0x8 ./mylib/lpit.o
 .group         0x00000000        0x8 ./mylib/lpit.o
 .group         0x00000000        0x8 ./mylib/lpit.o
 .group         0x00000000        0x8 ./mylib/lpit.o
 .group         0x00000000        0x8 ./mylib/lpit.o
 .group         0x00000000        0x8 ./mylib/lpit.o
 .group         0x00000000        0x8 ./mylib/lpit.o
 .group         0x00000000        0x8 ./mylib/lpit.o
 .group         0x00000000        0x8 ./mylib/lpit.o
 .group         0x00000000        0x8 ./mylib/lpit.o
 .group         0x00000000        0x8 ./mylib/lpit.o
 .group         0x00000000        0x8 ./mylib/lpit.o
 .group         0x00000000        0x8 ./mylib/lpit.o
 .group         0x00000000        0x8 ./mylib/lpit.o
 .group         0x00000000        0x8 ./mylib/lpit.o
 .group         0x00000000        0x8 ./mylib/lpit.o
 .group         0x00000000        0x8 ./mylib/lpit.o
 .group         0x00000000        0x8 ./mylib/lpit.o
 .group         0x00000000        0x8 ./mylib/lpit.o
 .group         0x00000000        0x8 ./mylib/lpit.o
 .group         0x00000000        0x8 ./mylib/lpit.o
 .group         0x00000000        0x8 ./mylib/lpit.o
 .group         0x00000000        0x8 ./mylib/lpit.o
 .group         0x00000000        0x8 ./mylib/lpit.o
 .group         0x00000000        0x8 ./mylib/lpit.o
 .group         0x00000000        0x8 ./mylib/lpit.o
 .group         0x00000000        0x8 ./mylib/lpit.o
 .group         0x00000000        0x8 ./mylib/lpit.o
 .group         0x00000000        0x8 ./mylib/lpit.o
 .text          0x00000000        0x0 ./mylib/lpit.o
 .data          0x00000000        0x0 ./mylib/lpit.o
 .bss           0x00000000        0x0 ./mylib/lpit.o
 .debug_macro   0x00000000      0x8d4 ./mylib/lpit.o
 .debug_macro   0x00000000       0x22 ./mylib/lpit.o
 .debug_macro   0x00000000       0x4c ./mylib/lpit.o
 .debug_macro   0x00000000       0x8d ./mylib/lpit.o
 .debug_macro   0x00000000       0x3c ./mylib/lpit.o
 .debug_macro   0x00000000       0x9c ./mylib/lpit.o
 .debug_macro   0x00000000       0x16 ./mylib/lpit.o
 .debug_macro   0x00000000       0x57 ./mylib/lpit.o
 .debug_macro   0x00000000       0x97 ./mylib/lpit.o
 .debug_macro   0x00000000      0x30d ./mylib/lpit.o
 .debug_macro   0x00000000       0xfd ./mylib/lpit.o
 .debug_macro   0x00000000       0x10 ./mylib/lpit.o
 .debug_macro   0x00000000       0x52 ./mylib/lpit.o
 .debug_macro   0x00000000       0x1f ./mylib/lpit.o
 .debug_macro   0x00000000       0x43 ./mylib/lpit.o
 .debug_macro   0x00000000       0x20 ./mylib/lpit.o
 .debug_macro   0x00000000      0x1a3 ./mylib/lpit.o
 .debug_macro   0x00000000       0x10 ./mylib/lpit.o
 .debug_macro   0x00000000       0x6a ./mylib/lpit.o
 .debug_macro   0x00000000       0x1c ./mylib/lpit.o
 .debug_macro   0x00000000       0x52 ./mylib/lpit.o
 .debug_macro   0x00000000       0x40 ./mylib/lpit.o
 .debug_macro   0x00000000       0x10 ./mylib/lpit.o
 .debug_macro   0x00000000       0x40 ./mylib/lpit.o
 .debug_macro   0x00000000       0xd7 ./mylib/lpit.o
 .debug_macro   0x00000000       0x16 ./mylib/lpit.o
 .debug_macro   0x00000000      0x161 ./mylib/lpit.o
 .debug_macro   0x00000000       0xef ./mylib/lpit.o
 .debug_macro   0x00000000      0x1df ./mylib/lpit.o
 .debug_macro   0x00000000       0x16 ./mylib/lpit.o
 .debug_macro   0x00000000       0x35 ./mylib/lpit.o
 .debug_macro   0x00000000      0x24a ./mylib/lpit.o
 .group         0x00000000        0x8 ./src/main.o
 .group         0x00000000        0x8 ./src/main.o
 .group         0x00000000        0x8 ./src/main.o
 .group         0x00000000        0x8 ./src/main.o
 .group         0x00000000        0x8 ./src/main.o
 .group         0x00000000        0x8 ./src/main.o
 .group         0x00000000        0x8 ./src/main.o
 .group         0x00000000        0x8 ./src/main.o
 .group         0x00000000        0x8 ./src/main.o
 .group         0x00000000        0x8 ./src/main.o
 .group         0x00000000        0x8 ./src/main.o
 .group         0x00000000        0x8 ./src/main.o
 .group         0x00000000        0x8 ./src/main.o
 .group         0x00000000        0x8 ./src/main.o
 .group         0x00000000        0x8 ./src/main.o
 .group         0x00000000        0x8 ./src/main.o
 .group         0x00000000        0x8 ./src/main.o
 .group         0x00000000        0x8 ./src/main.o
 .group         0x00000000        0x8 ./src/main.o
 .group         0x00000000        0x8 ./src/main.o
 .group         0x00000000        0x8 ./src/main.o
 .group         0x00000000        0x8 ./src/main.o
 .group         0x00000000        0x8 ./src/main.o
 .group         0x00000000        0x8 ./src/main.o
 .group         0x00000000        0x8 ./src/main.o
 .group         0x00000000        0x8 ./src/main.o
 .group         0x00000000        0x8 ./src/main.o
 .group         0x00000000        0x8 ./src/main.o
 .group         0x00000000        0x8 ./src/main.o
 .group         0x00000000        0x8 ./src/main.o
 .group         0x00000000        0x8 ./src/main.o
 .group         0x00000000        0x8 ./src/main.o
 .text          0x00000000        0x0 ./src/main.o
 .data          0x00000000        0x0 ./src/main.o
 .bss           0x00000000        0x0 ./src/main.o
 .debug_macro   0x00000000      0x8d4 ./src/main.o
 .debug_macro   0x00000000       0x22 ./src/main.o
 .debug_macro   0x00000000       0x4c ./src/main.o
 .debug_macro   0x00000000       0x8d ./src/main.o
 .debug_macro   0x00000000       0x3c ./src/main.o
 .debug_macro   0x00000000       0x9c ./src/main.o
 .debug_macro   0x00000000       0x16 ./src/main.o
 .debug_macro   0x00000000       0x57 ./src/main.o
 .debug_macro   0x00000000       0x97 ./src/main.o
 .debug_macro   0x00000000      0x30d ./src/main.o
 .debug_macro   0x00000000       0xfd ./src/main.o
 .debug_macro   0x00000000       0x10 ./src/main.o
 .debug_macro   0x00000000       0x52 ./src/main.o
 .debug_macro   0x00000000       0x1f ./src/main.o
 .debug_macro   0x00000000       0x43 ./src/main.o
 .debug_macro   0x00000000       0x20 ./src/main.o
 .debug_macro   0x00000000      0x1a3 ./src/main.o
 .debug_macro   0x00000000       0x10 ./src/main.o
 .debug_macro   0x00000000       0x6a ./src/main.o
 .debug_macro   0x00000000       0x1c ./src/main.o
 .debug_macro   0x00000000       0x52 ./src/main.o
 .debug_macro   0x00000000       0x40 ./src/main.o
 .debug_macro   0x00000000       0x10 ./src/main.o
 .debug_macro   0x00000000       0x40 ./src/main.o
 .debug_macro   0x00000000       0xd7 ./src/main.o
 .debug_macro   0x00000000       0x16 ./src/main.o
 .debug_macro   0x00000000      0x161 ./src/main.o
 .debug_macro   0x00000000       0xef ./src/main.o
 .debug_macro   0x00000000      0x1df ./src/main.o
 .debug_macro   0x00000000       0x16 ./src/main.o
 .debug_macro   0x00000000       0x35 ./src/main.o
 .debug_macro   0x00000000      0x24a ./src/main.o
 .text          0x00000000        0x0 C:/NXP/S32DS_ARM_v2.2/S32DS/build_tools/gcc_v6.3/gcc-6.3-arm32-eabi/arm-none-eabi/newlib/lib/thumb/v7e-m\libc.a(lib_a-exit.o)
 .data          0x00000000        0x0 C:/NXP/S32DS_ARM_v2.2/S32DS/build_tools/gcc_v6.3/gcc-6.3-arm32-eabi/arm-none-eabi/newlib/lib/thumb/v7e-m\libc.a(lib_a-exit.o)
 .bss           0x00000000        0x0 C:/NXP/S32DS_ARM_v2.2/S32DS/build_tools/gcc_v6.3/gcc-6.3-arm32-eabi/arm-none-eabi/newlib/lib/thumb/v7e-m\libc.a(lib_a-exit.o)
 .text.exit     0x00000000       0x20 C:/NXP/S32DS_ARM_v2.2/S32DS/build_tools/gcc_v6.3/gcc-6.3-arm32-eabi/arm-none-eabi/newlib/lib/thumb/v7e-m\libc.a(lib_a-exit.o)
 .debug_frame   0x00000000       0x28 C:/NXP/S32DS_ARM_v2.2/S32DS/build_tools/gcc_v6.3/gcc-6.3-arm32-eabi/arm-none-eabi/newlib/lib/thumb/v7e-m\libc.a(lib_a-exit.o)
 .ARM.attributes
                0x00000000       0x2e C:/NXP/S32DS_ARM_v2.2/S32DS/build_tools/gcc_v6.3/gcc-6.3-arm32-eabi/arm-none-eabi/newlib/lib/thumb/v7e-m\libc.a(lib_a-exit.o)
 .text          0x00000000        0x0 C:/NXP/S32DS_ARM_v2.2/S32DS/build_tools/gcc_v6.3/gcc-6.3-arm32-eabi/arm-none-eabi/newlib/lib/thumb/v7e-m\libc.a(lib_a-impure.o)
 .data          0x00000000        0x0 C:/NXP/S32DS_ARM_v2.2/S32DS/build_tools/gcc_v6.3/gcc-6.3-arm32-eabi/arm-none-eabi/newlib/lib/thumb/v7e-m\libc.a(lib_a-impure.o)
 .bss           0x00000000        0x0 C:/NXP/S32DS_ARM_v2.2/S32DS/build_tools/gcc_v6.3/gcc-6.3-arm32-eabi/arm-none-eabi/newlib/lib/thumb/v7e-m\libc.a(lib_a-impure.o)
 .data._impure_ptr
                0x00000000        0x4 C:/NXP/S32DS_ARM_v2.2/S32DS/build_tools/gcc_v6.3/gcc-6.3-arm32-eabi/arm-none-eabi/newlib/lib/thumb/v7e-m\libc.a(lib_a-impure.o)
 .text          0x00000000        0x0 C:/NXP/S32DS_ARM_v2.2/S32DS/build_tools/gcc_v6.3/gcc-6.3-arm32-eabi/arm-none-eabi/newlib/lib/thumb/v7e-m\libc.a(lib_a-init.o)
 .data          0x00000000        0x0 C:/NXP/S32DS_ARM_v2.2/S32DS/build_tools/gcc_v6.3/gcc-6.3-arm32-eabi/arm-none-eabi/newlib/lib/thumb/v7e-m\libc.a(lib_a-init.o)
 .bss           0x00000000        0x0 C:/NXP/S32DS_ARM_v2.2/S32DS/build_tools/gcc_v6.3/gcc-6.3-arm32-eabi/arm-none-eabi/newlib/lib/thumb/v7e-m\libc.a(lib_a-init.o)
 .text.__libc_init_array
                0x00000000       0x48 C:/NXP/S32DS_ARM_v2.2/S32DS/build_tools/gcc_v6.3/gcc-6.3-arm32-eabi/arm-none-eabi/newlib/lib/thumb/v7e-m\libc.a(lib_a-init.o)
 .debug_frame   0x00000000       0x2c C:/NXP/S32DS_ARM_v2.2/S32DS/build_tools/gcc_v6.3/gcc-6.3-arm32-eabi/arm-none-eabi/newlib/lib/thumb/v7e-m\libc.a(lib_a-init.o)
 .ARM.attributes
                0x00000000       0x2e C:/NXP/S32DS_ARM_v2.2/S32DS/build_tools/gcc_v6.3/gcc-6.3-arm32-eabi/arm-none-eabi/newlib/lib/thumb/v7e-m\libc.a(lib_a-init.o)
 .text          0x00000000        0x0 C:/NXP/S32DS_ARM_v2.2/S32DS/build_tools/gcc_v6.3/gcc-6.3-arm32-eabi/arm-none-eabi/newlib/lib/thumb/v7e-m\libc.a(lib_a-memset.o)
 .data          0x00000000        0x0 C:/NXP/S32DS_ARM_v2.2/S32DS/build_tools/gcc_v6.3/gcc-6.3-arm32-eabi/arm-none-eabi/newlib/lib/thumb/v7e-m\libc.a(lib_a-memset.o)
 .bss           0x00000000        0x0 C:/NXP/S32DS_ARM_v2.2/S32DS/build_tools/gcc_v6.3/gcc-6.3-arm32-eabi/arm-none-eabi/newlib/lib/thumb/v7e-m\libc.a(lib_a-memset.o)
 .text.memset   0x00000000       0x10 C:/NXP/S32DS_ARM_v2.2/S32DS/build_tools/gcc_v6.3/gcc-6.3-arm32-eabi/arm-none-eabi/newlib/lib/thumb/v7e-m\libc.a(lib_a-memset.o)
 .debug_frame   0x00000000       0x20 C:/NXP/S32DS_ARM_v2.2/S32DS/build_tools/gcc_v6.3/gcc-6.3-arm32-eabi/arm-none-eabi/newlib/lib/thumb/v7e-m\libc.a(lib_a-memset.o)
 .ARM.attributes
                0x00000000       0x2e C:/NXP/S32DS_ARM_v2.2/S32DS/build_tools/gcc_v6.3/gcc-6.3-arm32-eabi/arm-none-eabi/newlib/lib/thumb/v7e-m\libc.a(lib_a-memset.o)
 .text          0x00000000        0x0 C:/NXP/S32DS_ARM_v2.2/S32DS/build_tools/gcc_v6.3/gcc-6.3-arm32-eabi/arm-none-eabi/newlib/lib/thumb/v7e-m\libc.a(lib_a-__call_atexit.o)
 .data          0x00000000        0x0 C:/NXP/S32DS_ARM_v2.2/S32DS/build_tools/gcc_v6.3/gcc-6.3-arm32-eabi/arm-none-eabi/newlib/lib/thumb/v7e-m\libc.a(lib_a-__call_atexit.o)
 .bss           0x00000000        0x0 C:/NXP/S32DS_ARM_v2.2/S32DS/build_tools/gcc_v6.3/gcc-6.3-arm32-eabi/arm-none-eabi/newlib/lib/thumb/v7e-m\libc.a(lib_a-__call_atexit.o)
 .text.__call_exitprocs
                0x00000000       0xc8 C:/NXP/S32DS_ARM_v2.2/S32DS/build_tools/gcc_v6.3/gcc-6.3-arm32-eabi/arm-none-eabi/newlib/lib/thumb/v7e-m\libc.a(lib_a-__call_atexit.o)
 .text          0x00000000        0x0 C:/NXP/S32DS_ARM_v2.2/S32DS/build_tools/gcc_v6.3/gcc-6.3-arm32-eabi/arm-none-eabi/newlib/lib/thumb/v7e-m\libc.a(lib_a-fini.o)
 .data          0x00000000        0x0 C:/NXP/S32DS_ARM_v2.2/S32DS/build_tools/gcc_v6.3/gcc-6.3-arm32-eabi/arm-none-eabi/newlib/lib/thumb/v7e-m\libc.a(lib_a-fini.o)
 .bss           0x00000000        0x0 C:/NXP/S32DS_ARM_v2.2/S32DS/build_tools/gcc_v6.3/gcc-6.3-arm32-eabi/arm-none-eabi/newlib/lib/thumb/v7e-m\libc.a(lib_a-fini.o)
 .text          0x00000000        0x0 C:/NXP/S32DS_ARM_v2.2/S32DS/build_tools/gcc_v6.3/gcc-6.3-arm32-eabi/arm-none-eabi/newlib/lib/thumb/v7e-m\libc.a(lib_a-atexit.o)
 .data          0x00000000        0x0 C:/NXP/S32DS_ARM_v2.2/S32DS/build_tools/gcc_v6.3/gcc-6.3-arm32-eabi/arm-none-eabi/newlib/lib/thumb/v7e-m\libc.a(lib_a-atexit.o)
 .bss           0x00000000        0x0 C:/NXP/S32DS_ARM_v2.2/S32DS/build_tools/gcc_v6.3/gcc-6.3-arm32-eabi/arm-none-eabi/newlib/lib/thumb/v7e-m\libc.a(lib_a-atexit.o)
 .text          0x00000000        0x0 C:/NXP/S32DS_ARM_v2.2/S32DS/build_tools/gcc_v6.3/gcc-6.3-arm32-eabi/arm-none-eabi/newlib/lib/thumb/v7e-m\libc.a(lib_a-__atexit.o)
 .data          0x00000000        0x0 C:/NXP/S32DS_ARM_v2.2/S32DS/build_tools/gcc_v6.3/gcc-6.3-arm32-eabi/arm-none-eabi/newlib/lib/thumb/v7e-m\libc.a(lib_a-__atexit.o)
 .bss           0x00000000        0x0 C:/NXP/S32DS_ARM_v2.2/S32DS/build_tools/gcc_v6.3/gcc-6.3-arm32-eabi/arm-none-eabi/newlib/lib/thumb/v7e-m\libc.a(lib_a-__atexit.o)
 .text          0x00000000        0x0 C:/NXP/S32DS_ARM_v2.2/S32DS/build_tools/gcc_v6.3/gcc-6.3-arm32-eabi/arm-none-eabi/newlib/lib/thumb/v7e-m\libnosys.a(_exit.o)
 .data          0x00000000        0x0 C:/NXP/S32DS_ARM_v2.2/S32DS/build_tools/gcc_v6.3/gcc-6.3-arm32-eabi/arm-none-eabi/newlib/lib/thumb/v7e-m\libnosys.a(_exit.o)
 .bss           0x00000000        0x0 C:/NXP/S32DS_ARM_v2.2/S32DS/build_tools/gcc_v6.3/gcc-6.3-arm32-eabi/arm-none-eabi/newlib/lib/thumb/v7e-m\libnosys.a(_exit.o)
 .text._exit    0x00000000        0x2 C:/NXP/S32DS_ARM_v2.2/S32DS/build_tools/gcc_v6.3/gcc-6.3-arm32-eabi/arm-none-eabi/newlib/lib/thumb/v7e-m\libnosys.a(_exit.o)
 .debug_frame   0x00000000       0x20 C:/NXP/S32DS_ARM_v2.2/S32DS/build_tools/gcc_v6.3/gcc-6.3-arm32-eabi/arm-none-eabi/newlib/lib/thumb/v7e-m\libnosys.a(_exit.o)
 .ARM.attributes
                0x00000000       0x2e C:/NXP/S32DS_ARM_v2.2/S32DS/build_tools/gcc_v6.3/gcc-6.3-arm32-eabi/arm-none-eabi/newlib/lib/thumb/v7e-m\libnosys.a(_exit.o)
 .text          0x00000000        0x0 c:/nxp/s32ds_arm_v2.2/s32ds/build_tools/gcc_v6.3/gcc-6.3-arm32-eabi/bin/../lib/gcc/arm-none-eabi/6.3.1/thumb/v7e-m/crtend.o
 .data          0x00000000        0x0 c:/nxp/s32ds_arm_v2.2/s32ds/build_tools/gcc_v6.3/gcc-6.3-arm32-eabi/bin/../lib/gcc/arm-none-eabi/6.3.1/thumb/v7e-m/crtend.o
 .bss           0x00000000        0x0 c:/nxp/s32ds_arm_v2.2/s32ds/build_tools/gcc_v6.3/gcc-6.3-arm32-eabi/bin/../lib/gcc/arm-none-eabi/6.3.1/thumb/v7e-m/crtend.o
 .eh_frame      0x00000000        0x4 c:/nxp/s32ds_arm_v2.2/s32ds/build_tools/gcc_v6.3/gcc-6.3-arm32-eabi/bin/../lib/gcc/arm-none-eabi/6.3.1/thumb/v7e-m/crtend.o
 .text          0x00000000        0x0 c:/nxp/s32ds_arm_v2.2/s32ds/build_tools/gcc_v6.3/gcc-6.3-arm32-eabi/bin/../lib/gcc/arm-none-eabi/6.3.1/thumb/v7e-m/crtn.o
 .data          0x00000000        0x0 c:/nxp/s32ds_arm_v2.2/s32ds/build_tools/gcc_v6.3/gcc-6.3-arm32-eabi/bin/../lib/gcc/arm-none-eabi/6.3.1/thumb/v7e-m/crtn.o
 .bss           0x00000000        0x0 c:/nxp/s32ds_arm_v2.2/s32ds/build_tools/gcc_v6.3/gcc-6.3-arm32-eabi/bin/../lib/gcc/arm-none-eabi/6.3.1/thumb/v7e-m/crtn.o

Memory Configuration

Name             Origin             Length             Attributes
m_interrupts     0x1fff8000         0x00000400         xr
m_text           0x1fff8400         0x00007c00         xr
m_app            0x0000a000         0x00000500         rw
m_data           0x20000000         0x00007000         rw
m_custom_data    0x20005000         0x00000010         rw
*default*        0x00000000         0xffffffff

Linker script and memory map

LOAD c:/nxp/s32ds_arm_v2.2/s32ds/build_tools/gcc_v6.3/gcc-6.3-arm32-eabi/bin/../lib/gcc/arm-none-eabi/6.3.1/thumb/v7e-m/crti.o
LOAD c:/nxp/s32ds_arm_v2.2/s32ds/build_tools/gcc_v6.3/gcc-6.3-arm32-eabi/bin/../lib/gcc/arm-none-eabi/6.3.1/thumb/v7e-m/crtbegin.o
LOAD C:/NXP/S32DS_ARM_v2.2/S32DS/build_tools/gcc_v6.3/gcc-6.3-arm32-eabi/arm-none-eabi/newlib/lib/thumb/v7e-m/crt0.o
LOAD ./Project_Settings/Startup_Code/Initialize_Stack.o
LOAD ./Project_Settings/Startup_Code/startup.o
LOAD ./Project_Settings/Startup_Code/startup_S32K144.o
LOAD ./Project_Settings/Startup_Code/system_S32K144.o
LOAD ./mylib/LPUART1.o
LOAD ./mylib/clock.o
LOAD ./mylib/gpio.o
LOAD ./mylib/lpit.o
LOAD ./src/main.o
START GROUP
LOAD c:/nxp/s32ds_arm_v2.2/s32ds/build_tools/gcc_v6.3/gcc-6.3-arm32-eabi/bin/../lib/gcc/arm-none-eabi/6.3.1/thumb/v7e-m\libgcc.a
LOAD C:/NXP/S32DS_ARM_v2.2/S32DS/build_tools/gcc_v6.3/gcc-6.3-arm32-eabi/arm-none-eabi/newlib/lib/thumb/v7e-m\libc.a
END GROUP
START GROUP
LOAD c:/nxp/s32ds_arm_v2.2/s32ds/build_tools/gcc_v6.3/gcc-6.3-arm32-eabi/bin/../lib/gcc/arm-none-eabi/6.3.1/thumb/v7e-m\libgcc.a
LOAD C:/NXP/S32DS_ARM_v2.2/S32DS/build_tools/gcc_v6.3/gcc-6.3-arm32-eabi/arm-none-eabi/newlib/lib/thumb/v7e-m\libc.a
LOAD C:/NXP/S32DS_ARM_v2.2/S32DS/build_tools/gcc_v6.3/gcc-6.3-arm32-eabi/arm-none-eabi/newlib/lib/thumb/v7e-m\libnosys.a
END GROUP
LOAD c:/nxp/s32ds_arm_v2.2/s32ds/build_tools/gcc_v6.3/gcc-6.3-arm32-eabi/bin/../lib/gcc/arm-none-eabi/6.3.1/thumb/v7e-m/crtend.o
LOAD c:/nxp/s32ds_arm_v2.2/s32ds/build_tools/gcc_v6.3/gcc-6.3-arm32-eabi/bin/../lib/gcc/arm-none-eabi/6.3.1/thumb/v7e-m/crtn.o
                0x00000400                HEAP_SIZE = DEFINED (__heap_size__)?__heap_size__:0x400
                0x00000400                STACK_SIZE = DEFINED (__stack_size__)?__stack_size__:0x400

.interrupts     0x1fff8000      0x400
                0x1fff8000                __VECTOR_TABLE = .
                0x1fff8000                __interrupts_start__ = .
                0x1fff8000                . = ALIGN (0x4)
 *(.isr_vector)
 .isr_vector    0x1fff8000      0x400 ./Project_Settings/Startup_Code/startup_S32K144.o
                0x1fff8000                __isr_vector
                0x1fff8400                __interrupts_end__ = .
                0x1fff8400                . = ALIGN (0x4)
                0x1fff8000                __VECTOR_RAM = __VECTOR_TABLE
                0x00000000                __RAM_VECTOR_TABLE_SIZE = 0x0

.text           0x1fff8400      0x9c8
                0x1fff8400                . = ALIGN (0x4)
 *(.text)
 .text          0x1fff8400       0xa4 c:/nxp/s32ds_arm_v2.2/s32ds/build_tools/gcc_v6.3/gcc-6.3-arm32-eabi/bin/../lib/gcc/arm-none-eabi/6.3.1/thumb/v7e-m/crtbegin.o
 .text          0x1fff84a4        0xc ./Project_Settings/Startup_Code/Initialize_Stack.o
                0x1fff84a4                init_stack
 .text          0x1fff84b0       0x48 ./Project_Settings/Startup_Code/startup_S32K144.o
                0x1fff84b0                Reset_Handler
                0x1fff84f4                DebugMon_Handler
                0x1fff84f4                Reserved88_IRQHandler
                0x1fff84f4                CAN0_ORed_IRQHandler
                0x1fff84f4                HardFault_Handler
                0x1fff84f4                Reserved86_IRQHandler
                0x1fff84f4                Reserved103_IRQHandler
                0x1fff84f4                SysTick_Handler
                0x1fff84f4                FTM2_Ovf_Reload_IRQHandler
                0x1fff84f4                Reserved50_IRQHandler
                0x1fff84f4                FTFC_Fault_IRQHandler
                0x1fff84f4                FTM0_Ch6_Ch7_IRQHandler
                0x1fff84f4                Reserved114_IRQHandler
                0x1fff84f4                PendSV_Handler
                0x1fff84f4                NMI_Handler
                0x1fff84f4                Reserved89_IRQHandler
                0x1fff84f4                ERM_double_fault_IRQHandler
                0x1fff84f4                DMA2_IRQHandler
                0x1fff84f4                Reserved59_IRQHandler
                0x1fff84f4                Reserved99_IRQHandler
                0x1fff84f4                FTM3_Ch6_Ch7_IRQHandler
                0x1fff84f4                CAN2_ORed_0_15_MB_IRQHandler
                0x1fff84f4                LPIT0_Ch3_IRQHandler
                0x1fff84f4                Reserved92_IRQHandler
                0x1fff84f4                FTM0_Ch4_Ch5_IRQHandler
                0x1fff84f4                CAN1_Error_IRQHandler
                0x1fff84f4                FTM3_Ch0_Ch1_IRQHandler
                0x1fff84f4                SWI_IRQHandler
                0x1fff84f4                ADC0_IRQHandler
                0x1fff84f4                FTM2_Ch4_Ch5_IRQHandler
                0x1fff84f4                UsageFault_Handler
                0x1fff84f4                FTM0_Ovf_Reload_IRQHandler
                0x1fff84f4                DefaultISR
                0x1fff84f4                DMA9_IRQHandler
                0x1fff84f4                Reserved58_IRQHandler
                0x1fff84f4                CAN1_ORed_0_15_MB_IRQHandler
                0x1fff84f4                FTM1_Ch2_Ch3_IRQHandler
                0x1fff84f4                DMA14_IRQHandler
                0x1fff84f4                Reserved82_IRQHandler
                0x1fff84f4                CAN0_ORed_16_31_MB_IRQHandler
                0x1fff84f4                LPI2C0_Slave_IRQHandler
                0x1fff84f4                Reserved71_IRQHandler
                0x1fff84f4                PORTD_IRQHandler
                0x1fff84f4                Reserved69_IRQHandler
                0x1fff84f4                PORTB_IRQHandler
                0x1fff84f4                Reserved70_IRQHandler
                0x1fff84f4                ADC1_IRQHandler
                0x1fff84f4                FTM2_Ch2_Ch3_IRQHandler
                0x1fff84f4                Reserved53_IRQHandler
                0x1fff84f4                DMA5_IRQHandler
                0x1fff84f4                RTC_IRQHandler
                0x1fff84f4                PDB0_IRQHandler
                0x1fff84f4                Reserved54_IRQHandler
                0x1fff84f4                FTM2_Ch6_Ch7_IRQHandler
                0x1fff84f4                FTM3_Ch2_Ch3_IRQHandler
                0x1fff84f4                FTM2_Ch0_Ch1_IRQHandler
                0x1fff84f4                LPSPI1_IRQHandler
                0x1fff84f4                LPUART1_RxTx_IRQHandler
                0x1fff84f4                RTC_Seconds_IRQHandler
                0x1fff84f4                CAN2_ORed_IRQHandler
                0x1fff84f4                Reserved72_IRQHandler
                0x1fff84f4                Reserved110_IRQHandler
                0x1fff84f4                DMA11_IRQHandler
                0x1fff84f4                Reserved107_IRQHandler
                0x1fff84f4                Read_Collision_IRQHandler
                0x1fff84f4                CAN2_Error_IRQHandler
                0x1fff84f4                FTFC_IRQHandler
                0x1fff84f4                DMA7_IRQHandler
                0x1fff84f4                FTM1_Ch6_Ch7_IRQHandler
                0x1fff84f4                Reserved105_IRQHandler
                0x1fff84f4                FTM1_Ch4_Ch5_IRQHandler
                0x1fff84f4                FTM3_Ovf_Reload_IRQHandler
                0x1fff84f4                LPUART2_RxTx_IRQHandler
                0x1fff84f4                LPSPI0_IRQHandler
                0x1fff84f4                WDOG_EWM_IRQHandler
                0x1fff84f4                MemManage_Handler
                0x1fff84f4                Reserved90_IRQHandler
                0x1fff84f4                Reserved83_IRQHandler
                0x1fff84f4                FTM0_Fault_IRQHandler
                0x1fff84f4                Reserved48_IRQHandler
                0x1fff84f4                SVC_Handler
                0x1fff84f4                ERM_single_fault_IRQHandler
                0x1fff84f4                FTM2_Fault_IRQHandler
                0x1fff84f4                FTM0_Ch2_Ch3_IRQHandler
                0x1fff84f4                DMA13_IRQHandler
                0x1fff84f4                FTM0_Ch0_Ch1_IRQHandler
                0x1fff84f4                FTM3_Fault_IRQHandler
                0x1fff84f4                RCM_IRQHandler
                0x1fff84f4                DMA3_IRQHandler
                0x1fff84f4                Reserved100_IRQHandler
                0x1fff84f4                DMA0_IRQHandler
                0x1fff84f4                Reserved91_IRQHandler
                0x1fff84f4                CAN1_ORed_IRQHandler
                0x1fff84f4                DMA15_IRQHandler
                0x1fff84f4                SCG_IRQHandler
                0x1fff84f4                PDB1_IRQHandler
                0x1fff84f4                Reserved81_IRQHandler
                0x1fff84f4                Reserved46_IRQHandler
                0x1fff84f4                Reserved45_IRQHandler
                0x1fff84f4                CAN0_Error_IRQHandler
                0x1fff84f4                Reserved112_IRQHandler
                0x1fff84f4                LPI2C0_Master_IRQHandler
                0x1fff84f4                DMA4_IRQHandler
                0x1fff84f4                FTM1_Fault_IRQHandler
                0x1fff84f4                Reserved106_IRQHandler
                0x1fff84f4                DMA_Error_IRQHandler
                0x1fff84f4                LVD_LVW_IRQHandler
                0x1fff84f4                LPIT0_Ch2_IRQHandler
                0x1fff84f4                PORTA_IRQHandler
                0x1fff84f4                MCM_IRQHandler
                0x1fff84f4                LPSPI2_IRQHandler
                0x1fff84f4                DMA12_IRQHandler
                0x1fff84f4                FTM3_Ch4_Ch5_IRQHandler
                0x1fff84f4                CAN0_ORed_0_15_MB_IRQHandler
                0x1fff84f4                PORTE_IRQHandler
                0x1fff84f4                LPUART0_RxTx_IRQHandler
                0x1fff84f4                LPTMR0_IRQHandler
                0x1fff84f4                BusFault_Handler
                0x1fff84f4                Reserved87_IRQHandler
                0x1fff84f4                FTM1_Ovf_Reload_IRQHandler
                0x1fff84f4                DMA8_IRQHandler
                0x1fff84f4                Reserved93_IRQHandler
                0x1fff84f4                DMA10_IRQHandler
                0x1fff84f4                CAN0_Wake_Up_IRQHandler
                0x1fff84f4                CMP0_IRQHandler
                0x1fff84f4                Reserved52_IRQHandler
                0x1fff84f4                DMA6_IRQHandler
                0x1fff84f4                FTM1_Ch0_Ch1_IRQHandler
                0x1fff84f4                FLEXIO_IRQHandler
                0x1fff84f4                DMA1_IRQHandler
                0x1fff84f4                Reserved113_IRQHandler
 *(.text*)
 .text.init_data_bss
                0x1fff84f8      0x128 ./Project_Settings/Startup_Code/startup.o
                0x1fff84f8                init_data_bss
 .text.SystemInit
                0x1fff8620       0x30 ./Project_Settings/Startup_Code/system_S32K144.o
                0x1fff8620                SystemInit
 .text.LPUART1_Init
                0x1fff8650       0xe4 ./mylib/LPUART1.o
                0x1fff8650                LPUART1_Init
 .text.LPUART1_transmit_char
                0x1fff8734       0x30 ./mylib/LPUART1.o
                0x1fff8734                LPUART1_transmit_char
 .text.LPUART1_transmit_string
                0x1fff8764       0x36 ./mylib/LPUART1.o
                0x1fff8764                LPUART1_transmit_string
 *fill*         0x1fff879a        0x2 
 .text.LPUART1_transmit_number
                0x1fff879c       0x50 ./mylib/LPUART1.o
                0x1fff879c                LPUART1_transmit_number
 .text.FIRCDIV2_Init_6MHz
                0x1fff87ec       0x74 ./mylib/clock.o
                0x1fff87ec                FIRCDIV2_Init_6MHz
 .text.LED_Init
                0x1fff8860       0x7c ./mylib/gpio.o
                0x1fff8860                LED_Init
 .text.BUTTON_Init
                0x1fff88dc       0x64 ./mylib/gpio.o
                0x1fff88dc                BUTTON_Init
 .text.LPIT0_Init
                0x1fff8940       0x5c ./mylib/lpit.o
                0x1fff8940                LPIT0_Init
 .text.LPIT0_Ch0_Config
                0x1fff899c       0x48 ./mylib/lpit.o
                0x1fff899c                LPIT0_Ch0_Config
 .text.LPIT0_Ch1_Config
                0x1fff89e4       0x48 ./mylib/lpit.o
                0x1fff89e4                LPIT0_Ch1_Config
 .text.LPIT0_Ch0_IRQHandler
                0x1fff8a2c       0x28 ./src/main.o
                0x1fff8a2c                LPIT0_Ch0_IRQHandler
 .text.LPIT0_Ch1_IRQHandler
                0x1fff8a54       0x3c ./src/main.o
                0x1fff8a54                LPIT0_Ch1_IRQHandler
 .text.PORTC_IRQHandler
                0x1fff8a90       0x58 ./src/main.o
                0x1fff8a90                PORTC_IRQHandler
 .text.main     0x1fff8ae8      0x1b4 ./src/main.o
                0x1fff8ae8                main
 .text.startup.register_fini
                0x1fff8c9c       0x14 C:/NXP/S32DS_ARM_v2.2/S32DS/build_tools/gcc_v6.3/gcc-6.3-arm32-eabi/arm-none-eabi/newlib/lib/thumb/v7e-m\libc.a(lib_a-__call_atexit.o)
 .text.__libc_fini_array
                0x1fff8cb0       0x28 C:/NXP/S32DS_ARM_v2.2/S32DS/build_tools/gcc_v6.3/gcc-6.3-arm32-eabi/arm-none-eabi/newlib/lib/thumb/v7e-m\libc.a(lib_a-fini.o)
                0x1fff8cb0                __libc_fini_array
 .text.atexit   0x1fff8cd8        0xc C:/NXP/S32DS_ARM_v2.2/S32DS/build_tools/gcc_v6.3/gcc-6.3-arm32-eabi/arm-none-eabi/newlib/lib/thumb/v7e-m\libc.a(lib_a-atexit.o)
                0x1fff8cd8                atexit
 .text.__register_exitproc
                0x1fff8ce4       0x98 C:/NXP/S32DS_ARM_v2.2/S32DS/build_tools/gcc_v6.3/gcc-6.3-arm32-eabi/arm-none-eabi/newlib/lib/thumb/v7e-m\libc.a(lib_a-__atexit.o)
                0x1fff8ce4                __register_exitproc
 *(.rodata)
 .rodata        0x1fff8d7c       0x2e ./src/main.o
 *(.rodata*)
 *fill*         0x1fff8daa        0x2 
 .rodata._global_impure_ptr
                0x1fff8dac        0x4 C:/NXP/S32DS_ARM_v2.2/S32DS/build_tools/gcc_v6.3/gcc-6.3-arm32-eabi/arm-none-eabi/newlib/lib/thumb/v7e-m\libc.a(lib_a-impure.o)
                0x1fff8dac                _global_impure_ptr
 *(.glue_7)
 .glue_7        0x1fff8db0        0x0 linker stubs
 *(.glue_7t)
 .glue_7t       0x1fff8db0        0x0 linker stubs
 *(.eh_frame)
 .eh_frame      0x1fff8db0        0x0 c:/nxp/s32ds_arm_v2.2/s32ds/build_tools/gcc_v6.3/gcc-6.3-arm32-eabi/bin/../lib/gcc/arm-none-eabi/6.3.1/thumb/v7e-m/crtbegin.o
 *(.init)
 .init          0x1fff8db0        0x4 c:/nxp/s32ds_arm_v2.2/s32ds/build_tools/gcc_v6.3/gcc-6.3-arm32-eabi/bin/../lib/gcc/arm-none-eabi/6.3.1/thumb/v7e-m/crti.o
                0x1fff8db0                _init
 .init          0x1fff8db4        0x8 c:/nxp/s32ds_arm_v2.2/s32ds/build_tools/gcc_v6.3/gcc-6.3-arm32-eabi/bin/../lib/gcc/arm-none-eabi/6.3.1/thumb/v7e-m/crtn.o
 *(.fini)
 .fini          0x1fff8dbc        0x4 c:/nxp/s32ds_arm_v2.2/s32ds/build_tools/gcc_v6.3/gcc-6.3-arm32-eabi/bin/../lib/gcc/arm-none-eabi/6.3.1/thumb/v7e-m/crti.o
                0x1fff8dbc                _fini
 .fini          0x1fff8dc0        0x8 c:/nxp/s32ds_arm_v2.2/s32ds/build_tools/gcc_v6.3/gcc-6.3-arm32-eabi/bin/../lib/gcc/arm-none-eabi/6.3.1/thumb/v7e-m/crtn.o
                0x1fff8dc8                . = ALIGN (0x4)

.vfp11_veneer   0x1fff8dc8        0x0
 .vfp11_veneer  0x1fff8dc8        0x0 linker stubs

.v4_bx          0x1fff8dc8        0x0
 .v4_bx         0x1fff8dc8        0x0 linker stubs

.iplt           0x1fff8dc8        0x0
 .iplt          0x1fff8dc8        0x0 c:/nxp/s32ds_arm_v2.2/s32ds/build_tools/gcc_v6.3/gcc-6.3-arm32-eabi/bin/../lib/gcc/arm-none-eabi/6.3.1/thumb/v7e-m/crtbegin.o

.flash_blinkled
                0x0000a000       0xb4
                0x0000a000                . = ALIGN (0x4)
                0x0000a000                Blink_Led = 0xa000
 *(.flash_blinkled)
 .flash_blinkled
                0x0000a000       0xb4 ./src/main.o

.rel.dyn        0x0000a0b4        0x0
 .rel.iplt      0x0000a0b4        0x0 c:/nxp/s32ds_arm_v2.2/s32ds/build_tools/gcc_v6.3/gcc-6.3-arm32-eabi/bin/../lib/gcc/arm-none-eabi/6.3.1/thumb/v7e-m/crtbegin.o

.code_ram       0x1fff8dc8        0x0
                0x1fff8dc8                . = ALIGN (0x4)
                0x1fff8dc8                __CODE_RAM = .
                0x1fff8dc8                __code_ram_start__ = .
 *(.code_ram)
                0x1fff8dc8                __CODE_ROM = .
                0x1fff8dc8                __CODE_END = .
                0x1fff8dc8                __code_ram_end__ = .
                0x1fff8dc8                . = ALIGN (0x4)

.ARM.extab
 *(.ARM.extab* .gnu.linkonce.armextab.*)

.ARM            0x1fff8dc8        0x0
                0x1fff8dc8                __exidx_start = .
 *(.ARM.exidx*)
                0x1fff8dc8                __exidx_end = .

.ctors          0x1fff8dc8        0x0
                0x1fff8dc8                __CTOR_LIST__ = .
 *crtbegin.o(.ctors)
 *crtbegin?.o(.ctors)
 *(EXCLUDE_FILE(*crtend.o *crtend?.o) .ctors)
 *(SORT(.ctors.*))
 *(.ctors)
                0x1fff8dc8                __CTOR_END__ = .

.dtors          0x1fff8dc8        0x0
                0x1fff8dc8                __DTOR_LIST__ = .
 *crtbegin.o(.dtors)
 *crtbegin?.o(.dtors)
 *(EXCLUDE_FILE(*crtend.o *crtend?.o) .dtors)
 *(SORT(.dtors.*))
 *(.dtors)
                0x1fff8dc8                __DTOR_END__ = .

.preinit_array  0x1fff8dc8        0x0
                0x1fff8dc8                PROVIDE (__preinit_array_start, .)
 *(.preinit_array*)
                0x1fff8dc8                PROVIDE (__preinit_array_end, .)

.init_array     0x1fff8dc8        0x8
                0x1fff8dc8                PROVIDE (__init_array_start, .)
 *(SORT(.init_array.*))
 .init_array.00000
                0x1fff8dc8        0x4 C:/NXP/S32DS_ARM_v2.2/S32DS/build_tools/gcc_v6.3/gcc-6.3-arm32-eabi/arm-none-eabi/newlib/lib/thumb/v7e-m\libc.a(lib_a-__call_atexit.o)
 *(.init_array*)
 .init_array    0x1fff8dcc        0x4 c:/nxp/s32ds_arm_v2.2/s32ds/build_tools/gcc_v6.3/gcc-6.3-arm32-eabi/bin/../lib/gcc/arm-none-eabi/6.3.1/thumb/v7e-m/crtbegin.o
                0x1fff8dd0                PROVIDE (__init_array_end, .)

.fini_array     0x1fff8dd0        0x4
                0x1fff8dd0                PROVIDE (__fini_array_start, .)
 *(SORT(.fini_array.*))
 *(.fini_array*)
 .fini_array    0x1fff8dd0        0x4 c:/nxp/s32ds_arm_v2.2/s32ds/build_tools/gcc_v6.3/gcc-6.3-arm32-eabi/bin/../lib/gcc/arm-none-eabi/6.3.1/thumb/v7e-m/crtbegin.o
                0x1fff8dd4                PROVIDE (__fini_array_end, .)
                0x1fff8dd4                __etext = .
                0x1fff8dd4                __DATA_ROM = .
                0x1fff8dd4                __DATA_END = __DATA_ROM

.customSectionBlock
                0x20000000        0x0
                0x20000000                __customSection_start__ = .
 *(.customSection)
                0x20000000                __customSection_end__ = .
                0x20000000                __CUSTOM_ROM = .
                0x20000000                __CUSTOM_END = .

.variable       0x20005000        0x1
 *(.my_data)
 .my_data       0x20005000        0x1 ./src/main.o
                0x20005000                counter_variable
 *(.my_data*)
 *(.variable)

.data           0x20000000      0x41c
                0x20000000                . = ALIGN (0x4)
                0x20000000                __DATA_RAM = .
                0x20000000                __data_start__ = .
 *(.data)
 *(.data*)
 .data.impure_data
                0x20000000      0x418 C:/NXP/S32DS_ARM_v2.2/S32DS/build_tools/gcc_v6.3/gcc-6.3-arm32-eabi/arm-none-eabi/newlib/lib/thumb/v7e-m\libc.a(lib_a-impure.o)
 *(.jcr*)
 .jcr           0x20000418        0x0 c:/nxp/s32ds_arm_v2.2/s32ds/build_tools/gcc_v6.3/gcc-6.3-arm32-eabi/bin/../lib/gcc/arm-none-eabi/6.3.1/thumb/v7e-m/crtbegin.o
 .jcr           0x20000418        0x4 c:/nxp/s32ds_arm_v2.2/s32ds/build_tools/gcc_v6.3/gcc-6.3-arm32-eabi/bin/../lib/gcc/arm-none-eabi/6.3.1/thumb/v7e-m/crtend.o
                0x2000041c                . = ALIGN (0x4)
                0x2000041c                __data_end__ = .

.tm_clone_table
                0x2000041c        0x0
 .tm_clone_table
                0x2000041c        0x0 c:/nxp/s32ds_arm_v2.2/s32ds/build_tools/gcc_v6.3/gcc-6.3-arm32-eabi/bin/../lib/gcc/arm-none-eabi/6.3.1/thumb/v7e-m/crtbegin.o
 .tm_clone_table
                0x2000041c        0x0 c:/nxp/s32ds_arm_v2.2/s32ds/build_tools/gcc_v6.3/gcc-6.3-arm32-eabi/bin/../lib/gcc/arm-none-eabi/6.3.1/thumb/v7e-m/crtend.o

.igot.plt       0x2000041c        0x0
 .igot.plt      0x2000041c        0x0 c:/nxp/s32ds_arm_v2.2/s32ds/build_tools/gcc_v6.3/gcc-6.3-arm32-eabi/bin/../lib/gcc/arm-none-eabi/6.3.1/thumb/v7e-m/crtbegin.o

.bss            0x2000041c       0x24
                0x2000041c                . = ALIGN (0x4)
                0x2000041c                __BSS_START = .
                0x2000041c                __bss_start__ = .
 *(.bss)
 .bss           0x2000041c       0x1c c:/nxp/s32ds_arm_v2.2/s32ds/build_tools/gcc_v6.3/gcc-6.3-arm32-eabi/bin/../lib/gcc/arm-none-eabi/6.3.1/thumb/v7e-m/crtbegin.o
 *(.bss*)
 .bss.led_state
                0x20000438        0x1 ./src/main.o
 .bss.LPIT0_Ch0_flag
                0x20000439        0x1 ./src/main.o
 .bss.button1_flag
                0x2000043a        0x1 ./src/main.o
 .bss.button2_flag
                0x2000043b        0x1 ./src/main.o
 .bss.time_state.5452
                0x2000043c        0x1 ./src/main.o
 *(COMMON)
                0x20000440                . = ALIGN (0x4)
 *fill*         0x2000043d        0x3 
                0x20000440                __bss_end__ = .
                0x20000440                __BSS_END = .

.heap           0x20000440      0x400
                0x20000440                . = ALIGN (0x8)
                0x20000440                __end__ = .
                0x20000440                __heap_start__ = .
                [!provide]                PROVIDE (end, .)
                [!provide]                PROVIDE (_end, .)
                [!provide]                PROVIDE (__end, .)
                0x20000440                __HeapBase = .
                0x20000840                . = (. + HEAP_SIZE)
 *fill*         0x20000440      0x400 
                0x20000840                __HeapLimit = .
                0x20000840                __heap_limit = .
                0x20000840                __heap_end__ = .
                0x20007000                __StackTop = (ORIGIN (m_data) + LENGTH (m_data))
                0x20006c00                __StackLimit = (__StackTop - STACK_SIZE)
                0x20007000                PROVIDE (__stack, __StackTop)

.stack          0x20006c00      0x400
                0x20006c00                . = ALIGN (0x8)
                0x20006c00                __stack_start__ = .
                0x20007000                . = (. + STACK_SIZE)
 *fill*         0x20006c00      0x400 
                0x20007000                __stack_end__ = .
                0x2000041c                __START_BSS = __BSS_START
                0x20000440                __END_BSS = __BSS_END
                0x20007000                __SP_INIT = __StackTop

.ARM.attributes
                0x00000000       0x2a
 *(.ARM.attributes)
 .ARM.attributes
                0x00000000       0x1e c:/nxp/s32ds_arm_v2.2/s32ds/build_tools/gcc_v6.3/gcc-6.3-arm32-eabi/bin/../lib/gcc/arm-none-eabi/6.3.1/thumb/v7e-m/crti.o
 .ARM.attributes
                0x0000001e       0x2e c:/nxp/s32ds_arm_v2.2/s32ds/build_tools/gcc_v6.3/gcc-6.3-arm32-eabi/bin/../lib/gcc/arm-none-eabi/6.3.1/thumb/v7e-m/crtbegin.o
 .ARM.attributes
                0x0000004c       0x1b ./Project_Settings/Startup_Code/Initialize_Stack.o
 .ARM.attributes
                0x00000067       0x33 ./Project_Settings/Startup_Code/startup.o
 .ARM.attributes
                0x0000009a       0x1b ./Project_Settings/Startup_Code/startup_S32K144.o
 .ARM.attributes
                0x000000b5       0x33 ./Project_Settings/Startup_Code/system_S32K144.o
 .ARM.attributes
                0x000000e8       0x33 ./mylib/LPUART1.o
 .ARM.attributes
                0x0000011b       0x33 ./mylib/clock.o
 .ARM.attributes
                0x0000014e       0x33 ./mylib/gpio.o
 .ARM.attributes
                0x00000181       0x33 ./mylib/lpit.o
 .ARM.attributes
                0x000001b4       0x33 ./src/main.o
 .ARM.attributes
                0x000001e7       0x2e C:/NXP/S32DS_ARM_v2.2/S32DS/build_tools/gcc_v6.3/gcc-6.3-arm32-eabi/arm-none-eabi/newlib/lib/thumb/v7e-m\libc.a(lib_a-impure.o)
 .ARM.attributes
                0x00000215       0x2e C:/NXP/S32DS_ARM_v2.2/S32DS/build_tools/gcc_v6.3/gcc-6.3-arm32-eabi/arm-none-eabi/newlib/lib/thumb/v7e-m\libc.a(lib_a-__call_atexit.o)
 .ARM.attributes
                0x00000243       0x2e C:/NXP/S32DS_ARM_v2.2/S32DS/build_tools/gcc_v6.3/gcc-6.3-arm32-eabi/arm-none-eabi/newlib/lib/thumb/v7e-m\libc.a(lib_a-fini.o)
 .ARM.attributes
                0x00000271       0x2e C:/NXP/S32DS_ARM_v2.2/S32DS/build_tools/gcc_v6.3/gcc-6.3-arm32-eabi/arm-none-eabi/newlib/lib/thumb/v7e-m\libc.a(lib_a-atexit.o)
 .ARM.attributes
                0x0000029f       0x2e C:/NXP/S32DS_ARM_v2.2/S32DS/build_tools/gcc_v6.3/gcc-6.3-arm32-eabi/arm-none-eabi/newlib/lib/thumb/v7e-m\libc.a(lib_a-__atexit.o)
 .ARM.attributes
                0x000002cd       0x2e c:/nxp/s32ds_arm_v2.2/s32ds/build_tools/gcc_v6.3/gcc-6.3-arm32-eabi/bin/../lib/gcc/arm-none-eabi/6.3.1/thumb/v7e-m/crtend.o
 .ARM.attributes
                0x000002fb       0x1e c:/nxp/s32ds_arm_v2.2/s32ds/build_tools/gcc_v6.3/gcc-6.3-arm32-eabi/bin/../lib/gcc/arm-none-eabi/6.3.1/thumb/v7e-m/crtn.o
                0x00000001                ASSERT ((__StackLimit >= __HeapLimit), region m_data overflowed with stack and heap)

/DISCARD/
 *(.FlashConfig)
OUTPUT(exercise_1.elf elf32-littlearm)

.comment        0x00000000       0xa0
 .comment       0x00000000       0xa0 c:/nxp/s32ds_arm_v2.2/s32ds/build_tools/gcc_v6.3/gcc-6.3-arm32-eabi/bin/../lib/gcc/arm-none-eabi/6.3.1/thumb/v7e-m/crtbegin.o
                                 0xa1 (size before relaxing)
 .comment       0x000000a0       0xa1 ./Project_Settings/Startup_Code/startup.o
 .comment       0x000000a0       0xa1 ./Project_Settings/Startup_Code/system_S32K144.o
 .comment       0x000000a0       0xa1 ./mylib/LPUART1.o
 .comment       0x000000a0       0xa1 ./mylib/clock.o
 .comment       0x000000a0       0xa1 ./mylib/gpio.o
 .comment       0x000000a0       0xa1 ./mylib/lpit.o
 .comment       0x000000a0       0xa1 ./src/main.o
 .comment       0x000000a0       0xa1 c:/nxp/s32ds_arm_v2.2/s32ds/build_tools/gcc_v6.3/gcc-6.3-arm32-eabi/bin/../lib/gcc/arm-none-eabi/6.3.1/thumb/v7e-m/crtend.o

.debug_line     0x00000000     0x1ac1
 .debug_line    0x00000000       0x66 ./Project_Settings/Startup_Code/Initialize_Stack.o
 .debug_line    0x00000066      0x330 ./Project_Settings/Startup_Code/startup.o
 .debug_line    0x00000396       0x82 ./Project_Settings/Startup_Code/startup_S32K144.o
 .debug_line    0x00000418      0x34d ./Project_Settings/Startup_Code/system_S32K144.o
 .debug_line    0x00000765      0x3f1 ./mylib/LPUART1.o
 .debug_line    0x00000b56      0x3ca ./mylib/clock.o
 .debug_line    0x00000f20      0x39d ./mylib/gpio.o
 .debug_line    0x000012bd      0x3ac ./mylib/lpit.o
 .debug_line    0x00001669      0x458 ./src/main.o

.debug_info     0x00000000     0x3f8e
 .debug_info    0x00000000       0x26 ./Project_Settings/Startup_Code/Initialize_Stack.o
 .debug_info    0x00000026      0x471 ./Project_Settings/Startup_Code/startup.o
 .debug_info    0x00000497       0x26 ./Project_Settings/Startup_Code/startup_S32K144.o
 .debug_info    0x000004bd      0x522 ./Project_Settings/Startup_Code/system_S32K144.o
 .debug_info    0x000009df      0xa9e ./mylib/LPUART1.o
 .debug_info    0x0000147d      0xa7e ./mylib/clock.o
 .debug_info    0x00001efb      0x9a0 ./mylib/gpio.o
 .debug_info    0x0000289b      0xa67 ./mylib/lpit.o
 .debug_info    0x00003302      0xc8c ./src/main.o

.debug_abbrev   0x00000000      0xb13
 .debug_abbrev  0x00000000       0x14 ./Project_Settings/Startup_Code/Initialize_Stack.o
 .debug_abbrev  0x00000014      0x108 ./Project_Settings/Startup_Code/startup.o
 .debug_abbrev  0x0000011c       0x14 ./Project_Settings/Startup_Code/startup_S32K144.o
 .debug_abbrev  0x00000130      0x125 ./Project_Settings/Startup_Code/system_S32K144.o
 .debug_abbrev  0x00000255      0x210 ./mylib/LPUART1.o
 .debug_abbrev  0x00000465      0x180 ./mylib/clock.o
 .debug_abbrev  0x000005e5      0x177 ./mylib/gpio.o
 .debug_abbrev  0x0000075c      0x1ad ./mylib/lpit.o
 .debug_abbrev  0x00000909      0x20a ./src/main.o

.debug_aranges  0x00000000      0x198
 .debug_aranges
                0x00000000       0x20 ./Project_Settings/Startup_Code/Initialize_Stack.o
 .debug_aranges
                0x00000020       0x20 ./Project_Settings/Startup_Code/startup.o
 .debug_aranges
                0x00000040       0x20 ./Project_Settings/Startup_Code/startup_S32K144.o
 .debug_aranges
                0x00000060       0x30 ./Project_Settings/Startup_Code/system_S32K144.o
 .debug_aranges
                0x00000090       0x40 ./mylib/LPUART1.o
 .debug_aranges
                0x000000d0       0x30 ./mylib/clock.o
 .debug_aranges
                0x00000100       0x28 ./mylib/gpio.o
 .debug_aranges
                0x00000128       0x30 ./mylib/lpit.o
 .debug_aranges
                0x00000158       0x40 ./src/main.o

.debug_str      0x00000000    0x6d40e
 .debug_str     0x00000000       0x7b ./Project_Settings/Startup_Code/Initialize_Stack.o
 .debug_str     0x0000007b    0x68872 ./Project_Settings/Startup_Code/startup.o
                              0x68ada (size before relaxing)
 .debug_str     0x000688ed       0x33 ./Project_Settings/Startup_Code/startup_S32K144.o
                                 0x7a (size before relaxing)
 .debug_str     0x00068920      0x1f3 ./Project_Settings/Startup_Code/system_S32K144.o
                              0x688b3 (size before relaxing)
 .debug_str     0x00068b13     0x465a ./mylib/LPUART1.o
                               0x841f (size before relaxing)
 .debug_str     0x0006d16d       0x85 ./mylib/clock.o
                               0x8473 (size before relaxing)
 .debug_str     0x0006d1f2       0x5b ./mylib/gpio.o
                               0x8389 (size before relaxing)
 .debug_str     0x0006d24d       0x9c ./mylib/lpit.o
                               0x83f4 (size before relaxing)
 .debug_str     0x0006d2e9      0x125 ./src/main.o
                               0x8521 (size before relaxing)

.debug_ranges   0x00000000       0xe8
 .debug_ranges  0x00000000       0x10 ./Project_Settings/Startup_Code/startup.o
 .debug_ranges  0x00000010       0x20 ./Project_Settings/Startup_Code/system_S32K144.o
 .debug_ranges  0x00000030       0x30 ./mylib/LPUART1.o
 .debug_ranges  0x00000060       0x20 ./mylib/clock.o
 .debug_ranges  0x00000080       0x18 ./mylib/gpio.o
 .debug_ranges  0x00000098       0x20 ./mylib/lpit.o
 .debug_ranges  0x000000b8       0x30 ./src/main.o

.debug_macro    0x00000000    0x20e5e
 .debug_macro   0x00000000       0xb5 ./Project_Settings/Startup_Code/startup.o
 .debug_macro   0x000000b5      0x8d4 ./Project_Settings/Startup_Code/startup.o
 .debug_macro   0x00000989       0x22 ./Project_Settings/Startup_Code/startup.o
 .debug_macro   0x000009ab       0x87 ./Project_Settings/Startup_Code/startup.o
 .debug_macro   0x00000a32       0x51 ./Project_Settings/Startup_Code/startup.o
 .debug_macro   0x00000a83       0xef ./Project_Settings/Startup_Code/startup.o
 .debug_macro   0x00000b72       0x6a ./Project_Settings/Startup_Code/startup.o
 .debug_macro   0x00000bdc      0x1df ./Project_Settings/Startup_Code/startup.o
 .debug_macro   0x00000dbb       0x10 ./Project_Settings/Startup_Code/startup.o
 .debug_macro   0x00000dcb       0x7a ./Project_Settings/Startup_Code/startup.o
 .debug_macro   0x00000e45     0xed32 ./Project_Settings/Startup_Code/startup.o
 .debug_macro   0x0000fb77      0xb86 ./Project_Settings/Startup_Code/startup.o
 .debug_macro   0x000106fd       0x22 ./Project_Settings/Startup_Code/startup.o
 .debug_macro   0x0001071f       0x40 ./Project_Settings/Startup_Code/startup.o
 .debug_macro   0x0001075f       0xb5 ./Project_Settings/Startup_Code/system_S32K144.o
 .debug_macro   0x00010814       0x19 ./Project_Settings/Startup_Code/system_S32K144.o
 .debug_macro   0x0001082d     0xed1d ./Project_Settings/Startup_Code/system_S32K144.o
 .debug_macro   0x0001f54a       0x28 ./Project_Settings/Startup_Code/system_S32K144.o
 .debug_macro   0x0001f572      0x1e5 ./mylib/LPUART1.o
 .debug_macro   0x0001f757       0x4c ./mylib/LPUART1.o
 .debug_macro   0x0001f7a3       0x8d ./mylib/LPUART1.o
 .debug_macro   0x0001f830       0x3c ./mylib/LPUART1.o
 .debug_macro   0x0001f86c       0x9c ./mylib/LPUART1.o
 .debug_macro   0x0001f908       0x16 ./mylib/LPUART1.o
 .debug_macro   0x0001f91e       0x57 ./mylib/LPUART1.o
 .debug_macro   0x0001f975       0x97 ./mylib/LPUART1.o
 .debug_macro   0x0001fa0c      0x30d ./mylib/LPUART1.o
 .debug_macro   0x0001fd19       0xfd ./mylib/LPUART1.o
 .debug_macro   0x0001fe16       0x10 ./mylib/LPUART1.o
 .debug_macro   0x0001fe26       0x52 ./mylib/LPUART1.o
 .debug_macro   0x0001fe78       0x1f ./mylib/LPUART1.o
 .debug_macro   0x0001fe97       0x43 ./mylib/LPUART1.o
 .debug_macro   0x0001feda       0x20 ./mylib/LPUART1.o
 .debug_macro   0x0001fefa      0x1a3 ./mylib/LPUART1.o
 .debug_macro   0x0002009d       0x10 ./mylib/LPUART1.o
 .debug_macro   0x000200ad       0x1c ./mylib/LPUART1.o
 .debug_macro   0x000200c9       0x52 ./mylib/LPUART1.o
 .debug_macro   0x0002011b       0x40 ./mylib/LPUART1.o
 .debug_macro   0x0002015b       0x10 ./mylib/LPUART1.o
 .debug_macro   0x0002016b       0x40 ./mylib/LPUART1.o
 .debug_macro   0x000201ab       0xd7 ./mylib/LPUART1.o
 .debug_macro   0x00020282       0x16 ./mylib/LPUART1.o
 .debug_macro   0x00020298      0x161 ./mylib/LPUART1.o
 .debug_macro   0x000203f9       0x16 ./mylib/LPUART1.o
 .debug_macro   0x0002040f       0x35 ./mylib/LPUART1.o
 .debug_macro   0x00020444      0x24a ./mylib/LPUART1.o
 .debug_macro   0x0002068e      0x1fd ./mylib/clock.o
 .debug_macro   0x0002088b      0x1e5 ./mylib/gpio.o
 .debug_macro   0x00020a70      0x1e5 ./mylib/lpit.o
 .debug_macro   0x00020c55      0x209 ./src/main.o

.debug_frame    0x00000000      0x440
 .debug_frame   0x00000000       0x38 ./Project_Settings/Startup_Code/startup.o
 .debug_frame   0x00000038       0x80 ./Project_Settings/Startup_Code/system_S32K144.o
 .debug_frame   0x000000b8       0xc8 ./mylib/LPUART1.o
 .debug_frame   0x00000180       0x70 ./mylib/clock.o
 .debug_frame   0x000001f0       0x50 ./mylib/gpio.o
 .debug_frame   0x00000240       0x80 ./mylib/lpit.o
 .debug_frame   0x000002c0       0xac ./src/main.o
 .debug_frame   0x0000036c       0x4c C:/NXP/S32DS_ARM_v2.2/S32DS/build_tools/gcc_v6.3/gcc-6.3-arm32-eabi/arm-none-eabi/newlib/lib/thumb/v7e-m\libc.a(lib_a-__call_atexit.o)
 .debug_frame   0x000003b8       0x38 C:/NXP/S32DS_ARM_v2.2/S32DS/build_tools/gcc_v6.3/gcc-6.3-arm32-eabi/arm-none-eabi/newlib/lib/thumb/v7e-m\libc.a(lib_a-fini.o)
 .debug_frame   0x000003f0       0x20 C:/NXP/S32DS_ARM_v2.2/S32DS/build_tools/gcc_v6.3/gcc-6.3-arm32-eabi/arm-none-eabi/newlib/lib/thumb/v7e-m\libc.a(lib_a-atexit.o)
 .debug_frame   0x00000410       0x30 C:/NXP/S32DS_ARM_v2.2/S32DS/build_tools/gcc_v6.3/gcc-6.3-arm32-eabi/arm-none-eabi/newlib/lib/thumb/v7e-m\libc.a(lib_a-__atexit.o)
