Archive member included to satisfy reference by file (symbol)

C:/NXP/S32DS_ARM_v2.2/S32DS/build_tools/gcc_v6.3/gcc-6.3-arm32-eabi/arm-none-eabi/newlib/lib/thumb/v7e-m\libc.a(lib_a-exit.o)
                              C:/NXP/S32DS_ARM_v2.2/S32DS/build_tools/gcc_v6.3/gcc-6.3-arm32-eabi/arm-none-eabi/newlib/lib/thumb/v7e-m/crt0.o (exit)
C:/NXP/S32DS_ARM_v2.2/S32DS/build_tools/gcc_v6.3/gcc-6.3-arm32-eabi/arm-none-eabi/newlib/lib/thumb/v7e-m\libc.a(lib_a-impure.o)
                              C:/NXP/S32DS_ARM_v2.2/S32DS/build_tools/gcc_v6.3/gcc-6.3-arm32-eabi/arm-none-eabi/newlib/lib/thumb/v7e-m\libc.a(lib_a-exit.o) (_global_impure_ptr)
C:/NXP/S32DS_ARM_v2.2/S32DS/build_tools/gcc_v6.3/gcc-6.3-arm32-eabi/arm-none-eabi/newlib/lib/thumb/v7e-m\libc.a(lib_a-init.o)
                              C:/NXP/S32DS_ARM_v2.2/S32DS/build_tools/gcc_v6.3/gcc-6.3-arm32-eabi/arm-none-eabi/newlib/lib/thumb/v7e-m/crt0.o (__libc_init_array)
C:/NXP/S32DS_ARM_v2.2/S32DS/build_tools/gcc_v6.3/gcc-6.3-arm32-eabi/arm-none-eabi/newlib/lib/thumb/v7e-m\libc.a(lib_a-memset.o)
                              C:/NXP/S32DS_ARM_v2.2/S32DS/build_tools/gcc_v6.3/gcc-6.3-arm32-eabi/arm-none-eabi/newlib/lib/thumb/v7e-m/crt0.o (memset)
C:/NXP/S32DS_ARM_v2.2/S32DS/build_tools/gcc_v6.3/gcc-6.3-arm32-eabi/arm-none-eabi/newlib/lib/thumb/v7e-m\libc.a(lib_a-strlen.o)
                              ./src/lpuart1_init.o (strlen)
C:/NXP/S32DS_ARM_v2.2/S32DS/build_tools/gcc_v6.3/gcc-6.3-arm32-eabi/arm-none-eabi/newlib/lib/thumb/v7e-m\libc.a(lib_a-__call_atexit.o)
                              C:/NXP/S32DS_ARM_v2.2/S32DS/build_tools/gcc_v6.3/gcc-6.3-arm32-eabi/arm-none-eabi/newlib/lib/thumb/v7e-m\libc.a(lib_a-exit.o) (__call_exitprocs)
C:/NXP/S32DS_ARM_v2.2/S32DS/build_tools/gcc_v6.3/gcc-6.3-arm32-eabi/arm-none-eabi/newlib/lib/thumb/v7e-m\libc.a(lib_a-fini.o)
                              C:/NXP/S32DS_ARM_v2.2/S32DS/build_tools/gcc_v6.3/gcc-6.3-arm32-eabi/arm-none-eabi/newlib/lib/thumb/v7e-m\libc.a(lib_a-__call_atexit.o) (__libc_fini_array)
C:/NXP/S32DS_ARM_v2.2/S32DS/build_tools/gcc_v6.3/gcc-6.3-arm32-eabi/arm-none-eabi/newlib/lib/thumb/v7e-m\libc.a(lib_a-atexit.o)
                              C:/NXP/S32DS_ARM_v2.2/S32DS/build_tools/gcc_v6.3/gcc-6.3-arm32-eabi/arm-none-eabi/newlib/lib/thumb/v7e-m\libc.a(lib_a-__call_atexit.o) (atexit)
C:/NXP/S32DS_ARM_v2.2/S32DS/build_tools/gcc_v6.3/gcc-6.3-arm32-eabi/arm-none-eabi/newlib/lib/thumb/v7e-m\libc.a(lib_a-__atexit.o)
                              C:/NXP/S32DS_ARM_v2.2/S32DS/build_tools/gcc_v6.3/gcc-6.3-arm32-eabi/arm-none-eabi/newlib/lib/thumb/v7e-m\libc.a(lib_a-atexit.o) (__register_exitproc)
C:/NXP/S32DS_ARM_v2.2/S32DS/build_tools/gcc_v6.3/gcc-6.3-arm32-eabi/arm-none-eabi/newlib/lib/thumb/v7e-m\libnosys.a(_exit.o)
                              C:/NXP/S32DS_ARM_v2.2/S32DS/build_tools/gcc_v6.3/gcc-6.3-arm32-eabi/arm-none-eabi/newlib/lib/thumb/v7e-m\libc.a(lib_a-exit.o) (_exit)

Discarded input sections

 .text          0x00000000        0x0 c:/nxp/s32ds_arm_v2.2/s32ds/build_tools/gcc_v6.3/gcc-6.3-arm32-eabi/bin/../lib/gcc/arm-none-eabi/6.3.1/thumb/v7e-m/crti.o
 .data          0x00000000        0x0 c:/nxp/s32ds_arm_v2.2/s32ds/build_tools/gcc_v6.3/gcc-6.3-arm32-eabi/bin/../lib/gcc/arm-none-eabi/6.3.1/thumb/v7e-m/crti.o
 .bss           0x00000000        0x0 c:/nxp/s32ds_arm_v2.2/s32ds/build_tools/gcc_v6.3/gcc-6.3-arm32-eabi/bin/../lib/gcc/arm-none-eabi/6.3.1/thumb/v7e-m/crti.o
 .data          0x00000000        0x4 c:/nxp/s32ds_arm_v2.2/s32ds/build_tools/gcc_v6.3/gcc-6.3-arm32-eabi/bin/../lib/gcc/arm-none-eabi/6.3.1/thumb/v7e-m/crtbegin.o
 .text          0x00000000       0x74 C:/NXP/S32DS_ARM_v2.2/S32DS/build_tools/gcc_v6.3/gcc-6.3-arm32-eabi/arm-none-eabi/newlib/lib/thumb/v7e-m/crt0.o
 .data          0x00000000        0x0 C:/NXP/S32DS_ARM_v2.2/S32DS/build_tools/gcc_v6.3/gcc-6.3-arm32-eabi/arm-none-eabi/newlib/lib/thumb/v7e-m/crt0.o
 .bss           0x00000000        0x0 C:/NXP/S32DS_ARM_v2.2/S32DS/build_tools/gcc_v6.3/gcc-6.3-arm32-eabi/arm-none-eabi/newlib/lib/thumb/v7e-m/crt0.o
 .ARM.extab     0x00000000        0x0 C:/NXP/S32DS_ARM_v2.2/S32DS/build_tools/gcc_v6.3/gcc-6.3-arm32-eabi/arm-none-eabi/newlib/lib/thumb/v7e-m/crt0.o
 .ARM.exidx     0x00000000        0x8 C:/NXP/S32DS_ARM_v2.2/S32DS/build_tools/gcc_v6.3/gcc-6.3-arm32-eabi/arm-none-eabi/newlib/lib/thumb/v7e-m/crt0.o
 .ARM.attributes
                0x00000000       0x1c C:/NXP/S32DS_ARM_v2.2/S32DS/build_tools/gcc_v6.3/gcc-6.3-arm32-eabi/arm-none-eabi/newlib/lib/thumb/v7e-m/crt0.o
 .group         0x00000000        0x8 ./Project_Settings/Startup_Code/startup.o
 .group         0x00000000        0x8 ./Project_Settings/Startup_Code/startup.o
 .group         0x00000000        0x8 ./Project_Settings/Startup_Code/startup.o
 .group         0x00000000        0x8 ./Project_Settings/Startup_Code/startup.o
 .group         0x00000000        0x8 ./Project_Settings/Startup_Code/startup.o
 .group         0x00000000        0x8 ./Project_Settings/Startup_Code/startup.o
 .group         0x00000000        0x8 ./Project_Settings/Startup_Code/startup.o
 .group         0x00000000        0x8 ./Project_Settings/Startup_Code/startup.o
 .group         0x00000000        0x8 ./Project_Settings/Startup_Code/startup.o
 .group         0x00000000        0x8 ./Project_Settings/Startup_Code/startup.o
 .group         0x00000000        0x8 ./Project_Settings/Startup_Code/startup.o
 .group         0x00000000        0x8 ./Project_Settings/Startup_Code/startup.o
 .group         0x00000000        0x8 ./Project_Settings/Startup_Code/startup.o
 .text          0x00000000        0x0 ./Project_Settings/Startup_Code/startup.o
 .data          0x00000000        0x0 ./Project_Settings/Startup_Code/startup.o
 .bss           0x00000000        0x0 ./Project_Settings/Startup_Code/startup.o
 .rodata.s_vectors
                0x00000000        0x4 ./Project_Settings/Startup_Code/startup.o
 .data          0x00000000        0x0 ./Project_Settings/Startup_Code/startup_S32K144.o
 .bss           0x00000000        0x0 ./Project_Settings/Startup_Code/startup_S32K144.o
 .FlashConfig   0x00000000       0x10 ./Project_Settings/Startup_Code/startup_S32K144.o
 .group         0x00000000        0x8 ./Project_Settings/Startup_Code/system_S32K144.o
 .group         0x00000000        0x8 ./Project_Settings/Startup_Code/system_S32K144.o
 .group         0x00000000        0x8 ./Project_Settings/Startup_Code/system_S32K144.o
 .group         0x00000000        0x8 ./Project_Settings/Startup_Code/system_S32K144.o
 .group         0x00000000        0x8 ./Project_Settings/Startup_Code/system_S32K144.o
 .group         0x00000000        0x8 ./Project_Settings/Startup_Code/system_S32K144.o
 .group         0x00000000        0x8 ./Project_Settings/Startup_Code/system_S32K144.o
 .group         0x00000000        0x8 ./Project_Settings/Startup_Code/system_S32K144.o
 .group         0x00000000        0x8 ./Project_Settings/Startup_Code/system_S32K144.o
 .group         0x00000000        0x8 ./Project_Settings/Startup_Code/system_S32K144.o
 .group         0x00000000        0x8 ./Project_Settings/Startup_Code/system_S32K144.o
 .group         0x00000000        0x8 ./Project_Settings/Startup_Code/system_S32K144.o
 .group         0x00000000        0x8 ./Project_Settings/Startup_Code/system_S32K144.o
 .group         0x00000000        0x8 ./Project_Settings/Startup_Code/system_S32K144.o
 .text          0x00000000        0x0 ./Project_Settings/Startup_Code/system_S32K144.o
 .data          0x00000000        0x0 ./Project_Settings/Startup_Code/system_S32K144.o
 .bss           0x00000000        0x0 ./Project_Settings/Startup_Code/system_S32K144.o
 .data.SystemCoreClock
                0x00000000        0x4 ./Project_Settings/Startup_Code/system_S32K144.o
 .text.SystemCoreClockUpdate
                0x00000000       0xf0 ./Project_Settings/Startup_Code/system_S32K144.o
 .text.SystemSoftwareReset
                0x00000000       0x3e ./Project_Settings/Startup_Code/system_S32K144.o
 .rodata.fircFreq.5176
                0x00000000        0x4 ./Project_Settings/Startup_Code/system_S32K144.o
 .debug_macro   0x00000000      0x8d4 ./Project_Settings/Startup_Code/system_S32K144.o
 .debug_macro   0x00000000       0x10 ./Project_Settings/Startup_Code/system_S32K144.o
 .debug_macro   0x00000000       0x7a ./Project_Settings/Startup_Code/system_S32K144.o
 .debug_macro   0x00000000       0x22 ./Project_Settings/Startup_Code/system_S32K144.o
 .debug_macro   0x00000000       0x87 ./Project_Settings/Startup_Code/system_S32K144.o
 .debug_macro   0x00000000       0x51 ./Project_Settings/Startup_Code/system_S32K144.o
 .debug_macro   0x00000000       0xef ./Project_Settings/Startup_Code/system_S32K144.o
 .debug_macro   0x00000000       0x6a ./Project_Settings/Startup_Code/system_S32K144.o
 .debug_macro   0x00000000      0x1df ./Project_Settings/Startup_Code/system_S32K144.o
 .debug_macro   0x00000000      0xb86 ./Project_Settings/Startup_Code/system_S32K144.o
 .debug_macro   0x00000000       0x22 ./Project_Settings/Startup_Code/system_S32K144.o
 .group         0x00000000        0x8 ./src/clock_init.o
 .group         0x00000000        0x8 ./src/clock_init.o
 .group         0x00000000        0x8 ./src/clock_init.o
 .group         0x00000000        0x8 ./src/clock_init.o
 .group         0x00000000        0x8 ./src/clock_init.o
 .group         0x00000000        0x8 ./src/clock_init.o
 .group         0x00000000        0x8 ./src/clock_init.o
 .group         0x00000000        0x8 ./src/clock_init.o
 .group         0x00000000        0x8 ./src/clock_init.o
 .group         0x00000000        0x8 ./src/clock_init.o
 .group         0x00000000        0x8 ./src/clock_init.o
 .group         0x00000000        0x8 ./src/clock_init.o
 .group         0x00000000        0x8 ./src/clock_init.o
 .group         0x00000000        0x8 ./src/clock_init.o
 .group         0x00000000        0x8 ./src/clock_init.o
 .group         0x00000000        0x8 ./src/clock_init.o
 .group         0x00000000        0x8 ./src/clock_init.o
 .group         0x00000000        0x8 ./src/clock_init.o
 .group         0x00000000        0x8 ./src/clock_init.o
 .group         0x00000000        0x8 ./src/clock_init.o
 .group         0x00000000        0x8 ./src/clock_init.o
 .group         0x00000000        0x8 ./src/clock_init.o
 .group         0x00000000        0x8 ./src/clock_init.o
 .group         0x00000000        0x8 ./src/clock_init.o
 .group         0x00000000        0x8 ./src/clock_init.o
 .group         0x00000000        0x8 ./src/clock_init.o
 .group         0x00000000        0x8 ./src/clock_init.o
 .group         0x00000000        0x8 ./src/clock_init.o
 .group         0x00000000        0x8 ./src/clock_init.o
 .group         0x00000000        0x8 ./src/clock_init.o
 .group         0x00000000        0x8 ./src/clock_init.o
 .group         0x00000000        0x8 ./src/clock_init.o
 .group         0x00000000        0x8 ./src/clock_init.o
 .group         0x00000000        0x8 ./src/clock_init.o
 .group         0x00000000        0x8 ./src/clock_init.o
 .group         0x00000000        0x8 ./src/clock_init.o
 .group         0x00000000        0x8 ./src/clock_init.o
 .group         0x00000000        0x8 ./src/clock_init.o
 .group         0x00000000        0x8 ./src/clock_init.o
 .group         0x00000000        0x8 ./src/clock_init.o
 .group         0x00000000        0x8 ./src/clock_init.o
 .text          0x00000000        0x0 ./src/clock_init.o
 .data          0x00000000        0x0 ./src/clock_init.o
 .bss           0x00000000        0x0 ./src/clock_init.o
 .debug_macro   0x00000000      0x8d4 ./src/clock_init.o
 .debug_macro   0x00000000       0x22 ./src/clock_init.o
 .debug_macro   0x00000000       0x6a ./src/clock_init.o
 .debug_macro   0x00000000       0xef ./src/clock_init.o
 .debug_macro   0x00000000      0x1df ./src/clock_init.o
 .group         0x00000000        0x8 ./src/gpio_init.o
 .group         0x00000000        0x8 ./src/gpio_init.o
 .group         0x00000000        0x8 ./src/gpio_init.o
 .group         0x00000000        0x8 ./src/gpio_init.o
 .group         0x00000000        0x8 ./src/gpio_init.o
 .group         0x00000000        0x8 ./src/gpio_init.o
 .group         0x00000000        0x8 ./src/gpio_init.o
 .group         0x00000000        0x8 ./src/gpio_init.o
 .group         0x00000000        0x8 ./src/gpio_init.o
 .group         0x00000000        0x8 ./src/gpio_init.o
 .group         0x00000000        0x8 ./src/gpio_init.o
 .group         0x00000000        0x8 ./src/gpio_init.o
 .group         0x00000000        0x8 ./src/gpio_init.o
 .group         0x00000000        0x8 ./src/gpio_init.o
 .group         0x00000000        0x8 ./src/gpio_init.o
 .group         0x00000000        0x8 ./src/gpio_init.o
 .group         0x00000000        0x8 ./src/gpio_init.o
 .group         0x00000000        0x8 ./src/gpio_init.o
 .group         0x00000000        0x8 ./src/gpio_init.o
 .group         0x00000000        0x8 ./src/gpio_init.o
 .group         0x00000000        0x8 ./src/gpio_init.o
 .group         0x00000000        0x8 ./src/gpio_init.o
 .group         0x00000000        0x8 ./src/gpio_init.o
 .group         0x00000000        0x8 ./src/gpio_init.o
 .group         0x00000000        0x8 ./src/gpio_init.o
 .group         0x00000000        0x8 ./src/gpio_init.o
 .group         0x00000000        0x8 ./src/gpio_init.o
 .group         0x00000000        0x8 ./src/gpio_init.o
 .group         0x00000000        0x8 ./src/gpio_init.o
 .group         0x00000000        0x8 ./src/gpio_init.o
 .group         0x00000000        0x8 ./src/gpio_init.o
 .group         0x00000000        0x8 ./src/gpio_init.o
 .group         0x00000000        0x8 ./src/gpio_init.o
 .group         0x00000000        0x8 ./src/gpio_init.o
 .group         0x00000000        0x8 ./src/gpio_init.o
 .group         0x00000000        0x8 ./src/gpio_init.o
 .group         0x00000000        0x8 ./src/gpio_init.o
 .group         0x00000000        0x8 ./src/gpio_init.o
 .group         0x00000000        0x8 ./src/gpio_init.o
 .group         0x00000000        0x8 ./src/gpio_init.o
 .group         0x00000000        0x8 ./src/gpio_init.o
 .text          0x00000000        0x0 ./src/gpio_init.o
 .data          0x00000000        0x0 ./src/gpio_init.o
 .bss           0x00000000        0x0 ./src/gpio_init.o
 .debug_macro   0x00000000      0x8d4 ./src/gpio_init.o
 .debug_macro   0x00000000       0x22 ./src/gpio_init.o
 .debug_macro   0x00000000       0x4c ./src/gpio_init.o
 .debug_macro   0x00000000       0x8d ./src/gpio_init.o
 .debug_macro   0x00000000       0x3c ./src/gpio_init.o
 .debug_macro   0x00000000       0x9c ./src/gpio_init.o
 .debug_macro   0x00000000      0x174 ./src/gpio_init.o
 .debug_macro   0x00000000       0x57 ./src/gpio_init.o
 .debug_macro   0x00000000       0x52 ./src/gpio_init.o
 .debug_macro   0x00000000       0x1f ./src/gpio_init.o
 .debug_macro   0x00000000       0x43 ./src/gpio_init.o
 .debug_macro   0x00000000       0x20 ./src/gpio_init.o
 .debug_macro   0x00000000      0x1a3 ./src/gpio_init.o
 .debug_macro   0x00000000      0x30d ./src/gpio_init.o
 .debug_macro   0x00000000       0x10 ./src/gpio_init.o
 .debug_macro   0x00000000       0x35 ./src/gpio_init.o
 .debug_macro   0x00000000       0x1c ./src/gpio_init.o
 .debug_macro   0x00000000       0x10 ./src/gpio_init.o
 .debug_macro   0x00000000       0x10 ./src/gpio_init.o
 .debug_macro   0x00000000       0x6a ./src/gpio_init.o
 .debug_macro   0x00000000       0x1c ./src/gpio_init.o
 .debug_macro   0x00000000       0x52 ./src/gpio_init.o
 .debug_macro   0x00000000       0x40 ./src/gpio_init.o
 .debug_macro   0x00000000       0x10 ./src/gpio_init.o
 .debug_macro   0x00000000       0x40 ./src/gpio_init.o
 .debug_macro   0x00000000       0xd7 ./src/gpio_init.o
 .debug_macro   0x00000000       0x16 ./src/gpio_init.o
 .debug_macro   0x00000000      0x161 ./src/gpio_init.o
 .debug_macro   0x00000000       0x16 ./src/gpio_init.o
 .debug_macro   0x00000000       0x16 ./src/gpio_init.o
 .debug_macro   0x00000000       0x29 ./src/gpio_init.o
 .debug_macro   0x00000000       0xef ./src/gpio_init.o
 .debug_macro   0x00000000      0x1df ./src/gpio_init.o
 .debug_macro   0x00000000       0x10 ./src/gpio_init.o
 .debug_macro   0x00000000       0x46 ./src/gpio_init.o
 .debug_macro   0x00000000       0x46 ./src/gpio_init.o
 .debug_macro   0x00000000       0x16 ./src/gpio_init.o
 .debug_macro   0x00000000       0x16 ./src/gpio_init.o
 .debug_macro   0x00000000       0x16 ./src/gpio_init.o
 .debug_macro   0x00000000       0x16 ./src/gpio_init.o
 .debug_macro   0x00000000       0x2e ./src/gpio_init.o
 .group         0x00000000        0x8 ./src/lpit0_init.o
 .group         0x00000000        0x8 ./src/lpit0_init.o
 .group         0x00000000        0x8 ./src/lpit0_init.o
 .group         0x00000000        0x8 ./src/lpit0_init.o
 .group         0x00000000        0x8 ./src/lpit0_init.o
 .group         0x00000000        0x8 ./src/lpit0_init.o
 .group         0x00000000        0x8 ./src/lpit0_init.o
 .group         0x00000000        0x8 ./src/lpit0_init.o
 .group         0x00000000        0x8 ./src/lpit0_init.o
 .group         0x00000000        0x8 ./src/lpit0_init.o
 .group         0x00000000        0x8 ./src/lpit0_init.o
 .group         0x00000000        0x8 ./src/lpit0_init.o
 .group         0x00000000        0x8 ./src/lpit0_init.o
 .group         0x00000000        0x8 ./src/lpit0_init.o
 .group         0x00000000        0x8 ./src/lpit0_init.o
 .group         0x00000000        0x8 ./src/lpit0_init.o
 .group         0x00000000        0x8 ./src/lpit0_init.o
 .group         0x00000000        0x8 ./src/lpit0_init.o
 .group         0x00000000        0x8 ./src/lpit0_init.o
 .group         0x00000000        0x8 ./src/lpit0_init.o
 .group         0x00000000        0x8 ./src/lpit0_init.o
 .group         0x00000000        0x8 ./src/lpit0_init.o
 .group         0x00000000        0x8 ./src/lpit0_init.o
 .group         0x00000000        0x8 ./src/lpit0_init.o
 .group         0x00000000        0x8 ./src/lpit0_init.o
 .group         0x00000000        0x8 ./src/lpit0_init.o
 .group         0x00000000        0x8 ./src/lpit0_init.o
 .group         0x00000000        0x8 ./src/lpit0_init.o
 .group         0x00000000        0x8 ./src/lpit0_init.o
 .group         0x00000000        0x8 ./src/lpit0_init.o
 .group         0x00000000        0x8 ./src/lpit0_init.o
 .group         0x00000000        0x8 ./src/lpit0_init.o
 .group         0x00000000        0x8 ./src/lpit0_init.o
 .group         0x00000000        0x8 ./src/lpit0_init.o
 .group         0x00000000        0x8 ./src/lpit0_init.o
 .group         0x00000000        0x8 ./src/lpit0_init.o
 .group         0x00000000        0x8 ./src/lpit0_init.o
 .group         0x00000000        0x8 ./src/lpit0_init.o
 .group         0x00000000        0x8 ./src/lpit0_init.o
 .group         0x00000000        0x8 ./src/lpit0_init.o
 .group         0x00000000        0x8 ./src/lpit0_init.o
 .text          0x00000000        0x0 ./src/lpit0_init.o
 .data          0x00000000        0x0 ./src/lpit0_init.o
 .bss           0x00000000        0x0 ./src/lpit0_init.o
 .debug_macro   0x00000000      0x8d4 ./src/lpit0_init.o
 .debug_macro   0x00000000       0x22 ./src/lpit0_init.o
 .debug_macro   0x00000000       0x4c ./src/lpit0_init.o
 .debug_macro   0x00000000       0x8d ./src/lpit0_init.o
 .debug_macro   0x00000000       0x3c ./src/lpit0_init.o
 .debug_macro   0x00000000       0x9c ./src/lpit0_init.o
 .debug_macro   0x00000000      0x174 ./src/lpit0_init.o
 .debug_macro   0x00000000       0x57 ./src/lpit0_init.o
 .debug_macro   0x00000000       0x52 ./src/lpit0_init.o
 .debug_macro   0x00000000       0x1f ./src/lpit0_init.o
 .debug_macro   0x00000000       0x43 ./src/lpit0_init.o
 .debug_macro   0x00000000       0x20 ./src/lpit0_init.o
 .debug_macro   0x00000000      0x1a3 ./src/lpit0_init.o
 .debug_macro   0x00000000      0x30d ./src/lpit0_init.o
 .debug_macro   0x00000000       0x10 ./src/lpit0_init.o
 .debug_macro   0x00000000       0x35 ./src/lpit0_init.o
 .debug_macro   0x00000000       0x1c ./src/lpit0_init.o
 .debug_macro   0x00000000       0x10 ./src/lpit0_init.o
 .debug_macro   0x00000000       0x10 ./src/lpit0_init.o
 .debug_macro   0x00000000       0x6a ./src/lpit0_init.o
 .debug_macro   0x00000000       0x1c ./src/lpit0_init.o
 .debug_macro   0x00000000       0x52 ./src/lpit0_init.o
 .debug_macro   0x00000000       0x40 ./src/lpit0_init.o
 .debug_macro   0x00000000       0x10 ./src/lpit0_init.o
 .debug_macro   0x00000000       0x40 ./src/lpit0_init.o
 .debug_macro   0x00000000       0xd7 ./src/lpit0_init.o
 .debug_macro   0x00000000       0x16 ./src/lpit0_init.o
 .debug_macro   0x00000000      0x161 ./src/lpit0_init.o
 .debug_macro   0x00000000       0x16 ./src/lpit0_init.o
 .debug_macro   0x00000000       0x16 ./src/lpit0_init.o
 .debug_macro   0x00000000       0x29 ./src/lpit0_init.o
 .debug_macro   0x00000000       0xef ./src/lpit0_init.o
 .debug_macro   0x00000000      0x1df ./src/lpit0_init.o
 .debug_macro   0x00000000       0x10 ./src/lpit0_init.o
 .debug_macro   0x00000000       0x46 ./src/lpit0_init.o
 .debug_macro   0x00000000       0x46 ./src/lpit0_init.o
 .debug_macro   0x00000000       0x16 ./src/lpit0_init.o
 .debug_macro   0x00000000       0x16 ./src/lpit0_init.o
 .debug_macro   0x00000000       0x16 ./src/lpit0_init.o
 .debug_macro   0x00000000       0x16 ./src/lpit0_init.o
 .debug_macro   0x00000000       0x2e ./src/lpit0_init.o
 .group         0x00000000        0x8 ./src/lpuart1_init.o
 .group         0x00000000        0x8 ./src/lpuart1_init.o
 .group         0x00000000        0x8 ./src/lpuart1_init.o
 .group         0x00000000        0x8 ./src/lpuart1_init.o
 .group         0x00000000        0x8 ./src/lpuart1_init.o
 .group         0x00000000        0x8 ./src/lpuart1_init.o
 .group         0x00000000        0x8 ./src/lpuart1_init.o
 .group         0x00000000        0x8 ./src/lpuart1_init.o
 .group         0x00000000        0x8 ./src/lpuart1_init.o
 .group         0x00000000        0x8 ./src/lpuart1_init.o
 .group         0x00000000        0x8 ./src/lpuart1_init.o
 .group         0x00000000        0x8 ./src/lpuart1_init.o
 .group         0x00000000        0x8 ./src/lpuart1_init.o
 .group         0x00000000        0x8 ./src/lpuart1_init.o
 .group         0x00000000        0x8 ./src/lpuart1_init.o
 .group         0x00000000        0x8 ./src/lpuart1_init.o
 .group         0x00000000        0x8 ./src/lpuart1_init.o
 .group         0x00000000        0x8 ./src/lpuart1_init.o
 .group         0x00000000        0x8 ./src/lpuart1_init.o
 .group         0x00000000        0x8 ./src/lpuart1_init.o
 .group         0x00000000        0x8 ./src/lpuart1_init.o
 .group         0x00000000        0x8 ./src/lpuart1_init.o
 .group         0x00000000        0x8 ./src/lpuart1_init.o
 .group         0x00000000        0x8 ./src/lpuart1_init.o
 .group         0x00000000        0x8 ./src/lpuart1_init.o
 .group         0x00000000        0x8 ./src/lpuart1_init.o
 .group         0x00000000        0x8 ./src/lpuart1_init.o
 .group         0x00000000        0x8 ./src/lpuart1_init.o
 .group         0x00000000        0x8 ./src/lpuart1_init.o
 .group         0x00000000        0x8 ./src/lpuart1_init.o
 .group         0x00000000        0x8 ./src/lpuart1_init.o
 .group         0x00000000        0x8 ./src/lpuart1_init.o
 .group         0x00000000        0x8 ./src/lpuart1_init.o
 .group         0x00000000        0x8 ./src/lpuart1_init.o
 .group         0x00000000        0x8 ./src/lpuart1_init.o
 .group         0x00000000        0x8 ./src/lpuart1_init.o
 .group         0x00000000        0x8 ./src/lpuart1_init.o
 .group         0x00000000        0x8 ./src/lpuart1_init.o
 .group         0x00000000        0x8 ./src/lpuart1_init.o
 .group         0x00000000        0x8 ./src/lpuart1_init.o
 .group         0x00000000        0x8 ./src/lpuart1_init.o
 .text          0x00000000        0x0 ./src/lpuart1_init.o
 .data          0x00000000        0x0 ./src/lpuart1_init.o
 .bss           0x00000000        0x0 ./src/lpuart1_init.o
 .bss.indx      0x00000000        0x1 ./src/lpuart1_init.o
 .debug_macro   0x00000000      0x8d4 ./src/lpuart1_init.o
 .debug_macro   0x00000000       0x22 ./src/lpuart1_init.o
 .debug_macro   0x00000000       0x4c ./src/lpuart1_init.o
 .debug_macro   0x00000000       0x8d ./src/lpuart1_init.o
 .debug_macro   0x00000000       0x3c ./src/lpuart1_init.o
 .debug_macro   0x00000000       0x9c ./src/lpuart1_init.o
 .debug_macro   0x00000000      0x174 ./src/lpuart1_init.o
 .debug_macro   0x00000000       0x57 ./src/lpuart1_init.o
 .debug_macro   0x00000000       0x52 ./src/lpuart1_init.o
 .debug_macro   0x00000000       0x1f ./src/lpuart1_init.o
 .debug_macro   0x00000000       0x43 ./src/lpuart1_init.o
 .debug_macro   0x00000000       0x20 ./src/lpuart1_init.o
 .debug_macro   0x00000000      0x1a3 ./src/lpuart1_init.o
 .debug_macro   0x00000000      0x30d ./src/lpuart1_init.o
 .debug_macro   0x00000000       0x10 ./src/lpuart1_init.o
 .debug_macro   0x00000000       0x35 ./src/lpuart1_init.o
 .debug_macro   0x00000000       0x1c ./src/lpuart1_init.o
 .debug_macro   0x00000000       0x10 ./src/lpuart1_init.o
 .debug_macro   0x00000000       0x10 ./src/lpuart1_init.o
 .debug_macro   0x00000000       0x6a ./src/lpuart1_init.o
 .debug_macro   0x00000000       0x1c ./src/lpuart1_init.o
 .debug_macro   0x00000000       0x52 ./src/lpuart1_init.o
 .debug_macro   0x00000000       0x40 ./src/lpuart1_init.o
 .debug_macro   0x00000000       0x10 ./src/lpuart1_init.o
 .debug_macro   0x00000000       0x40 ./src/lpuart1_init.o
 .debug_macro   0x00000000       0xd7 ./src/lpuart1_init.o
 .debug_macro   0x00000000       0x16 ./src/lpuart1_init.o
 .debug_macro   0x00000000      0x161 ./src/lpuart1_init.o
 .debug_macro   0x00000000       0x16 ./src/lpuart1_init.o
 .debug_macro   0x00000000       0x16 ./src/lpuart1_init.o
 .debug_macro   0x00000000       0x29 ./src/lpuart1_init.o
 .debug_macro   0x00000000       0xef ./src/lpuart1_init.o
 .debug_macro   0x00000000      0x1df ./src/lpuart1_init.o
 .debug_macro   0x00000000       0x10 ./src/lpuart1_init.o
 .debug_macro   0x00000000       0x46 ./src/lpuart1_init.o
 .debug_macro   0x00000000       0x46 ./src/lpuart1_init.o
 .debug_macro   0x00000000       0x16 ./src/lpuart1_init.o
 .debug_macro   0x00000000       0x16 ./src/lpuart1_init.o
 .debug_macro   0x00000000       0x16 ./src/lpuart1_init.o
 .debug_macro   0x00000000       0x16 ./src/lpuart1_init.o
 .debug_macro   0x00000000       0x2e ./src/lpuart1_init.o
 .group         0x00000000        0x8 ./src/main.o
 .group         0x00000000        0x8 ./src/main.o
 .group         0x00000000        0x8 ./src/main.o
 .group         0x00000000        0x8 ./src/main.o
 .group         0x00000000        0x8 ./src/main.o
 .group         0x00000000        0x8 ./src/main.o
 .group         0x00000000        0x8 ./src/main.o
 .group         0x00000000        0x8 ./src/main.o
 .group         0x00000000        0x8 ./src/main.o
 .group         0x00000000        0x8 ./src/main.o
 .group         0x00000000        0x8 ./src/main.o
 .group         0x00000000        0x8 ./src/main.o
 .group         0x00000000        0x8 ./src/main.o
 .group         0x00000000        0x8 ./src/main.o
 .group         0x00000000        0x8 ./src/main.o
 .group         0x00000000        0x8 ./src/main.o
 .group         0x00000000        0x8 ./src/main.o
 .group         0x00000000        0x8 ./src/main.o
 .group         0x00000000        0x8 ./src/main.o
 .group         0x00000000        0x8 ./src/main.o
 .group         0x00000000        0x8 ./src/main.o
 .group         0x00000000        0x8 ./src/main.o
 .group         0x00000000        0x8 ./src/main.o
 .group         0x00000000        0x8 ./src/main.o
 .group         0x00000000        0x8 ./src/main.o
 .group         0x00000000        0x8 ./src/main.o
 .group         0x00000000        0x8 ./src/main.o
 .group         0x00000000        0x8 ./src/main.o
 .group         0x00000000        0x8 ./src/main.o
 .group         0x00000000        0x8 ./src/main.o
 .group         0x00000000        0x8 ./src/main.o
 .group         0x00000000        0x8 ./src/main.o
 .group         0x00000000        0x8 ./src/main.o
 .group         0x00000000        0x8 ./src/main.o
 .group         0x00000000        0x8 ./src/main.o
 .group         0x00000000        0x8 ./src/main.o
 .group         0x00000000        0x8 ./src/main.o
 .group         0x00000000        0x8 ./src/main.o
 .group         0x00000000        0x8 ./src/main.o
 .group         0x00000000        0x8 ./src/main.o
 .group         0x00000000        0x8 ./src/main.o
 .text          0x00000000        0x0 ./src/main.o
 .data          0x00000000        0x0 ./src/main.o
 .bss           0x00000000        0x0 ./src/main.o
 .debug_macro   0x00000000      0x8d4 ./src/main.o
 .debug_macro   0x00000000       0x22 ./src/main.o
 .debug_macro   0x00000000       0x4c ./src/main.o
 .debug_macro   0x00000000       0x8d ./src/main.o
 .debug_macro   0x00000000       0x3c ./src/main.o
 .debug_macro   0x00000000       0x9c ./src/main.o
 .debug_macro   0x00000000      0x174 ./src/main.o
 .debug_macro   0x00000000       0x57 ./src/main.o
 .debug_macro   0x00000000       0x52 ./src/main.o
 .debug_macro   0x00000000       0x1f ./src/main.o
 .debug_macro   0x00000000       0x43 ./src/main.o
 .debug_macro   0x00000000       0x20 ./src/main.o
 .debug_macro   0x00000000      0x1a3 ./src/main.o
 .debug_macro   0x00000000      0x30d ./src/main.o
 .debug_macro   0x00000000       0x10 ./src/main.o
 .debug_macro   0x00000000       0x35 ./src/main.o
 .debug_macro   0x00000000       0x1c ./src/main.o
 .debug_macro   0x00000000       0x10 ./src/main.o
 .debug_macro   0x00000000       0x10 ./src/main.o
 .debug_macro   0x00000000       0x6a ./src/main.o
 .debug_macro   0x00000000       0x1c ./src/main.o
 .debug_macro   0x00000000       0x52 ./src/main.o
 .debug_macro   0x00000000       0x40 ./src/main.o
 .debug_macro   0x00000000       0x10 ./src/main.o
 .debug_macro   0x00000000       0x40 ./src/main.o
 .debug_macro   0x00000000       0xd7 ./src/main.o
 .debug_macro   0x00000000       0x16 ./src/main.o
 .debug_macro   0x00000000      0x161 ./src/main.o
 .debug_macro   0x00000000       0x16 ./src/main.o
 .debug_macro   0x00000000       0x16 ./src/main.o
 .debug_macro   0x00000000       0x29 ./src/main.o
 .debug_macro   0x00000000       0xef ./src/main.o
 .debug_macro   0x00000000      0x1df ./src/main.o
 .debug_macro   0x00000000       0x10 ./src/main.o
 .debug_macro   0x00000000       0x46 ./src/main.o
 .debug_macro   0x00000000       0x46 ./src/main.o
 .debug_macro   0x00000000       0x16 ./src/main.o
 .debug_macro   0x00000000       0x16 ./src/main.o
 .debug_macro   0x00000000       0x16 ./src/main.o
 .debug_macro   0x00000000       0x16 ./src/main.o
 .debug_macro   0x00000000       0x2e ./src/main.o
 .text          0x00000000        0x0 C:/NXP/S32DS_ARM_v2.2/S32DS/build_tools/gcc_v6.3/gcc-6.3-arm32-eabi/arm-none-eabi/newlib/lib/thumb/v7e-m\libc.a(lib_a-exit.o)
 .data          0x00000000        0x0 C:/NXP/S32DS_ARM_v2.2/S32DS/build_tools/gcc_v6.3/gcc-6.3-arm32-eabi/arm-none-eabi/newlib/lib/thumb/v7e-m\libc.a(lib_a-exit.o)
 .bss           0x00000000        0x0 C:/NXP/S32DS_ARM_v2.2/S32DS/build_tools/gcc_v6.3/gcc-6.3-arm32-eabi/arm-none-eabi/newlib/lib/thumb/v7e-m\libc.a(lib_a-exit.o)
 .text.exit     0x00000000       0x20 C:/NXP/S32DS_ARM_v2.2/S32DS/build_tools/gcc_v6.3/gcc-6.3-arm32-eabi/arm-none-eabi/newlib/lib/thumb/v7e-m\libc.a(lib_a-exit.o)
 .debug_frame   0x00000000       0x28 C:/NXP/S32DS_ARM_v2.2/S32DS/build_tools/gcc_v6.3/gcc-6.3-arm32-eabi/arm-none-eabi/newlib/lib/thumb/v7e-m\libc.a(lib_a-exit.o)
 .ARM.attributes
                0x00000000       0x2e C:/NXP/S32DS_ARM_v2.2/S32DS/build_tools/gcc_v6.3/gcc-6.3-arm32-eabi/arm-none-eabi/newlib/lib/thumb/v7e-m\libc.a(lib_a-exit.o)
 .text          0x00000000        0x0 C:/NXP/S32DS_ARM_v2.2/S32DS/build_tools/gcc_v6.3/gcc-6.3-arm32-eabi/arm-none-eabi/newlib/lib/thumb/v7e-m\libc.a(lib_a-impure.o)
 .data          0x00000000        0x0 C:/NXP/S32DS_ARM_v2.2/S32DS/build_tools/gcc_v6.3/gcc-6.3-arm32-eabi/arm-none-eabi/newlib/lib/thumb/v7e-m\libc.a(lib_a-impure.o)
 .bss           0x00000000        0x0 C:/NXP/S32DS_ARM_v2.2/S32DS/build_tools/gcc_v6.3/gcc-6.3-arm32-eabi/arm-none-eabi/newlib/lib/thumb/v7e-m\libc.a(lib_a-impure.o)
 .data._impure_ptr
                0x00000000        0x4 C:/NXP/S32DS_ARM_v2.2/S32DS/build_tools/gcc_v6.3/gcc-6.3-arm32-eabi/arm-none-eabi/newlib/lib/thumb/v7e-m\libc.a(lib_a-impure.o)
 .text          0x00000000        0x0 C:/NXP/S32DS_ARM_v2.2/S32DS/build_tools/gcc_v6.3/gcc-6.3-arm32-eabi/arm-none-eabi/newlib/lib/thumb/v7e-m\libc.a(lib_a-init.o)
 .data          0x00000000        0x0 C:/NXP/S32DS_ARM_v2.2/S32DS/build_tools/gcc_v6.3/gcc-6.3-arm32-eabi/arm-none-eabi/newlib/lib/thumb/v7e-m\libc.a(lib_a-init.o)
 .bss           0x00000000        0x0 C:/NXP/S32DS_ARM_v2.2/S32DS/build_tools/gcc_v6.3/gcc-6.3-arm32-eabi/arm-none-eabi/newlib/lib/thumb/v7e-m\libc.a(lib_a-init.o)
 .text.__libc_init_array
                0x00000000       0x48 C:/NXP/S32DS_ARM_v2.2/S32DS/build_tools/gcc_v6.3/gcc-6.3-arm32-eabi/arm-none-eabi/newlib/lib/thumb/v7e-m\libc.a(lib_a-init.o)
 .debug_frame   0x00000000       0x2c C:/NXP/S32DS_ARM_v2.2/S32DS/build_tools/gcc_v6.3/gcc-6.3-arm32-eabi/arm-none-eabi/newlib/lib/thumb/v7e-m\libc.a(lib_a-init.o)
 .ARM.attributes
                0x00000000       0x2e C:/NXP/S32DS_ARM_v2.2/S32DS/build_tools/gcc_v6.3/gcc-6.3-arm32-eabi/arm-none-eabi/newlib/lib/thumb/v7e-m\libc.a(lib_a-init.o)
 .text          0x00000000        0x0 C:/NXP/S32DS_ARM_v2.2/S32DS/build_tools/gcc_v6.3/gcc-6.3-arm32-eabi/arm-none-eabi/newlib/lib/thumb/v7e-m\libc.a(lib_a-memset.o)
 .data          0x00000000        0x0 C:/NXP/S32DS_ARM_v2.2/S32DS/build_tools/gcc_v6.3/gcc-6.3-arm32-eabi/arm-none-eabi/newlib/lib/thumb/v7e-m\libc.a(lib_a-memset.o)
 .bss           0x00000000        0x0 C:/NXP/S32DS_ARM_v2.2/S32DS/build_tools/gcc_v6.3/gcc-6.3-arm32-eabi/arm-none-eabi/newlib/lib/thumb/v7e-m\libc.a(lib_a-memset.o)
 .text.memset   0x00000000       0x10 C:/NXP/S32DS_ARM_v2.2/S32DS/build_tools/gcc_v6.3/gcc-6.3-arm32-eabi/arm-none-eabi/newlib/lib/thumb/v7e-m\libc.a(lib_a-memset.o)
 .debug_frame   0x00000000       0x20 C:/NXP/S32DS_ARM_v2.2/S32DS/build_tools/gcc_v6.3/gcc-6.3-arm32-eabi/arm-none-eabi/newlib/lib/thumb/v7e-m\libc.a(lib_a-memset.o)
 .ARM.attributes
                0x00000000       0x2e C:/NXP/S32DS_ARM_v2.2/S32DS/build_tools/gcc_v6.3/gcc-6.3-arm32-eabi/arm-none-eabi/newlib/lib/thumb/v7e-m\libc.a(lib_a-memset.o)
 .data          0x00000000        0x0 C:/NXP/S32DS_ARM_v2.2/S32DS/build_tools/gcc_v6.3/gcc-6.3-arm32-eabi/arm-none-eabi/newlib/lib/thumb/v7e-m\libc.a(lib_a-strlen.o)
 .bss           0x00000000        0x0 C:/NXP/S32DS_ARM_v2.2/S32DS/build_tools/gcc_v6.3/gcc-6.3-arm32-eabi/arm-none-eabi/newlib/lib/thumb/v7e-m\libc.a(lib_a-strlen.o)
 .text          0x00000000        0x0 C:/NXP/S32DS_ARM_v2.2/S32DS/build_tools/gcc_v6.3/gcc-6.3-arm32-eabi/arm-none-eabi/newlib/lib/thumb/v7e-m\libc.a(lib_a-__call_atexit.o)
 .data          0x00000000        0x0 C:/NXP/S32DS_ARM_v2.2/S32DS/build_tools/gcc_v6.3/gcc-6.3-arm32-eabi/arm-none-eabi/newlib/lib/thumb/v7e-m\libc.a(lib_a-__call_atexit.o)
 .bss           0x00000000        0x0 C:/NXP/S32DS_ARM_v2.2/S32DS/build_tools/gcc_v6.3/gcc-6.3-arm32-eabi/arm-none-eabi/newlib/lib/thumb/v7e-m\libc.a(lib_a-__call_atexit.o)
 .text.__call_exitprocs
                0x00000000       0xc8 C:/NXP/S32DS_ARM_v2.2/S32DS/build_tools/gcc_v6.3/gcc-6.3-arm32-eabi/arm-none-eabi/newlib/lib/thumb/v7e-m\libc.a(lib_a-__call_atexit.o)
 .text          0x00000000        0x0 C:/NXP/S32DS_ARM_v2.2/S32DS/build_tools/gcc_v6.3/gcc-6.3-arm32-eabi/arm-none-eabi/newlib/lib/thumb/v7e-m\libc.a(lib_a-fini.o)
 .data          0x00000000        0x0 C:/NXP/S32DS_ARM_v2.2/S32DS/build_tools/gcc_v6.3/gcc-6.3-arm32-eabi/arm-none-eabi/newlib/lib/thumb/v7e-m\libc.a(lib_a-fini.o)
 .bss           0x00000000        0x0 C:/NXP/S32DS_ARM_v2.2/S32DS/build_tools/gcc_v6.3/gcc-6.3-arm32-eabi/arm-none-eabi/newlib/lib/thumb/v7e-m\libc.a(lib_a-fini.o)
 .text          0x00000000        0x0 C:/NXP/S32DS_ARM_v2.2/S32DS/build_tools/gcc_v6.3/gcc-6.3-arm32-eabi/arm-none-eabi/newlib/lib/thumb/v7e-m\libc.a(lib_a-atexit.o)
 .data          0x00000000        0x0 C:/NXP/S32DS_ARM_v2.2/S32DS/build_tools/gcc_v6.3/gcc-6.3-arm32-eabi/arm-none-eabi/newlib/lib/thumb/v7e-m\libc.a(lib_a-atexit.o)
 .bss           0x00000000        0x0 C:/NXP/S32DS_ARM_v2.2/S32DS/build_tools/gcc_v6.3/gcc-6.3-arm32-eabi/arm-none-eabi/newlib/lib/thumb/v7e-m\libc.a(lib_a-atexit.o)
 .text          0x00000000        0x0 C:/NXP/S32DS_ARM_v2.2/S32DS/build_tools/gcc_v6.3/gcc-6.3-arm32-eabi/arm-none-eabi/newlib/lib/thumb/v7e-m\libc.a(lib_a-__atexit.o)
 .data          0x00000000        0x0 C:/NXP/S32DS_ARM_v2.2/S32DS/build_tools/gcc_v6.3/gcc-6.3-arm32-eabi/arm-none-eabi/newlib/lib/thumb/v7e-m\libc.a(lib_a-__atexit.o)
 .bss           0x00000000        0x0 C:/NXP/S32DS_ARM_v2.2/S32DS/build_tools/gcc_v6.3/gcc-6.3-arm32-eabi/arm-none-eabi/newlib/lib/thumb/v7e-m\libc.a(lib_a-__atexit.o)
 .text          0x00000000        0x0 C:/NXP/S32DS_ARM_v2.2/S32DS/build_tools/gcc_v6.3/gcc-6.3-arm32-eabi/arm-none-eabi/newlib/lib/thumb/v7e-m\libnosys.a(_exit.o)
 .data          0x00000000        0x0 C:/NXP/S32DS_ARM_v2.2/S32DS/build_tools/gcc_v6.3/gcc-6.3-arm32-eabi/arm-none-eabi/newlib/lib/thumb/v7e-m\libnosys.a(_exit.o)
 .bss           0x00000000        0x0 C:/NXP/S32DS_ARM_v2.2/S32DS/build_tools/gcc_v6.3/gcc-6.3-arm32-eabi/arm-none-eabi/newlib/lib/thumb/v7e-m\libnosys.a(_exit.o)
 .text._exit    0x00000000        0x2 C:/NXP/S32DS_ARM_v2.2/S32DS/build_tools/gcc_v6.3/gcc-6.3-arm32-eabi/arm-none-eabi/newlib/lib/thumb/v7e-m\libnosys.a(_exit.o)
 .debug_frame   0x00000000       0x20 C:/NXP/S32DS_ARM_v2.2/S32DS/build_tools/gcc_v6.3/gcc-6.3-arm32-eabi/arm-none-eabi/newlib/lib/thumb/v7e-m\libnosys.a(_exit.o)
 .ARM.attributes
                0x00000000       0x2e C:/NXP/S32DS_ARM_v2.2/S32DS/build_tools/gcc_v6.3/gcc-6.3-arm32-eabi/arm-none-eabi/newlib/lib/thumb/v7e-m\libnosys.a(_exit.o)
 .text          0x00000000        0x0 c:/nxp/s32ds_arm_v2.2/s32ds/build_tools/gcc_v6.3/gcc-6.3-arm32-eabi/bin/../lib/gcc/arm-none-eabi/6.3.1/thumb/v7e-m/crtend.o
 .data          0x00000000        0x0 c:/nxp/s32ds_arm_v2.2/s32ds/build_tools/gcc_v6.3/gcc-6.3-arm32-eabi/bin/../lib/gcc/arm-none-eabi/6.3.1/thumb/v7e-m/crtend.o
 .bss           0x00000000        0x0 c:/nxp/s32ds_arm_v2.2/s32ds/build_tools/gcc_v6.3/gcc-6.3-arm32-eabi/bin/../lib/gcc/arm-none-eabi/6.3.1/thumb/v7e-m/crtend.o
 .eh_frame      0x00000000        0x4 c:/nxp/s32ds_arm_v2.2/s32ds/build_tools/gcc_v6.3/gcc-6.3-arm32-eabi/bin/../lib/gcc/arm-none-eabi/6.3.1/thumb/v7e-m/crtend.o
 .text          0x00000000        0x0 c:/nxp/s32ds_arm_v2.2/s32ds/build_tools/gcc_v6.3/gcc-6.3-arm32-eabi/bin/../lib/gcc/arm-none-eabi/6.3.1/thumb/v7e-m/crtn.o
 .data          0x00000000        0x0 c:/nxp/s32ds_arm_v2.2/s32ds/build_tools/gcc_v6.3/gcc-6.3-arm32-eabi/bin/../lib/gcc/arm-none-eabi/6.3.1/thumb/v7e-m/crtn.o
 .bss           0x00000000        0x0 c:/nxp/s32ds_arm_v2.2/s32ds/build_tools/gcc_v6.3/gcc-6.3-arm32-eabi/bin/../lib/gcc/arm-none-eabi/6.3.1/thumb/v7e-m/crtn.o

Memory Configuration

Name             Origin             Length             Attributes
m_interrupts     0x1fff8000         0x00000400         xr
m_text           0x1fff8400         0x00007c00         xr
m_blinkled       0x00002000         0x00000200         rw
m_data           0x20000000         0x00007000         rw
*default*        0x00000000         0xffffffff

Linker script and memory map

LOAD c:/nxp/s32ds_arm_v2.2/s32ds/build_tools/gcc_v6.3/gcc-6.3-arm32-eabi/bin/../lib/gcc/arm-none-eabi/6.3.1/thumb/v7e-m/crti.o
LOAD c:/nxp/s32ds_arm_v2.2/s32ds/build_tools/gcc_v6.3/gcc-6.3-arm32-eabi/bin/../lib/gcc/arm-none-eabi/6.3.1/thumb/v7e-m/crtbegin.o
LOAD C:/NXP/S32DS_ARM_v2.2/S32DS/build_tools/gcc_v6.3/gcc-6.3-arm32-eabi/arm-none-eabi/newlib/lib/thumb/v7e-m/crt0.o
LOAD ./Project_Settings/Startup_Code/startup.o
LOAD ./Project_Settings/Startup_Code/startup_S32K144.o
LOAD ./Project_Settings/Startup_Code/system_S32K144.o
LOAD ./src/clock_init.o
LOAD ./src/gpio_init.o
LOAD ./src/lpit0_init.o
LOAD ./src/lpuart1_init.o
LOAD ./src/main.o
START GROUP
LOAD c:/nxp/s32ds_arm_v2.2/s32ds/build_tools/gcc_v6.3/gcc-6.3-arm32-eabi/bin/../lib/gcc/arm-none-eabi/6.3.1/thumb/v7e-m\libgcc.a
LOAD C:/NXP/S32DS_ARM_v2.2/S32DS/build_tools/gcc_v6.3/gcc-6.3-arm32-eabi/arm-none-eabi/newlib/lib/thumb/v7e-m\libc.a
END GROUP
START GROUP
LOAD c:/nxp/s32ds_arm_v2.2/s32ds/build_tools/gcc_v6.3/gcc-6.3-arm32-eabi/bin/../lib/gcc/arm-none-eabi/6.3.1/thumb/v7e-m\libgcc.a
LOAD C:/NXP/S32DS_ARM_v2.2/S32DS/build_tools/gcc_v6.3/gcc-6.3-arm32-eabi/arm-none-eabi/newlib/lib/thumb/v7e-m\libc.a
LOAD C:/NXP/S32DS_ARM_v2.2/S32DS/build_tools/gcc_v6.3/gcc-6.3-arm32-eabi/arm-none-eabi/newlib/lib/thumb/v7e-m\libnosys.a
END GROUP
LOAD c:/nxp/s32ds_arm_v2.2/s32ds/build_tools/gcc_v6.3/gcc-6.3-arm32-eabi/bin/../lib/gcc/arm-none-eabi/6.3.1/thumb/v7e-m/crtend.o
LOAD c:/nxp/s32ds_arm_v2.2/s32ds/build_tools/gcc_v6.3/gcc-6.3-arm32-eabi/bin/../lib/gcc/arm-none-eabi/6.3.1/thumb/v7e-m/crtn.o
                0x00000400                HEAP_SIZE = DEFINED (__heap_size__)?__heap_size__:0x400
                0x00000400                STACK_SIZE = DEFINED (__stack_size__)?__stack_size__:0x400

.interrupts     0x1fff8000      0x400
                0x1fff8000                __VECTOR_TABLE = .
                0x1fff8000                __interrupts_start__ = .
                0x1fff8000                . = ALIGN (0x4)
 *(.isr_vector)
 .isr_vector    0x1fff8000      0x400 ./Project_Settings/Startup_Code/startup_S32K144.o
                0x1fff8000                __isr_vector
                0x1fff8400                __interrupts_end__ = .
                0x1fff8400                . = ALIGN (0x4)
                0x1fff8000                __VECTOR_RAM = __VECTOR_TABLE
                0x00000000                __RAM_VECTOR_TABLE_SIZE = 0x0

.flash_blinkled
                0x00002000       0x58
 *(.flash_blinkled)
 .flash_blinkled
                0x00002000       0x4c ./src/main.o
                0x00002000                blinkLed
 *fill*         0x0000204c        0x4 
 .flash_blinkled.__stub
                0x00002050        0x8 linker stubs
                0x00002058                . = ALIGN (0x4)

.text           0x1fff8400      0xc3c
                0x1fff8400                . = ALIGN (0x4)
 *(.text)
 .text          0x1fff8400       0xa4 c:/nxp/s32ds_arm_v2.2/s32ds/build_tools/gcc_v6.3/gcc-6.3-arm32-eabi/bin/../lib/gcc/arm-none-eabi/6.3.1/thumb/v7e-m/crtbegin.o
 .text          0x1fff84a4       0x50 ./Project_Settings/Startup_Code/startup_S32K144.o
                0x1fff84a4                Reset_Handler
                0x1fff84f0                DebugMon_Handler
                0x1fff84f0                Reserved88_IRQHandler
                0x1fff84f0                CAN0_ORed_IRQHandler
                0x1fff84f0                HardFault_Handler
                0x1fff84f0                Reserved86_IRQHandler
                0x1fff84f0                Reserved103_IRQHandler
                0x1fff84f0                FTM2_Ovf_Reload_IRQHandler
                0x1fff84f0                Reserved50_IRQHandler
                0x1fff84f0                FTFC_Fault_IRQHandler
                0x1fff84f0                FTM0_Ch6_Ch7_IRQHandler
                0x1fff84f0                Reserved114_IRQHandler
                0x1fff84f0                PendSV_Handler
                0x1fff84f0                NMI_Handler
                0x1fff84f0                Reserved89_IRQHandler
                0x1fff84f0                ERM_double_fault_IRQHandler
                0x1fff84f0                DMA2_IRQHandler
                0x1fff84f0                Reserved59_IRQHandler
                0x1fff84f0                Reserved99_IRQHandler
                0x1fff84f0                FTM3_Ch6_Ch7_IRQHandler
                0x1fff84f0                CAN2_ORed_0_15_MB_IRQHandler
                0x1fff84f0                LPIT0_Ch3_IRQHandler
                0x1fff84f0                Reserved92_IRQHandler
                0x1fff84f0                FTM0_Ch4_Ch5_IRQHandler
                0x1fff84f0                CAN1_Error_IRQHandler
                0x1fff84f0                FTM3_Ch0_Ch1_IRQHandler
                0x1fff84f0                SWI_IRQHandler
                0x1fff84f0                ADC0_IRQHandler
                0x1fff84f0                FTM2_Ch4_Ch5_IRQHandler
                0x1fff84f0                UsageFault_Handler
                0x1fff84f0                FTM0_Ovf_Reload_IRQHandler
                0x1fff84f0                DefaultISR
                0x1fff84f0                DMA9_IRQHandler
                0x1fff84f0                Reserved58_IRQHandler
                0x1fff84f0                CAN1_ORed_0_15_MB_IRQHandler
                0x1fff84f0                FTM1_Ch2_Ch3_IRQHandler
                0x1fff84f0                DMA14_IRQHandler
                0x1fff84f0                Reserved82_IRQHandler
                0x1fff84f0                CAN0_ORed_16_31_MB_IRQHandler
                0x1fff84f0                LPI2C0_Slave_IRQHandler
                0x1fff84f0                Reserved71_IRQHandler
                0x1fff84f0                PORTD_IRQHandler
                0x1fff84f0                Reserved69_IRQHandler
                0x1fff84f0                PORTB_IRQHandler
                0x1fff84f0                Reserved70_IRQHandler
                0x1fff84f0                ADC1_IRQHandler
                0x1fff84f0                FTM2_Ch2_Ch3_IRQHandler
                0x1fff84f0                Reserved53_IRQHandler
                0x1fff84f0                DMA5_IRQHandler
                0x1fff84f0                RTC_IRQHandler
                0x1fff84f0                PDB0_IRQHandler
                0x1fff84f0                Reserved54_IRQHandler
                0x1fff84f0                FTM2_Ch6_Ch7_IRQHandler
                0x1fff84f0                FTM3_Ch2_Ch3_IRQHandler
                0x1fff84f0                FTM2_Ch0_Ch1_IRQHandler
                0x1fff84f0                LPSPI1_IRQHandler
                0x1fff84f0                LPUART1_RxTx_IRQHandler
                0x1fff84f0                RTC_Seconds_IRQHandler
                0x1fff84f0                CAN2_ORed_IRQHandler
                0x1fff84f0                Reserved72_IRQHandler
                0x1fff84f0                Reserved110_IRQHandler
                0x1fff84f0                DMA11_IRQHandler
                0x1fff84f0                Reserved107_IRQHandler
                0x1fff84f0                Read_Collision_IRQHandler
                0x1fff84f0                CAN2_Error_IRQHandler
                0x1fff84f0                FTFC_IRQHandler
                0x1fff84f0                DMA7_IRQHandler
                0x1fff84f0                FTM1_Ch6_Ch7_IRQHandler
                0x1fff84f0                Reserved105_IRQHandler
                0x1fff84f0                FTM1_Ch4_Ch5_IRQHandler
                0x1fff84f0                FTM3_Ovf_Reload_IRQHandler
                0x1fff84f0                LPUART2_RxTx_IRQHandler
                0x1fff84f0                LPSPI0_IRQHandler
                0x1fff84f0                WDOG_EWM_IRQHandler
                0x1fff84f0                MemManage_Handler
                0x1fff84f0                Reserved90_IRQHandler
                0x1fff84f0                Reserved83_IRQHandler
                0x1fff84f0                FTM0_Fault_IRQHandler
                0x1fff84f0                Reserved48_IRQHandler
                0x1fff84f0                SVC_Handler
                0x1fff84f0                ERM_single_fault_IRQHandler
                0x1fff84f0                FTM2_Fault_IRQHandler
                0x1fff84f0                FTM0_Ch2_Ch3_IRQHandler
                0x1fff84f0                DMA13_IRQHandler
                0x1fff84f0                FTM0_Ch0_Ch1_IRQHandler
                0x1fff84f0                FTM3_Fault_IRQHandler
                0x1fff84f0                RCM_IRQHandler
                0x1fff84f0                DMA3_IRQHandler
                0x1fff84f0                Reserved100_IRQHandler
                0x1fff84f0                DMA0_IRQHandler
                0x1fff84f0                Reserved91_IRQHandler
                0x1fff84f0                CAN1_ORed_IRQHandler
                0x1fff84f0                DMA15_IRQHandler
                0x1fff84f0                SCG_IRQHandler
                0x1fff84f0                PDB1_IRQHandler
                0x1fff84f0                Reserved81_IRQHandler
                0x1fff84f0                Reserved46_IRQHandler
                0x1fff84f0                Reserved45_IRQHandler
                0x1fff84f0                CAN0_Error_IRQHandler
                0x1fff84f0                Reserved112_IRQHandler
                0x1fff84f0                LPI2C0_Master_IRQHandler
                0x1fff84f0                DMA4_IRQHandler
                0x1fff84f0                FTM1_Fault_IRQHandler
                0x1fff84f0                Reserved106_IRQHandler
                0x1fff84f0                DMA_Error_IRQHandler
                0x1fff84f0                LVD_LVW_IRQHandler
                0x1fff84f0                LPIT0_Ch2_IRQHandler
                0x1fff84f0                PORTA_IRQHandler
                0x1fff84f0                MCM_IRQHandler
                0x1fff84f0                LPSPI2_IRQHandler
                0x1fff84f0                DMA12_IRQHandler
                0x1fff84f0                FTM3_Ch4_Ch5_IRQHandler
                0x1fff84f0                CAN0_ORed_0_15_MB_IRQHandler
                0x1fff84f0                PORTE_IRQHandler
                0x1fff84f0                LPUART0_RxTx_IRQHandler
                0x1fff84f0                LPTMR0_IRQHandler
                0x1fff84f0                BusFault_Handler
                0x1fff84f0                Reserved87_IRQHandler
                0x1fff84f0                FTM1_Ovf_Reload_IRQHandler
                0x1fff84f0                DMA8_IRQHandler
                0x1fff84f0                Reserved93_IRQHandler
                0x1fff84f0                DMA10_IRQHandler
                0x1fff84f0                CAN0_Wake_Up_IRQHandler
                0x1fff84f0                CMP0_IRQHandler
                0x1fff84f0                Reserved52_IRQHandler
                0x1fff84f0                DMA6_IRQHandler
                0x1fff84f0                FTM1_Ch0_Ch1_IRQHandler
                0x1fff84f0                FLEXIO_IRQHandler
                0x1fff84f0                DMA1_IRQHandler
                0x1fff84f0                Reserved113_IRQHandler
 .text          0x1fff84f4       0x10 C:/NXP/S32DS_ARM_v2.2/S32DS/build_tools/gcc_v6.3/gcc-6.3-arm32-eabi/arm-none-eabi/newlib/lib/thumb/v7e-m\libc.a(lib_a-strlen.o)
                0x1fff84f4                strlen
 *(.text*)
 .text.init_data_bss
                0x1fff8504      0x128 ./Project_Settings/Startup_Code/startup.o
                0x1fff8504                init_data_bss
 .text.SystemInit
                0x1fff862c       0x30 ./Project_Settings/Startup_Code/system_S32K144.o
                0x1fff862c                SystemInit
 .text.init_clock
                0x1fff865c      0x1d8 ./src/clock_init.o
                0x1fff865c                init_clock
 .text.SysTick_Handler
                0x1fff8834        0xc ./src/clock_init.o
                0x1fff8834                SysTick_Handler
 .text.init_gpio
                0x1fff8840      0x158 ./src/gpio_init.o
                0x1fff8840                init_gpio
 .text.PORTC_IRQHandler
                0x1fff8998       0xf4 ./src/gpio_init.o
                0x1fff8998                PORTC_IRQHandler
 .text.init_lpit
                0x1fff8a8c       0x94 ./src/lpit0_init.o
                0x1fff8a8c                init_lpit
 .text.LPIT0_Ch0_IRQHandler
                0x1fff8b20       0x2c ./src/lpit0_init.o
                0x1fff8b20                LPIT0_Ch0_IRQHandler
 .text.LPIT0_Ch1_IRQHandler
                0x1fff8b4c      0x180 ./src/lpit0_init.o
                0x1fff8b4c                LPIT0_Ch1_IRQHandler
 .text.delay_ms
                0x1fff8ccc       0x54 ./src/lpit0_init.o
                0x1fff8ccc                delay_ms
 .text.init_lpuart1
                0x1fff8d20       0x48 ./src/lpuart1_init.o
                0x1fff8d20                init_lpuart1
 .text.send_uart
                0x1fff8d68       0x48 ./src/lpuart1_init.o
                0x1fff8d68                send_uart
 .text.main     0x1fff8db0       0x40 ./src/main.o
                0x1fff8db0                main
 .text.startup.register_fini
                0x1fff8df0       0x14 C:/NXP/S32DS_ARM_v2.2/S32DS/build_tools/gcc_v6.3/gcc-6.3-arm32-eabi/arm-none-eabi/newlib/lib/thumb/v7e-m\libc.a(lib_a-__call_atexit.o)
 .text.__libc_fini_array
                0x1fff8e04       0x28 C:/NXP/S32DS_ARM_v2.2/S32DS/build_tools/gcc_v6.3/gcc-6.3-arm32-eabi/arm-none-eabi/newlib/lib/thumb/v7e-m\libc.a(lib_a-fini.o)
                0x1fff8e04                __libc_fini_array
 .text.atexit   0x1fff8e2c        0xc C:/NXP/S32DS_ARM_v2.2/S32DS/build_tools/gcc_v6.3/gcc-6.3-arm32-eabi/arm-none-eabi/newlib/lib/thumb/v7e-m\libc.a(lib_a-atexit.o)
                0x1fff8e2c                atexit
 .text.__register_exitproc
                0x1fff8e38       0x98 C:/NXP/S32DS_ARM_v2.2/S32DS/build_tools/gcc_v6.3/gcc-6.3-arm32-eabi/arm-none-eabi/newlib/lib/thumb/v7e-m\libc.a(lib_a-__atexit.o)
                0x1fff8e38                __register_exitproc
 *(.rodata)
 .rodata        0x1fff8ed0      0x14e ./src/lpit0_init.o
 *(.rodata*)
 *fill*         0x1fff901e        0x2 
 .rodata._global_impure_ptr
                0x1fff9020        0x4 C:/NXP/S32DS_ARM_v2.2/S32DS/build_tools/gcc_v6.3/gcc-6.3-arm32-eabi/arm-none-eabi/newlib/lib/thumb/v7e-m\libc.a(lib_a-impure.o)
                0x1fff9020                _global_impure_ptr
 *(.glue_7)
 .glue_7        0x1fff9024        0x0 linker stubs
 *(.glue_7t)
 .glue_7t       0x1fff9024        0x0 linker stubs
 *(.eh_frame)
 .eh_frame      0x1fff9024        0x0 c:/nxp/s32ds_arm_v2.2/s32ds/build_tools/gcc_v6.3/gcc-6.3-arm32-eabi/bin/../lib/gcc/arm-none-eabi/6.3.1/thumb/v7e-m/crtbegin.o
 *(.init)
 .init          0x1fff9024        0x4 c:/nxp/s32ds_arm_v2.2/s32ds/build_tools/gcc_v6.3/gcc-6.3-arm32-eabi/bin/../lib/gcc/arm-none-eabi/6.3.1/thumb/v7e-m/crti.o
                0x1fff9024                _init
 .init          0x1fff9028        0x8 c:/nxp/s32ds_arm_v2.2/s32ds/build_tools/gcc_v6.3/gcc-6.3-arm32-eabi/bin/../lib/gcc/arm-none-eabi/6.3.1/thumb/v7e-m/crtn.o
 *(.fini)
 .fini          0x1fff9030        0x4 c:/nxp/s32ds_arm_v2.2/s32ds/build_tools/gcc_v6.3/gcc-6.3-arm32-eabi/bin/../lib/gcc/arm-none-eabi/6.3.1/thumb/v7e-m/crti.o
                0x1fff9030                _fini
 .fini          0x1fff9034        0x8 c:/nxp/s32ds_arm_v2.2/s32ds/build_tools/gcc_v6.3/gcc-6.3-arm32-eabi/bin/../lib/gcc/arm-none-eabi/6.3.1/thumb/v7e-m/crtn.o
                0x1fff903c                . = ALIGN (0x4)

.vfp11_veneer   0x1fff903c        0x0
 .vfp11_veneer  0x1fff903c        0x0 linker stubs

.v4_bx          0x1fff903c        0x0
 .v4_bx         0x1fff903c        0x0 linker stubs

.iplt           0x1fff903c        0x0
 .iplt          0x1fff903c        0x0 c:/nxp/s32ds_arm_v2.2/s32ds/build_tools/gcc_v6.3/gcc-6.3-arm32-eabi/bin/../lib/gcc/arm-none-eabi/6.3.1/thumb/v7e-m/crtbegin.o

.rel.dyn        0x1fff903c        0x0
 .rel.iplt      0x1fff903c        0x0 c:/nxp/s32ds_arm_v2.2/s32ds/build_tools/gcc_v6.3/gcc-6.3-arm32-eabi/bin/../lib/gcc/arm-none-eabi/6.3.1/thumb/v7e-m/crtbegin.o

.code_ram       0x1fff903c        0x0
                0x1fff903c                . = ALIGN (0x4)
                0x1fff903c                __CODE_RAM = .
                0x1fff903c                __code_ram_start__ = .
 *(.code_ram)
                0x1fff903c                __CODE_ROM = .
                0x1fff903c                __CODE_END = .
                0x1fff903c                __code_ram_end__ = .
                0x1fff903c                . = ALIGN (0x4)

.ARM.extab
 *(.ARM.extab* .gnu.linkonce.armextab.*)

.ARM            0x1fff903c        0x0
                0x1fff903c                __exidx_start = .
 *(.ARM.exidx*)
                0x1fff903c                __exidx_end = .

.ctors          0x1fff903c        0x0
                0x1fff903c                __CTOR_LIST__ = .
 *crtbegin.o(.ctors)
 *crtbegin?.o(.ctors)
 *(EXCLUDE_FILE(*crtend.o *crtend?.o) .ctors)
 *(SORT(.ctors.*))
 *(.ctors)
                0x1fff903c                __CTOR_END__ = .

.dtors          0x1fff903c        0x0
                0x1fff903c                __DTOR_LIST__ = .
 *crtbegin.o(.dtors)
 *crtbegin?.o(.dtors)
 *(EXCLUDE_FILE(*crtend.o *crtend?.o) .dtors)
 *(SORT(.dtors.*))
 *(.dtors)
                0x1fff903c                __DTOR_END__ = .

.preinit_array  0x1fff903c        0x0
                0x1fff903c                PROVIDE (__preinit_array_start, .)
 *(.preinit_array*)
                0x1fff903c                PROVIDE (__preinit_array_end, .)

.init_array     0x1fff903c        0x8
                0x1fff903c                PROVIDE (__init_array_start, .)
 *(SORT(.init_array.*))
 .init_array.00000
                0x1fff903c        0x4 C:/NXP/S32DS_ARM_v2.2/S32DS/build_tools/gcc_v6.3/gcc-6.3-arm32-eabi/arm-none-eabi/newlib/lib/thumb/v7e-m\libc.a(lib_a-__call_atexit.o)
 *(.init_array*)
 .init_array    0x1fff9040        0x4 c:/nxp/s32ds_arm_v2.2/s32ds/build_tools/gcc_v6.3/gcc-6.3-arm32-eabi/bin/../lib/gcc/arm-none-eabi/6.3.1/thumb/v7e-m/crtbegin.o
                0x1fff9044                PROVIDE (__init_array_end, .)

.fini_array     0x1fff9044        0x4
                0x1fff9044                PROVIDE (__fini_array_start, .)
 *(SORT(.fini_array.*))
 *(.fini_array*)
 .fini_array    0x1fff9044        0x4 c:/nxp/s32ds_arm_v2.2/s32ds/build_tools/gcc_v6.3/gcc-6.3-arm32-eabi/bin/../lib/gcc/arm-none-eabi/6.3.1/thumb/v7e-m/crtbegin.o
                0x1fff9048                PROVIDE (__fini_array_end, .)
                0x1fff9048                __etext = .
                0x1fff9048                __DATA_ROM = .
                0x1fff9048                __DATA_END = __DATA_ROM

.customSectionBlock
                0x20000000        0x0
                0x20000000                __customSection_start__ = .
 *(.customSection)
                0x20000000                __customSection_end__ = .
                0x20000000                __CUSTOM_ROM = .
                0x20000000                __CUSTOM_END = .

.data           0x20000000      0x424
                0x20000000                . = ALIGN (0x4)
                0x20000000                __DATA_RAM = .
                0x20000000                __data_start__ = .
 *(.data)
 *(.data*)
 .data.DELAY    0x20000000        0x2 ./src/main.o
                0x20000000                DELAY
 *fill*         0x20000002        0x6 
 .data.impure_data
                0x20000008      0x418 C:/NXP/S32DS_ARM_v2.2/S32DS/build_tools/gcc_v6.3/gcc-6.3-arm32-eabi/arm-none-eabi/newlib/lib/thumb/v7e-m\libc.a(lib_a-impure.o)
 *(.jcr*)
 .jcr           0x20000420        0x0 c:/nxp/s32ds_arm_v2.2/s32ds/build_tools/gcc_v6.3/gcc-6.3-arm32-eabi/bin/../lib/gcc/arm-none-eabi/6.3.1/thumb/v7e-m/crtbegin.o
 .jcr           0x20000420        0x4 c:/nxp/s32ds_arm_v2.2/s32ds/build_tools/gcc_v6.3/gcc-6.3-arm32-eabi/bin/../lib/gcc/arm-none-eabi/6.3.1/thumb/v7e-m/crtend.o
                0x20000424                . = ALIGN (0x4)
                0x20000424                __data_end__ = .

.tm_clone_table
                0x20000424        0x0
 .tm_clone_table
                0x20000424        0x0 c:/nxp/s32ds_arm_v2.2/s32ds/build_tools/gcc_v6.3/gcc-6.3-arm32-eabi/bin/../lib/gcc/arm-none-eabi/6.3.1/thumb/v7e-m/crtbegin.o
 .tm_clone_table
                0x20000424        0x0 c:/nxp/s32ds_arm_v2.2/s32ds/build_tools/gcc_v6.3/gcc-6.3-arm32-eabi/bin/../lib/gcc/arm-none-eabi/6.3.1/thumb/v7e-m/crtend.o

.igot.plt       0x20000424        0x0
 .igot.plt      0x20000424        0x0 c:/nxp/s32ds_arm_v2.2/s32ds/build_tools/gcc_v6.3/gcc-6.3-arm32-eabi/bin/../lib/gcc/arm-none-eabi/6.3.1/thumb/v7e-m/crtbegin.o

.new_variable   0x20000424        0x1
 *(.new_variable)
 .new_variable  0x20000424        0x1 ./src/main.o
                0x20000424                counter
 *(.new_variable*)

.bss            0x20000428       0x24
                0x20000428                . = ALIGN (0x4)
                0x20000428                __BSS_START = .
                0x20000428                __bss_start__ = .
 *(.bss)
 .bss           0x20000428       0x1c c:/nxp/s32ds_arm_v2.2/s32ds/build_tools/gcc_v6.3/gcc-6.3-arm32-eabi/bin/../lib/gcc/arm-none-eabi/6.3.1/thumb/v7e-m/crtbegin.o
 *(.bss*)
 .bss.button2_is_pressed
                0x20000444        0x1 ./src/gpio_init.o
                0x20000444                button2_is_pressed
 *fill*         0x20000445        0x3 
 .bss.timer     0x20000448        0x4 ./src/lpit0_init.o
 *(COMMON)
                0x2000044c                . = ALIGN (0x4)
                0x2000044c                __bss_end__ = .
                0x2000044c                __BSS_END = .

.heap           0x2000044c      0x404
                0x20000450                . = ALIGN (0x8)
 *fill*         0x2000044c        0x4 
                0x20000450                __end__ = .
                0x20000450                __heap_start__ = .
                [!provide]                PROVIDE (end, .)
                [!provide]                PROVIDE (_end, .)
                [!provide]                PROVIDE (__end, .)
                0x20000450                __HeapBase = .
                0x20000850                . = (. + HEAP_SIZE)
 *fill*         0x20000450      0x400 
                0x20000850                __HeapLimit = .
                0x20000850                __heap_limit = .
                0x20000850                __heap_end__ = .

/DISCARD/
 *(.FlashConfig)
                0x20007000                __StackTop = (ORIGIN (m_data) + LENGTH (m_data))
                0x20006c00                __StackLimit = (__StackTop - STACK_SIZE)
                0x20007000                PROVIDE (__stack, __StackTop)

.stack          0x20006c00      0x400
                0x20006c00                . = ALIGN (0x8)
                0x20006c00                __stack_start__ = .
                0x20007000                . = (. + STACK_SIZE)
 *fill*         0x20006c00      0x400 
                0x20007000                __stack_end__ = .
                0x20000428                __START_BSS = __BSS_START
                0x2000044c                __END_BSS = __BSS_END
                0x20007000                __SP_INIT = __StackTop

.ARM.attributes
                0x00000000       0x2a
 *(.ARM.attributes)
 .ARM.attributes
                0x00000000       0x1e c:/nxp/s32ds_arm_v2.2/s32ds/build_tools/gcc_v6.3/gcc-6.3-arm32-eabi/bin/../lib/gcc/arm-none-eabi/6.3.1/thumb/v7e-m/crti.o
 .ARM.attributes
                0x0000001e       0x2e c:/nxp/s32ds_arm_v2.2/s32ds/build_tools/gcc_v6.3/gcc-6.3-arm32-eabi/bin/../lib/gcc/arm-none-eabi/6.3.1/thumb/v7e-m/crtbegin.o
 .ARM.attributes
                0x0000004c       0x33 ./Project_Settings/Startup_Code/startup.o
 .ARM.attributes
                0x0000007f       0x1b ./Project_Settings/Startup_Code/startup_S32K144.o
 .ARM.attributes
                0x0000009a       0x33 ./Project_Settings/Startup_Code/system_S32K144.o
 .ARM.attributes
                0x000000cd       0x33 ./src/clock_init.o
 .ARM.attributes
                0x00000100       0x33 ./src/gpio_init.o
 .ARM.attributes
                0x00000133       0x33 ./src/lpit0_init.o
 .ARM.attributes
                0x00000166       0x33 ./src/lpuart1_init.o
 .ARM.attributes
                0x00000199       0x33 ./src/main.o
 .ARM.attributes
                0x000001cc       0x2e C:/NXP/S32DS_ARM_v2.2/S32DS/build_tools/gcc_v6.3/gcc-6.3-arm32-eabi/arm-none-eabi/newlib/lib/thumb/v7e-m\libc.a(lib_a-impure.o)
 .ARM.attributes
                0x000001fa       0x17 C:/NXP/S32DS_ARM_v2.2/S32DS/build_tools/gcc_v6.3/gcc-6.3-arm32-eabi/arm-none-eabi/newlib/lib/thumb/v7e-m\libc.a(lib_a-strlen.o)
 .ARM.attributes
                0x00000211       0x2e C:/NXP/S32DS_ARM_v2.2/S32DS/build_tools/gcc_v6.3/gcc-6.3-arm32-eabi/arm-none-eabi/newlib/lib/thumb/v7e-m\libc.a(lib_a-__call_atexit.o)
 .ARM.attributes
                0x0000023f       0x2e C:/NXP/S32DS_ARM_v2.2/S32DS/build_tools/gcc_v6.3/gcc-6.3-arm32-eabi/arm-none-eabi/newlib/lib/thumb/v7e-m\libc.a(lib_a-fini.o)
 .ARM.attributes
                0x0000026d       0x2e C:/NXP/S32DS_ARM_v2.2/S32DS/build_tools/gcc_v6.3/gcc-6.3-arm32-eabi/arm-none-eabi/newlib/lib/thumb/v7e-m\libc.a(lib_a-atexit.o)
 .ARM.attributes
                0x0000029b       0x2e C:/NXP/S32DS_ARM_v2.2/S32DS/build_tools/gcc_v6.3/gcc-6.3-arm32-eabi/arm-none-eabi/newlib/lib/thumb/v7e-m\libc.a(lib_a-__atexit.o)
 .ARM.attributes
                0x000002c9       0x2e c:/nxp/s32ds_arm_v2.2/s32ds/build_tools/gcc_v6.3/gcc-6.3-arm32-eabi/bin/../lib/gcc/arm-none-eabi/6.3.1/thumb/v7e-m/crtend.o
 .ARM.attributes
                0x000002f7       0x1e c:/nxp/s32ds_arm_v2.2/s32ds/build_tools/gcc_v6.3/gcc-6.3-arm32-eabi/bin/../lib/gcc/arm-none-eabi/6.3.1/thumb/v7e-m/crtn.o
                0x00000001                ASSERT ((__StackLimit >= __HeapLimit), region m_data overflowed with stack and heap)
OUTPUT(Control_LED.elf elf32-littlearm)

.comment        0x00000000       0xa0
 .comment       0x00000000       0xa0 c:/nxp/s32ds_arm_v2.2/s32ds/build_tools/gcc_v6.3/gcc-6.3-arm32-eabi/bin/../lib/gcc/arm-none-eabi/6.3.1/thumb/v7e-m/crtbegin.o
                                 0xa1 (size before relaxing)
 .comment       0x000000a0       0xa1 ./Project_Settings/Startup_Code/startup.o
 .comment       0x000000a0       0xa1 ./Project_Settings/Startup_Code/system_S32K144.o
 .comment       0x000000a0       0xa1 ./src/clock_init.o
 .comment       0x000000a0       0xa1 ./src/gpio_init.o
 .comment       0x000000a0       0xa1 ./src/lpit0_init.o
 .comment       0x000000a0       0xa1 ./src/lpuart1_init.o
 .comment       0x000000a0       0xa1 ./src/main.o
 .comment       0x000000a0       0xa1 c:/nxp/s32ds_arm_v2.2/s32ds/build_tools/gcc_v6.3/gcc-6.3-arm32-eabi/bin/../lib/gcc/arm-none-eabi/6.3.1/thumb/v7e-m/crtend.o

.debug_info     0x00000000     0x4407
 .debug_info    0x00000000      0x471 ./Project_Settings/Startup_Code/startup.o
 .debug_info    0x00000471       0x26 ./Project_Settings/Startup_Code/startup_S32K144.o
 .debug_info    0x00000497      0x522 ./Project_Settings/Startup_Code/system_S32K144.o
 .debug_info    0x000009b9      0xe7e ./src/clock_init.o
 .debug_info    0x00001837      0xbc6 ./src/gpio_init.o
 .debug_info    0x000023fd      0xbe3 ./src/lpit0_init.o
 .debug_info    0x00002fe0      0xa40 ./src/lpuart1_init.o
 .debug_info    0x00003a20      0x9e7 ./src/main.o

.debug_abbrev   0x00000000      0xb02
 .debug_abbrev  0x00000000      0x108 ./Project_Settings/Startup_Code/startup.o
 .debug_abbrev  0x00000108       0x14 ./Project_Settings/Startup_Code/startup_S32K144.o
 .debug_abbrev  0x0000011c      0x125 ./Project_Settings/Startup_Code/system_S32K144.o
 .debug_abbrev  0x00000241      0x1c0 ./src/clock_init.o
 .debug_abbrev  0x00000401      0x1a0 ./src/gpio_init.o
 .debug_abbrev  0x000005a1      0x1e3 ./src/lpit0_init.o
 .debug_abbrev  0x00000784      0x1cb ./src/lpuart1_init.o
 .debug_abbrev  0x0000094f      0x1b3 ./src/main.o

.debug_aranges  0x00000000      0x148
 .debug_aranges
                0x00000000       0x20 ./Project_Settings/Startup_Code/startup.o
 .debug_aranges
                0x00000020       0x20 ./Project_Settings/Startup_Code/startup_S32K144.o
 .debug_aranges
                0x00000040       0x30 ./Project_Settings/Startup_Code/system_S32K144.o
 .debug_aranges
                0x00000070       0x28 ./src/clock_init.o
 .debug_aranges
                0x00000098       0x28 ./src/gpio_init.o
 .debug_aranges
                0x000000c0       0x38 ./src/lpit0_init.o
 .debug_aranges
                0x000000f8       0x28 ./src/lpuart1_init.o
 .debug_aranges
                0x00000120       0x28 ./src/main.o

.debug_ranges   0x00000000       0xb8
 .debug_ranges  0x00000000       0x10 ./Project_Settings/Startup_Code/startup.o
 .debug_ranges  0x00000010       0x20 ./Project_Settings/Startup_Code/system_S32K144.o
 .debug_ranges  0x00000030       0x18 ./src/clock_init.o
 .debug_ranges  0x00000048       0x18 ./src/gpio_init.o
 .debug_ranges  0x00000060       0x28 ./src/lpit0_init.o
 .debug_ranges  0x00000088       0x18 ./src/lpuart1_init.o
 .debug_ranges  0x000000a0       0x18 ./src/main.o

.debug_macro    0x00000000    0x20f6e
 .debug_macro   0x00000000       0xb5 ./Project_Settings/Startup_Code/startup.o
 .debug_macro   0x000000b5      0x8d4 ./Project_Settings/Startup_Code/startup.o
 .debug_macro   0x00000989       0x22 ./Project_Settings/Startup_Code/startup.o
 .debug_macro   0x000009ab       0x87 ./Project_Settings/Startup_Code/startup.o
 .debug_macro   0x00000a32       0x51 ./Project_Settings/Startup_Code/startup.o
 .debug_macro   0x00000a83       0xef ./Project_Settings/Startup_Code/startup.o
 .debug_macro   0x00000b72       0x6a ./Project_Settings/Startup_Code/startup.o
 .debug_macro   0x00000bdc      0x1df ./Project_Settings/Startup_Code/startup.o
 .debug_macro   0x00000dbb       0x10 ./Project_Settings/Startup_Code/startup.o
 .debug_macro   0x00000dcb       0x7a ./Project_Settings/Startup_Code/startup.o
 .debug_macro   0x00000e45     0xed32 ./Project_Settings/Startup_Code/startup.o
 .debug_macro   0x0000fb77      0xb86 ./Project_Settings/Startup_Code/startup.o
 .debug_macro   0x000106fd       0x22 ./Project_Settings/Startup_Code/startup.o
 .debug_macro   0x0001071f       0x40 ./Project_Settings/Startup_Code/startup.o
 .debug_macro   0x0001075f       0xb5 ./Project_Settings/Startup_Code/system_S32K144.o
 .debug_macro   0x00010814       0x19 ./Project_Settings/Startup_Code/system_S32K144.o
 .debug_macro   0x0001082d     0xed1d ./Project_Settings/Startup_Code/system_S32K144.o
 .debug_macro   0x0001f54a       0x28 ./Project_Settings/Startup_Code/system_S32K144.o
 .debug_macro   0x0001f572      0x258 ./src/clock_init.o
 .debug_macro   0x0001f7ca       0x4c ./src/clock_init.o
 .debug_macro   0x0001f816       0x8d ./src/clock_init.o
 .debug_macro   0x0001f8a3       0x3c ./src/clock_init.o
 .debug_macro   0x0001f8df       0x9c ./src/clock_init.o
 .debug_macro   0x0001f97b      0x174 ./src/clock_init.o
 .debug_macro   0x0001faef       0x57 ./src/clock_init.o
 .debug_macro   0x0001fb46       0x52 ./src/clock_init.o
 .debug_macro   0x0001fb98       0x1f ./src/clock_init.o
 .debug_macro   0x0001fbb7       0x43 ./src/clock_init.o
 .debug_macro   0x0001fbfa       0x20 ./src/clock_init.o
 .debug_macro   0x0001fc1a      0x1a3 ./src/clock_init.o
 .debug_macro   0x0001fdbd      0x30d ./src/clock_init.o
 .debug_macro   0x000200ca       0x10 ./src/clock_init.o
 .debug_macro   0x000200da       0x35 ./src/clock_init.o
 .debug_macro   0x0002010f       0x1c ./src/clock_init.o
 .debug_macro   0x0002012b       0x10 ./src/clock_init.o
 .debug_macro   0x0002013b       0x10 ./src/clock_init.o
 .debug_macro   0x0002014b       0x1c ./src/clock_init.o
 .debug_macro   0x00020167       0x52 ./src/clock_init.o
 .debug_macro   0x000201b9       0x40 ./src/clock_init.o
 .debug_macro   0x000201f9       0x10 ./src/clock_init.o
 .debug_macro   0x00020209       0x40 ./src/clock_init.o
 .debug_macro   0x00020249       0xd7 ./src/clock_init.o
 .debug_macro   0x00020320       0x16 ./src/clock_init.o
 .debug_macro   0x00020336      0x161 ./src/clock_init.o
 .debug_macro   0x00020497       0x16 ./src/clock_init.o
 .debug_macro   0x000204ad       0x16 ./src/clock_init.o
 .debug_macro   0x000204c3       0x29 ./src/clock_init.o
 .debug_macro   0x000204ec       0x10 ./src/clock_init.o
 .debug_macro   0x000204fc       0x46 ./src/clock_init.o
 .debug_macro   0x00020542       0x46 ./src/clock_init.o
 .debug_macro   0x00020588       0x16 ./src/clock_init.o
 .debug_macro   0x0002059e       0x16 ./src/clock_init.o
 .debug_macro   0x000205b4       0x16 ./src/clock_init.o
 .debug_macro   0x000205ca       0x16 ./src/clock_init.o
 .debug_macro   0x000205e0       0x2e ./src/clock_init.o
 .debug_macro   0x0002060e      0x258 ./src/gpio_init.o
 .debug_macro   0x00020866      0x258 ./src/lpit0_init.o
 .debug_macro   0x00020abe      0x258 ./src/lpuart1_init.o
 .debug_macro   0x00020d16      0x258 ./src/main.o

.debug_line     0x00000000     0x1dec
 .debug_line    0x00000000      0x32e ./Project_Settings/Startup_Code/startup.o
 .debug_line    0x0000032e       0x86 ./Project_Settings/Startup_Code/startup_S32K144.o
 .debug_line    0x000003b4      0x34b ./Project_Settings/Startup_Code/system_S32K144.o
 .debug_line    0x000006ff      0x493 ./src/clock_init.o
 .debug_line    0x00000b92      0x48e ./src/gpio_init.o
 .debug_line    0x00001020      0x4cc ./src/lpit0_init.o
 .debug_line    0x000014ec      0x47f ./src/lpuart1_init.o
 .debug_line    0x0000196b      0x481 ./src/main.o

.debug_str      0x00000000    0x6d82a
 .debug_str     0x00000000    0x688ab ./Project_Settings/Startup_Code/startup.o
                              0x68ad8 (size before relaxing)
 .debug_str     0x000688ab       0x3f ./Project_Settings/Startup_Code/startup_S32K144.o
                                 0x78 (size before relaxing)
 .debug_str     0x000688ea      0x1f3 ./Project_Settings/Startup_Code/system_S32K144.o
                              0x688b1 (size before relaxing)
 .debug_str     0x00068add     0x4afb ./src/clock_init.o
                               0x81fa (size before relaxing)
 .debug_str     0x0006d5d8       0xdf ./src/gpio_init.o
                               0x8081 (size before relaxing)
 .debug_str     0x0006d6b7       0xc4 ./src/lpit0_init.o
                               0x80d0 (size before relaxing)
 .debug_str     0x0006d77b       0x82 ./src/lpuart1_init.o
                               0x8021 (size before relaxing)
 .debug_str     0x0006d7fd       0x2d ./src/main.o
                               0x7fea (size before relaxing)

.debug_frame    0x00000000      0x374
 .debug_frame   0x00000000       0x38 ./Project_Settings/Startup_Code/startup.o
 .debug_frame   0x00000038       0x80 ./Project_Settings/Startup_Code/system_S32K144.o
 .debug_frame   0x000000b8       0x58 ./src/clock_init.o
 .debug_frame   0x00000110       0x50 ./src/gpio_init.o
 .debug_frame   0x00000160       0x94 ./src/lpit0_init.o
 .debug_frame   0x000001f4       0x5c ./src/lpuart1_init.o
 .debug_frame   0x00000250       0x50 ./src/main.o
 .debug_frame   0x000002a0       0x4c C:/NXP/S32DS_ARM_v2.2/S32DS/build_tools/gcc_v6.3/gcc-6.3-arm32-eabi/arm-none-eabi/newlib/lib/thumb/v7e-m\libc.a(lib_a-__call_atexit.o)
 .debug_frame   0x000002ec       0x38 C:/NXP/S32DS_ARM_v2.2/S32DS/build_tools/gcc_v6.3/gcc-6.3-arm32-eabi/arm-none-eabi/newlib/lib/thumb/v7e-m\libc.a(lib_a-fini.o)
 .debug_frame   0x00000324       0x20 C:/NXP/S32DS_ARM_v2.2/S32DS/build_tools/gcc_v6.3/gcc-6.3-arm32-eabi/arm-none-eabi/newlib/lib/thumb/v7e-m\libc.a(lib_a-atexit.o)
 .debug_frame   0x00000344       0x30 C:/NXP/S32DS_ARM_v2.2/S32DS/build_tools/gcc_v6.3/gcc-6.3-arm32-eabi/arm-none-eabi/newlib/lib/thumb/v7e-m\libc.a(lib_a-__atexit.o)
