Archive member included to satisfy reference by file (symbol)

c:/nxp/s32ds_arm_v2.2/s32ds/build_tools/gcc_v6.3/gcc-6.3-arm32-eabi/bin/../lib/gcc/arm-none-eabi/6.3.1/thumb/v7e-m\libgcc.a(_arm_addsubdf3.o)
                              ./src/main.o (__aeabi_ui2d)
c:/nxp/s32ds_arm_v2.2/s32ds/build_tools/gcc_v6.3/gcc-6.3-arm32-eabi/bin/../lib/gcc/arm-none-eabi/6.3.1/thumb/v7e-m\libgcc.a(_arm_muldivdf3.o)
                              ./src/main.o (__aeabi_dmul)
c:/nxp/s32ds_arm_v2.2/s32ds/build_tools/gcc_v6.3/gcc-6.3-arm32-eabi/bin/../lib/gcc/arm-none-eabi/6.3.1/thumb/v7e-m\libgcc.a(_arm_fixunsdfsi.o)
                              ./src/main.o (__aeabi_d2uiz)
C:/NXP/S32DS_ARM_v2.2/S32DS/build_tools/gcc_v6.3/gcc-6.3-arm32-eabi/arm-none-eabi/newlib/lib/thumb/v7e-m\libc.a(lib_a-exit.o)
                              C:/NXP/S32DS_ARM_v2.2/S32DS/build_tools/gcc_v6.3/gcc-6.3-arm32-eabi/arm-none-eabi/newlib/lib/thumb/v7e-m/crt0.o (exit)
C:/NXP/S32DS_ARM_v2.2/S32DS/build_tools/gcc_v6.3/gcc-6.3-arm32-eabi/arm-none-eabi/newlib/lib/thumb/v7e-m\libc.a(lib_a-impure.o)
                              C:/NXP/S32DS_ARM_v2.2/S32DS/build_tools/gcc_v6.3/gcc-6.3-arm32-eabi/arm-none-eabi/newlib/lib/thumb/v7e-m\libc.a(lib_a-exit.o) (_global_impure_ptr)
C:/NXP/S32DS_ARM_v2.2/S32DS/build_tools/gcc_v6.3/gcc-6.3-arm32-eabi/arm-none-eabi/newlib/lib/thumb/v7e-m\libc.a(lib_a-init.o)
                              C:/NXP/S32DS_ARM_v2.2/S32DS/build_tools/gcc_v6.3/gcc-6.3-arm32-eabi/arm-none-eabi/newlib/lib/thumb/v7e-m/crt0.o (__libc_init_array)
C:/NXP/S32DS_ARM_v2.2/S32DS/build_tools/gcc_v6.3/gcc-6.3-arm32-eabi/arm-none-eabi/newlib/lib/thumb/v7e-m\libc.a(lib_a-memset.o)
                              C:/NXP/S32DS_ARM_v2.2/S32DS/build_tools/gcc_v6.3/gcc-6.3-arm32-eabi/arm-none-eabi/newlib/lib/thumb/v7e-m/crt0.o (memset)
C:/NXP/S32DS_ARM_v2.2/S32DS/build_tools/gcc_v6.3/gcc-6.3-arm32-eabi/arm-none-eabi/newlib/lib/thumb/v7e-m\libc.a(lib_a-__call_atexit.o)
                              C:/NXP/S32DS_ARM_v2.2/S32DS/build_tools/gcc_v6.3/gcc-6.3-arm32-eabi/arm-none-eabi/newlib/lib/thumb/v7e-m\libc.a(lib_a-exit.o) (__call_exitprocs)
C:/NXP/S32DS_ARM_v2.2/S32DS/build_tools/gcc_v6.3/gcc-6.3-arm32-eabi/arm-none-eabi/newlib/lib/thumb/v7e-m\libc.a(lib_a-fini.o)
                              C:/NXP/S32DS_ARM_v2.2/S32DS/build_tools/gcc_v6.3/gcc-6.3-arm32-eabi/arm-none-eabi/newlib/lib/thumb/v7e-m\libc.a(lib_a-__call_atexit.o) (__libc_fini_array)
C:/NXP/S32DS_ARM_v2.2/S32DS/build_tools/gcc_v6.3/gcc-6.3-arm32-eabi/arm-none-eabi/newlib/lib/thumb/v7e-m\libc.a(lib_a-atexit.o)
                              C:/NXP/S32DS_ARM_v2.2/S32DS/build_tools/gcc_v6.3/gcc-6.3-arm32-eabi/arm-none-eabi/newlib/lib/thumb/v7e-m\libc.a(lib_a-__call_atexit.o) (atexit)
C:/NXP/S32DS_ARM_v2.2/S32DS/build_tools/gcc_v6.3/gcc-6.3-arm32-eabi/arm-none-eabi/newlib/lib/thumb/v7e-m\libc.a(lib_a-__atexit.o)
                              C:/NXP/S32DS_ARM_v2.2/S32DS/build_tools/gcc_v6.3/gcc-6.3-arm32-eabi/arm-none-eabi/newlib/lib/thumb/v7e-m\libc.a(lib_a-atexit.o) (__register_exitproc)
C:/NXP/S32DS_ARM_v2.2/S32DS/build_tools/gcc_v6.3/gcc-6.3-arm32-eabi/arm-none-eabi/newlib/lib/thumb/v7e-m\libnosys.a(_exit.o)
                              C:/NXP/S32DS_ARM_v2.2/S32DS/build_tools/gcc_v6.3/gcc-6.3-arm32-eabi/arm-none-eabi/newlib/lib/thumb/v7e-m\libc.a(lib_a-exit.o) (_exit)

Discarded input sections

 .text          0x00000000        0x0 c:/nxp/s32ds_arm_v2.2/s32ds/build_tools/gcc_v6.3/gcc-6.3-arm32-eabi/bin/../lib/gcc/arm-none-eabi/6.3.1/thumb/v7e-m/crti.o
 .data          0x00000000        0x0 c:/nxp/s32ds_arm_v2.2/s32ds/build_tools/gcc_v6.3/gcc-6.3-arm32-eabi/bin/../lib/gcc/arm-none-eabi/6.3.1/thumb/v7e-m/crti.o
 .bss           0x00000000        0x0 c:/nxp/s32ds_arm_v2.2/s32ds/build_tools/gcc_v6.3/gcc-6.3-arm32-eabi/bin/../lib/gcc/arm-none-eabi/6.3.1/thumb/v7e-m/crti.o
 .data          0x00000000        0x4 c:/nxp/s32ds_arm_v2.2/s32ds/build_tools/gcc_v6.3/gcc-6.3-arm32-eabi/bin/../lib/gcc/arm-none-eabi/6.3.1/thumb/v7e-m/crtbegin.o
 .data          0x00000000        0x0 C:/NXP/S32DS_ARM_v2.2/S32DS/build_tools/gcc_v6.3/gcc-6.3-arm32-eabi/arm-none-eabi/newlib/lib/thumb/v7e-m/crt0.o
 .bss           0x00000000        0x0 C:/NXP/S32DS_ARM_v2.2/S32DS/build_tools/gcc_v6.3/gcc-6.3-arm32-eabi/arm-none-eabi/newlib/lib/thumb/v7e-m/crt0.o
 .ARM.extab     0x00000000        0x0 C:/NXP/S32DS_ARM_v2.2/S32DS/build_tools/gcc_v6.3/gcc-6.3-arm32-eabi/arm-none-eabi/newlib/lib/thumb/v7e-m/crt0.o
 .group         0x00000000        0x8 ./Project_Settings/Startup_Code/startup.o
 .group         0x00000000        0x8 ./Project_Settings/Startup_Code/startup.o
 .group         0x00000000        0x8 ./Project_Settings/Startup_Code/startup.o
 .group         0x00000000        0x8 ./Project_Settings/Startup_Code/startup.o
 .group         0x00000000        0x8 ./Project_Settings/Startup_Code/startup.o
 .group         0x00000000        0x8 ./Project_Settings/Startup_Code/startup.o
 .group         0x00000000        0x8 ./Project_Settings/Startup_Code/startup.o
 .group         0x00000000        0x8 ./Project_Settings/Startup_Code/startup.o
 .group         0x00000000        0x8 ./Project_Settings/Startup_Code/startup.o
 .group         0x00000000        0x8 ./Project_Settings/Startup_Code/startup.o
 .group         0x00000000        0x8 ./Project_Settings/Startup_Code/startup.o
 .group         0x00000000        0x8 ./Project_Settings/Startup_Code/startup.o
 .group         0x00000000        0x8 ./Project_Settings/Startup_Code/startup.o
 .text          0x00000000        0x0 ./Project_Settings/Startup_Code/startup.o
 .data          0x00000000        0x0 ./Project_Settings/Startup_Code/startup.o
 .bss           0x00000000        0x0 ./Project_Settings/Startup_Code/startup.o
 .rodata.s_vectors
                0x00000000        0x4 ./Project_Settings/Startup_Code/startup.o
 .data          0x00000000        0x0 ./Project_Settings/Startup_Code/startup_S32K144.o
 .bss           0x00000000        0x0 ./Project_Settings/Startup_Code/startup_S32K144.o
 .group         0x00000000        0x8 ./Project_Settings/Startup_Code/system_S32K144.o
 .group         0x00000000        0x8 ./Project_Settings/Startup_Code/system_S32K144.o
 .group         0x00000000        0x8 ./Project_Settings/Startup_Code/system_S32K144.o
 .group         0x00000000        0x8 ./Project_Settings/Startup_Code/system_S32K144.o
 .group         0x00000000        0x8 ./Project_Settings/Startup_Code/system_S32K144.o
 .group         0x00000000        0x8 ./Project_Settings/Startup_Code/system_S32K144.o
 .group         0x00000000        0x8 ./Project_Settings/Startup_Code/system_S32K144.o
 .group         0x00000000        0x8 ./Project_Settings/Startup_Code/system_S32K144.o
 .group         0x00000000        0x8 ./Project_Settings/Startup_Code/system_S32K144.o
 .group         0x00000000        0x8 ./Project_Settings/Startup_Code/system_S32K144.o
 .group         0x00000000        0x8 ./Project_Settings/Startup_Code/system_S32K144.o
 .group         0x00000000        0x8 ./Project_Settings/Startup_Code/system_S32K144.o
 .group         0x00000000        0x8 ./Project_Settings/Startup_Code/system_S32K144.o
 .group         0x00000000        0x8 ./Project_Settings/Startup_Code/system_S32K144.o
 .text          0x00000000        0x0 ./Project_Settings/Startup_Code/system_S32K144.o
 .data          0x00000000        0x0 ./Project_Settings/Startup_Code/system_S32K144.o
 .bss           0x00000000        0x0 ./Project_Settings/Startup_Code/system_S32K144.o
 .data.SystemCoreClock
                0x00000000        0x4 ./Project_Settings/Startup_Code/system_S32K144.o
 .text.SystemCoreClockUpdate
                0x00000000       0xf0 ./Project_Settings/Startup_Code/system_S32K144.o
 .text.SystemSoftwareReset
                0x00000000       0x3e ./Project_Settings/Startup_Code/system_S32K144.o
 .rodata.fircFreq.5176
                0x00000000        0x4 ./Project_Settings/Startup_Code/system_S32K144.o
 .debug_macro   0x00000000      0x8d4 ./Project_Settings/Startup_Code/system_S32K144.o
 .debug_macro   0x00000000       0x10 ./Project_Settings/Startup_Code/system_S32K144.o
 .debug_macro   0x00000000       0x7a ./Project_Settings/Startup_Code/system_S32K144.o
 .debug_macro   0x00000000       0x22 ./Project_Settings/Startup_Code/system_S32K144.o
 .debug_macro   0x00000000       0x87 ./Project_Settings/Startup_Code/system_S32K144.o
 .debug_macro   0x00000000       0x51 ./Project_Settings/Startup_Code/system_S32K144.o
 .debug_macro   0x00000000       0xef ./Project_Settings/Startup_Code/system_S32K144.o
 .debug_macro   0x00000000       0x6a ./Project_Settings/Startup_Code/system_S32K144.o
 .debug_macro   0x00000000      0x1df ./Project_Settings/Startup_Code/system_S32K144.o
 .debug_macro   0x00000000      0xb86 ./Project_Settings/Startup_Code/system_S32K144.o
 .debug_macro   0x00000000       0x22 ./Project_Settings/Startup_Code/system_S32K144.o
 .group         0x00000000        0x8 ./mylib/LPUART1.o
 .group         0x00000000        0x8 ./mylib/LPUART1.o
 .group         0x00000000        0x8 ./mylib/LPUART1.o
 .group         0x00000000        0x8 ./mylib/LPUART1.o
 .group         0x00000000        0x8 ./mylib/LPUART1.o
 .group         0x00000000        0x8 ./mylib/LPUART1.o
 .group         0x00000000        0x8 ./mylib/LPUART1.o
 .group         0x00000000        0x8 ./mylib/LPUART1.o
 .group         0x00000000        0x8 ./mylib/LPUART1.o
 .group         0x00000000        0x8 ./mylib/LPUART1.o
 .group         0x00000000        0x8 ./mylib/LPUART1.o
 .group         0x00000000        0x8 ./mylib/LPUART1.o
 .group         0x00000000        0x8 ./mylib/LPUART1.o
 .group         0x00000000        0x8 ./mylib/LPUART1.o
 .group         0x00000000        0x8 ./mylib/LPUART1.o
 .group         0x00000000        0x8 ./mylib/LPUART1.o
 .group         0x00000000        0x8 ./mylib/LPUART1.o
 .group         0x00000000        0x8 ./mylib/LPUART1.o
 .group         0x00000000        0x8 ./mylib/LPUART1.o
 .group         0x00000000        0x8 ./mylib/LPUART1.o
 .group         0x00000000        0x8 ./mylib/LPUART1.o
 .group         0x00000000        0x8 ./mylib/LPUART1.o
 .group         0x00000000        0x8 ./mylib/LPUART1.o
 .group         0x00000000        0x8 ./mylib/LPUART1.o
 .group         0x00000000        0x8 ./mylib/LPUART1.o
 .group         0x00000000        0x8 ./mylib/LPUART1.o
 .group         0x00000000        0x8 ./mylib/LPUART1.o
 .group         0x00000000        0x8 ./mylib/LPUART1.o
 .group         0x00000000        0x8 ./mylib/LPUART1.o
 .group         0x00000000        0x8 ./mylib/LPUART1.o
 .group         0x00000000        0x8 ./mylib/LPUART1.o
 .group         0x00000000        0x8 ./mylib/LPUART1.o
 .text          0x00000000        0x0 ./mylib/LPUART1.o
 .data          0x00000000        0x0 ./mylib/LPUART1.o
 .bss           0x00000000        0x0 ./mylib/LPUART1.o
 .text.LPUART1_receive
                0x00000000       0x2c ./mylib/LPUART1.o
 .debug_macro   0x00000000      0x8d4 ./mylib/LPUART1.o
 .debug_macro   0x00000000       0x22 ./mylib/LPUART1.o
 .debug_macro   0x00000000       0x6a ./mylib/LPUART1.o
 .debug_macro   0x00000000       0xef ./mylib/LPUART1.o
 .debug_macro   0x00000000      0x1df ./mylib/LPUART1.o
 .group         0x00000000        0x8 ./mylib/clock.o
 .group         0x00000000        0x8 ./mylib/clock.o
 .group         0x00000000        0x8 ./mylib/clock.o
 .group         0x00000000        0x8 ./mylib/clock.o
 .group         0x00000000        0x8 ./mylib/clock.o
 .group         0x00000000        0x8 ./mylib/clock.o
 .group         0x00000000        0x8 ./mylib/clock.o
 .group         0x00000000        0x8 ./mylib/clock.o
 .group         0x00000000        0x8 ./mylib/clock.o
 .group         0x00000000        0x8 ./mylib/clock.o
 .group         0x00000000        0x8 ./mylib/clock.o
 .group         0x00000000        0x8 ./mylib/clock.o
 .group         0x00000000        0x8 ./mylib/clock.o
 .group         0x00000000        0x8 ./mylib/clock.o
 .group         0x00000000        0x8 ./mylib/clock.o
 .group         0x00000000        0x8 ./mylib/clock.o
 .group         0x00000000        0x8 ./mylib/clock.o
 .group         0x00000000        0x8 ./mylib/clock.o
 .group         0x00000000        0x8 ./mylib/clock.o
 .group         0x00000000        0x8 ./mylib/clock.o
 .group         0x00000000        0x8 ./mylib/clock.o
 .group         0x00000000        0x8 ./mylib/clock.o
 .group         0x00000000        0x8 ./mylib/clock.o
 .group         0x00000000        0x8 ./mylib/clock.o
 .group         0x00000000        0x8 ./mylib/clock.o
 .group         0x00000000        0x8 ./mylib/clock.o
 .group         0x00000000        0x8 ./mylib/clock.o
 .group         0x00000000        0x8 ./mylib/clock.o
 .group         0x00000000        0x8 ./mylib/clock.o
 .group         0x00000000        0x8 ./mylib/clock.o
 .group         0x00000000        0x8 ./mylib/clock.o
 .group         0x00000000        0x8 ./mylib/clock.o
 .text          0x00000000        0x0 ./mylib/clock.o
 .data          0x00000000        0x0 ./mylib/clock.o
 .bss           0x00000000        0x0 ./mylib/clock.o
 .text.SPLL_Init_12MHz
                0x00000000       0x90 ./mylib/clock.o
 .debug_macro   0x00000000      0x8d4 ./mylib/clock.o
 .debug_macro   0x00000000       0x22 ./mylib/clock.o
 .debug_macro   0x00000000       0x4c ./mylib/clock.o
 .debug_macro   0x00000000       0x8d ./mylib/clock.o
 .debug_macro   0x00000000       0x3c ./mylib/clock.o
 .debug_macro   0x00000000       0x9c ./mylib/clock.o
 .debug_macro   0x00000000       0x16 ./mylib/clock.o
 .debug_macro   0x00000000       0x57 ./mylib/clock.o
 .debug_macro   0x00000000       0x97 ./mylib/clock.o
 .debug_macro   0x00000000      0x30d ./mylib/clock.o
 .debug_macro   0x00000000       0xfd ./mylib/clock.o
 .debug_macro   0x00000000       0x10 ./mylib/clock.o
 .debug_macro   0x00000000       0x52 ./mylib/clock.o
 .debug_macro   0x00000000       0x1f ./mylib/clock.o
 .debug_macro   0x00000000       0x43 ./mylib/clock.o
 .debug_macro   0x00000000       0x20 ./mylib/clock.o
 .debug_macro   0x00000000      0x1a3 ./mylib/clock.o
 .debug_macro   0x00000000       0x10 ./mylib/clock.o
 .debug_macro   0x00000000       0x6a ./mylib/clock.o
 .debug_macro   0x00000000       0x1c ./mylib/clock.o
 .debug_macro   0x00000000       0x52 ./mylib/clock.o
 .debug_macro   0x00000000       0x40 ./mylib/clock.o
 .debug_macro   0x00000000       0x10 ./mylib/clock.o
 .debug_macro   0x00000000       0x40 ./mylib/clock.o
 .debug_macro   0x00000000       0xd7 ./mylib/clock.o
 .debug_macro   0x00000000       0x16 ./mylib/clock.o
 .debug_macro   0x00000000      0x161 ./mylib/clock.o
 .debug_macro   0x00000000       0xef ./mylib/clock.o
 .debug_macro   0x00000000      0x1df ./mylib/clock.o
 .debug_macro   0x00000000       0x16 ./mylib/clock.o
 .debug_macro   0x00000000       0x35 ./mylib/clock.o
 .debug_macro   0x00000000      0x2dd ./mylib/clock.o
 .group         0x00000000        0x8 ./mylib/gpio.o
 .group         0x00000000        0x8 ./mylib/gpio.o
 .group         0x00000000        0x8 ./mylib/gpio.o
 .group         0x00000000        0x8 ./mylib/gpio.o
 .group         0x00000000        0x8 ./mylib/gpio.o
 .group         0x00000000        0x8 ./mylib/gpio.o
 .group         0x00000000        0x8 ./mylib/gpio.o
 .group         0x00000000        0x8 ./mylib/gpio.o
 .group         0x00000000        0x8 ./mylib/gpio.o
 .group         0x00000000        0x8 ./mylib/gpio.o
 .group         0x00000000        0x8 ./mylib/gpio.o
 .group         0x00000000        0x8 ./mylib/gpio.o
 .group         0x00000000        0x8 ./mylib/gpio.o
 .group         0x00000000        0x8 ./mylib/gpio.o
 .group         0x00000000        0x8 ./mylib/gpio.o
 .group         0x00000000        0x8 ./mylib/gpio.o
 .group         0x00000000        0x8 ./mylib/gpio.o
 .group         0x00000000        0x8 ./mylib/gpio.o
 .group         0x00000000        0x8 ./mylib/gpio.o
 .group         0x00000000        0x8 ./mylib/gpio.o
 .group         0x00000000        0x8 ./mylib/gpio.o
 .group         0x00000000        0x8 ./mylib/gpio.o
 .group         0x00000000        0x8 ./mylib/gpio.o
 .group         0x00000000        0x8 ./mylib/gpio.o
 .group         0x00000000        0x8 ./mylib/gpio.o
 .group         0x00000000        0x8 ./mylib/gpio.o
 .group         0x00000000        0x8 ./mylib/gpio.o
 .group         0x00000000        0x8 ./mylib/gpio.o
 .group         0x00000000        0x8 ./mylib/gpio.o
 .group         0x00000000        0x8 ./mylib/gpio.o
 .group         0x00000000        0x8 ./mylib/gpio.o
 .group         0x00000000        0x8 ./mylib/gpio.o
 .text          0x00000000        0x0 ./mylib/gpio.o
 .data          0x00000000        0x0 ./mylib/gpio.o
 .bss           0x00000000        0x0 ./mylib/gpio.o
 .text.LED_Init
                0x00000000       0x7c ./mylib/gpio.o
 .debug_macro   0x00000000      0x8d4 ./mylib/gpio.o
 .debug_macro   0x00000000       0x22 ./mylib/gpio.o
 .debug_macro   0x00000000       0x4c ./mylib/gpio.o
 .debug_macro   0x00000000       0x8d ./mylib/gpio.o
 .debug_macro   0x00000000       0x3c ./mylib/gpio.o
 .debug_macro   0x00000000       0x9c ./mylib/gpio.o
 .debug_macro   0x00000000       0x16 ./mylib/gpio.o
 .debug_macro   0x00000000       0x57 ./mylib/gpio.o
 .debug_macro   0x00000000       0x97 ./mylib/gpio.o
 .debug_macro   0x00000000      0x30d ./mylib/gpio.o
 .debug_macro   0x00000000       0xfd ./mylib/gpio.o
 .debug_macro   0x00000000       0x10 ./mylib/gpio.o
 .debug_macro   0x00000000       0x52 ./mylib/gpio.o
 .debug_macro   0x00000000       0x1f ./mylib/gpio.o
 .debug_macro   0x00000000       0x43 ./mylib/gpio.o
 .debug_macro   0x00000000       0x20 ./mylib/gpio.o
 .debug_macro   0x00000000      0x1a3 ./mylib/gpio.o
 .debug_macro   0x00000000       0x10 ./mylib/gpio.o
 .debug_macro   0x00000000       0x6a ./mylib/gpio.o
 .debug_macro   0x00000000       0x1c ./mylib/gpio.o
 .debug_macro   0x00000000       0x52 ./mylib/gpio.o
 .debug_macro   0x00000000       0x40 ./mylib/gpio.o
 .debug_macro   0x00000000       0x10 ./mylib/gpio.o
 .debug_macro   0x00000000       0x40 ./mylib/gpio.o
 .debug_macro   0x00000000       0xd7 ./mylib/gpio.o
 .debug_macro   0x00000000       0x16 ./mylib/gpio.o
 .debug_macro   0x00000000      0x161 ./mylib/gpio.o
 .debug_macro   0x00000000       0xef ./mylib/gpio.o
 .debug_macro   0x00000000      0x1df ./mylib/gpio.o
 .debug_macro   0x00000000       0x16 ./mylib/gpio.o
 .debug_macro   0x00000000       0x35 ./mylib/gpio.o
 .debug_macro   0x00000000      0x2dd ./mylib/gpio.o
 .group         0x00000000        0x8 ./mylib/lpit.o
 .group         0x00000000        0x8 ./mylib/lpit.o
 .group         0x00000000        0x8 ./mylib/lpit.o
 .group         0x00000000        0x8 ./mylib/lpit.o
 .group         0x00000000        0x8 ./mylib/lpit.o
 .group         0x00000000        0x8 ./mylib/lpit.o
 .group         0x00000000        0x8 ./mylib/lpit.o
 .group         0x00000000        0x8 ./mylib/lpit.o
 .group         0x00000000        0x8 ./mylib/lpit.o
 .group         0x00000000        0x8 ./mylib/lpit.o
 .group         0x00000000        0x8 ./mylib/lpit.o
 .group         0x00000000        0x8 ./mylib/lpit.o
 .group         0x00000000        0x8 ./mylib/lpit.o
 .group         0x00000000        0x8 ./mylib/lpit.o
 .group         0x00000000        0x8 ./mylib/lpit.o
 .group         0x00000000        0x8 ./mylib/lpit.o
 .group         0x00000000        0x8 ./mylib/lpit.o
 .group         0x00000000        0x8 ./mylib/lpit.o
 .group         0x00000000        0x8 ./mylib/lpit.o
 .group         0x00000000        0x8 ./mylib/lpit.o
 .group         0x00000000        0x8 ./mylib/lpit.o
 .group         0x00000000        0x8 ./mylib/lpit.o
 .group         0x00000000        0x8 ./mylib/lpit.o
 .group         0x00000000        0x8 ./mylib/lpit.o
 .group         0x00000000        0x8 ./mylib/lpit.o
 .group         0x00000000        0x8 ./mylib/lpit.o
 .group         0x00000000        0x8 ./mylib/lpit.o
 .group         0x00000000        0x8 ./mylib/lpit.o
 .group         0x00000000        0x8 ./mylib/lpit.o
 .group         0x00000000        0x8 ./mylib/lpit.o
 .group         0x00000000        0x8 ./mylib/lpit.o
 .group         0x00000000        0x8 ./mylib/lpit.o
 .text          0x00000000        0x0 ./mylib/lpit.o
 .data          0x00000000        0x0 ./mylib/lpit.o
 .bss           0x00000000        0x0 ./mylib/lpit.o
 .text.LPIT0_Init
                0x00000000       0x5c ./mylib/lpit.o
 .text.LPIT0_Ch0_Config
                0x00000000       0x48 ./mylib/lpit.o
 .text.LPIT0_Ch1_Config
                0x00000000       0x48 ./mylib/lpit.o
 .debug_info    0x00000000      0xa67 ./mylib/lpit.o
 .debug_abbrev  0x00000000      0x1ad ./mylib/lpit.o
 .debug_aranges
                0x00000000       0x30 ./mylib/lpit.o
 .debug_ranges  0x00000000       0x20 ./mylib/lpit.o
 .debug_macro   0x00000000      0x1e5 ./mylib/lpit.o
 .debug_macro   0x00000000      0x8d4 ./mylib/lpit.o
 .debug_macro   0x00000000       0x22 ./mylib/lpit.o
 .debug_macro   0x00000000       0x4c ./mylib/lpit.o
 .debug_macro   0x00000000       0x8d ./mylib/lpit.o
 .debug_macro   0x00000000       0x3c ./mylib/lpit.o
 .debug_macro   0x00000000       0x9c ./mylib/lpit.o
 .debug_macro   0x00000000       0x16 ./mylib/lpit.o
 .debug_macro   0x00000000       0x57 ./mylib/lpit.o
 .debug_macro   0x00000000       0x97 ./mylib/lpit.o
 .debug_macro   0x00000000      0x30d ./mylib/lpit.o
 .debug_macro   0x00000000       0xfd ./mylib/lpit.o
 .debug_macro   0x00000000       0x10 ./mylib/lpit.o
 .debug_macro   0x00000000       0x52 ./mylib/lpit.o
 .debug_macro   0x00000000       0x1f ./mylib/lpit.o
 .debug_macro   0x00000000       0x43 ./mylib/lpit.o
 .debug_macro   0x00000000       0x20 ./mylib/lpit.o
 .debug_macro   0x00000000      0x1a3 ./mylib/lpit.o
 .debug_macro   0x00000000       0x10 ./mylib/lpit.o
 .debug_macro   0x00000000       0x6a ./mylib/lpit.o
 .debug_macro   0x00000000       0x1c ./mylib/lpit.o
 .debug_macro   0x00000000       0x52 ./mylib/lpit.o
 .debug_macro   0x00000000       0x40 ./mylib/lpit.o
 .debug_macro   0x00000000       0x10 ./mylib/lpit.o
 .debug_macro   0x00000000       0x40 ./mylib/lpit.o
 .debug_macro   0x00000000       0xd7 ./mylib/lpit.o
 .debug_macro   0x00000000       0x16 ./mylib/lpit.o
 .debug_macro   0x00000000      0x161 ./mylib/lpit.o
 .debug_macro   0x00000000       0xef ./mylib/lpit.o
 .debug_macro   0x00000000      0x1df ./mylib/lpit.o
 .debug_macro   0x00000000       0x16 ./mylib/lpit.o
 .debug_macro   0x00000000       0x35 ./mylib/lpit.o
 .debug_macro   0x00000000      0x2dd ./mylib/lpit.o
 .debug_line    0x00000000      0x3ac ./mylib/lpit.o
 .debug_str     0x00000000     0x8993 ./mylib/lpit.o
 .comment       0x00000000       0xa1 ./mylib/lpit.o
 .debug_frame   0x00000000       0x80 ./mylib/lpit.o
 .ARM.attributes
                0x00000000       0x33 ./mylib/lpit.o
 .group         0x00000000        0x8 ./src/main.o
 .group         0x00000000        0x8 ./src/main.o
 .group         0x00000000        0x8 ./src/main.o
 .group         0x00000000        0x8 ./src/main.o
 .group         0x00000000        0x8 ./src/main.o
 .group         0x00000000        0x8 ./src/main.o
 .group         0x00000000        0x8 ./src/main.o
 .group         0x00000000        0x8 ./src/main.o
 .group         0x00000000        0x8 ./src/main.o
 .group         0x00000000        0x8 ./src/main.o
 .group         0x00000000        0x8 ./src/main.o
 .group         0x00000000        0x8 ./src/main.o
 .group         0x00000000        0x8 ./src/main.o
 .group         0x00000000        0x8 ./src/main.o
 .group         0x00000000        0x8 ./src/main.o
 .group         0x00000000        0x8 ./src/main.o
 .group         0x00000000        0x8 ./src/main.o
 .group         0x00000000        0x8 ./src/main.o
 .group         0x00000000        0x8 ./src/main.o
 .group         0x00000000        0x8 ./src/main.o
 .group         0x00000000        0x8 ./src/main.o
 .group         0x00000000        0x8 ./src/main.o
 .group         0x00000000        0x8 ./src/main.o
 .group         0x00000000        0x8 ./src/main.o
 .group         0x00000000        0x8 ./src/main.o
 .group         0x00000000        0x8 ./src/main.o
 .group         0x00000000        0x8 ./src/main.o
 .group         0x00000000        0x8 ./src/main.o
 .group         0x00000000        0x8 ./src/main.o
 .group         0x00000000        0x8 ./src/main.o
 .group         0x00000000        0x8 ./src/main.o
 .group         0x00000000        0x8 ./src/main.o
 .text          0x00000000        0x0 ./src/main.o
 .data          0x00000000        0x0 ./src/main.o
 .bss           0x00000000        0x0 ./src/main.o
 .debug_macro   0x00000000      0x8d4 ./src/main.o
 .debug_macro   0x00000000       0x22 ./src/main.o
 .debug_macro   0x00000000       0x4c ./src/main.o
 .debug_macro   0x00000000       0x8d ./src/main.o
 .debug_macro   0x00000000       0x3c ./src/main.o
 .debug_macro   0x00000000       0x9c ./src/main.o
 .debug_macro   0x00000000       0x16 ./src/main.o
 .debug_macro   0x00000000       0x57 ./src/main.o
 .debug_macro   0x00000000       0x97 ./src/main.o
 .debug_macro   0x00000000      0x30d ./src/main.o
 .debug_macro   0x00000000       0xfd ./src/main.o
 .debug_macro   0x00000000       0x10 ./src/main.o
 .debug_macro   0x00000000       0x52 ./src/main.o
 .debug_macro   0x00000000       0x1f ./src/main.o
 .debug_macro   0x00000000       0x43 ./src/main.o
 .debug_macro   0x00000000       0x20 ./src/main.o
 .debug_macro   0x00000000      0x1a3 ./src/main.o
 .debug_macro   0x00000000       0x10 ./src/main.o
 .debug_macro   0x00000000       0x6a ./src/main.o
 .debug_macro   0x00000000       0x1c ./src/main.o
 .debug_macro   0x00000000       0x52 ./src/main.o
 .debug_macro   0x00000000       0x40 ./src/main.o
 .debug_macro   0x00000000       0x10 ./src/main.o
 .debug_macro   0x00000000       0x40 ./src/main.o
 .debug_macro   0x00000000       0xd7 ./src/main.o
 .debug_macro   0x00000000       0x16 ./src/main.o
 .debug_macro   0x00000000      0x161 ./src/main.o
 .debug_macro   0x00000000       0xef ./src/main.o
 .debug_macro   0x00000000      0x1df ./src/main.o
 .debug_macro   0x00000000       0x16 ./src/main.o
 .debug_macro   0x00000000       0x35 ./src/main.o
 .debug_macro   0x00000000      0x2dd ./src/main.o
 .data          0x00000000        0x0 c:/nxp/s32ds_arm_v2.2/s32ds/build_tools/gcc_v6.3/gcc-6.3-arm32-eabi/bin/../lib/gcc/arm-none-eabi/6.3.1/thumb/v7e-m\libgcc.a(_arm_addsubdf3.o)
 .bss           0x00000000        0x0 c:/nxp/s32ds_arm_v2.2/s32ds/build_tools/gcc_v6.3/gcc-6.3-arm32-eabi/bin/../lib/gcc/arm-none-eabi/6.3.1/thumb/v7e-m\libgcc.a(_arm_addsubdf3.o)
 .data          0x00000000        0x0 c:/nxp/s32ds_arm_v2.2/s32ds/build_tools/gcc_v6.3/gcc-6.3-arm32-eabi/bin/../lib/gcc/arm-none-eabi/6.3.1/thumb/v7e-m\libgcc.a(_arm_muldivdf3.o)
 .bss           0x00000000        0x0 c:/nxp/s32ds_arm_v2.2/s32ds/build_tools/gcc_v6.3/gcc-6.3-arm32-eabi/bin/../lib/gcc/arm-none-eabi/6.3.1/thumb/v7e-m\libgcc.a(_arm_muldivdf3.o)
 .data          0x00000000        0x0 c:/nxp/s32ds_arm_v2.2/s32ds/build_tools/gcc_v6.3/gcc-6.3-arm32-eabi/bin/../lib/gcc/arm-none-eabi/6.3.1/thumb/v7e-m\libgcc.a(_arm_fixunsdfsi.o)
 .bss           0x00000000        0x0 c:/nxp/s32ds_arm_v2.2/s32ds/build_tools/gcc_v6.3/gcc-6.3-arm32-eabi/bin/../lib/gcc/arm-none-eabi/6.3.1/thumb/v7e-m\libgcc.a(_arm_fixunsdfsi.o)
 .text          0x00000000        0x0 C:/NXP/S32DS_ARM_v2.2/S32DS/build_tools/gcc_v6.3/gcc-6.3-arm32-eabi/arm-none-eabi/newlib/lib/thumb/v7e-m\libc.a(lib_a-exit.o)
 .data          0x00000000        0x0 C:/NXP/S32DS_ARM_v2.2/S32DS/build_tools/gcc_v6.3/gcc-6.3-arm32-eabi/arm-none-eabi/newlib/lib/thumb/v7e-m\libc.a(lib_a-exit.o)
 .bss           0x00000000        0x0 C:/NXP/S32DS_ARM_v2.2/S32DS/build_tools/gcc_v6.3/gcc-6.3-arm32-eabi/arm-none-eabi/newlib/lib/thumb/v7e-m\libc.a(lib_a-exit.o)
 .text          0x00000000        0x0 C:/NXP/S32DS_ARM_v2.2/S32DS/build_tools/gcc_v6.3/gcc-6.3-arm32-eabi/arm-none-eabi/newlib/lib/thumb/v7e-m\libc.a(lib_a-impure.o)
 .data          0x00000000        0x0 C:/NXP/S32DS_ARM_v2.2/S32DS/build_tools/gcc_v6.3/gcc-6.3-arm32-eabi/arm-none-eabi/newlib/lib/thumb/v7e-m\libc.a(lib_a-impure.o)
 .bss           0x00000000        0x0 C:/NXP/S32DS_ARM_v2.2/S32DS/build_tools/gcc_v6.3/gcc-6.3-arm32-eabi/arm-none-eabi/newlib/lib/thumb/v7e-m\libc.a(lib_a-impure.o)
 .data._impure_ptr
                0x00000000        0x4 C:/NXP/S32DS_ARM_v2.2/S32DS/build_tools/gcc_v6.3/gcc-6.3-arm32-eabi/arm-none-eabi/newlib/lib/thumb/v7e-m\libc.a(lib_a-impure.o)
 .text          0x00000000        0x0 C:/NXP/S32DS_ARM_v2.2/S32DS/build_tools/gcc_v6.3/gcc-6.3-arm32-eabi/arm-none-eabi/newlib/lib/thumb/v7e-m\libc.a(lib_a-init.o)
 .data          0x00000000        0x0 C:/NXP/S32DS_ARM_v2.2/S32DS/build_tools/gcc_v6.3/gcc-6.3-arm32-eabi/arm-none-eabi/newlib/lib/thumb/v7e-m\libc.a(lib_a-init.o)
 .bss           0x00000000        0x0 C:/NXP/S32DS_ARM_v2.2/S32DS/build_tools/gcc_v6.3/gcc-6.3-arm32-eabi/arm-none-eabi/newlib/lib/thumb/v7e-m\libc.a(lib_a-init.o)
 .text          0x00000000        0x0 C:/NXP/S32DS_ARM_v2.2/S32DS/build_tools/gcc_v6.3/gcc-6.3-arm32-eabi/arm-none-eabi/newlib/lib/thumb/v7e-m\libc.a(lib_a-memset.o)
 .data          0x00000000        0x0 C:/NXP/S32DS_ARM_v2.2/S32DS/build_tools/gcc_v6.3/gcc-6.3-arm32-eabi/arm-none-eabi/newlib/lib/thumb/v7e-m\libc.a(lib_a-memset.o)
 .bss           0x00000000        0x0 C:/NXP/S32DS_ARM_v2.2/S32DS/build_tools/gcc_v6.3/gcc-6.3-arm32-eabi/arm-none-eabi/newlib/lib/thumb/v7e-m\libc.a(lib_a-memset.o)
 .text          0x00000000        0x0 C:/NXP/S32DS_ARM_v2.2/S32DS/build_tools/gcc_v6.3/gcc-6.3-arm32-eabi/arm-none-eabi/newlib/lib/thumb/v7e-m\libc.a(lib_a-__call_atexit.o)
 .data          0x00000000        0x0 C:/NXP/S32DS_ARM_v2.2/S32DS/build_tools/gcc_v6.3/gcc-6.3-arm32-eabi/arm-none-eabi/newlib/lib/thumb/v7e-m\libc.a(lib_a-__call_atexit.o)
 .bss           0x00000000        0x0 C:/NXP/S32DS_ARM_v2.2/S32DS/build_tools/gcc_v6.3/gcc-6.3-arm32-eabi/arm-none-eabi/newlib/lib/thumb/v7e-m\libc.a(lib_a-__call_atexit.o)
 .text          0x00000000        0x0 C:/NXP/S32DS_ARM_v2.2/S32DS/build_tools/gcc_v6.3/gcc-6.3-arm32-eabi/arm-none-eabi/newlib/lib/thumb/v7e-m\libc.a(lib_a-fini.o)
 .data          0x00000000        0x0 C:/NXP/S32DS_ARM_v2.2/S32DS/build_tools/gcc_v6.3/gcc-6.3-arm32-eabi/arm-none-eabi/newlib/lib/thumb/v7e-m\libc.a(lib_a-fini.o)
 .bss           0x00000000        0x0 C:/NXP/S32DS_ARM_v2.2/S32DS/build_tools/gcc_v6.3/gcc-6.3-arm32-eabi/arm-none-eabi/newlib/lib/thumb/v7e-m\libc.a(lib_a-fini.o)
 .text          0x00000000        0x0 C:/NXP/S32DS_ARM_v2.2/S32DS/build_tools/gcc_v6.3/gcc-6.3-arm32-eabi/arm-none-eabi/newlib/lib/thumb/v7e-m\libc.a(lib_a-atexit.o)
 .data          0x00000000        0x0 C:/NXP/S32DS_ARM_v2.2/S32DS/build_tools/gcc_v6.3/gcc-6.3-arm32-eabi/arm-none-eabi/newlib/lib/thumb/v7e-m\libc.a(lib_a-atexit.o)
 .bss           0x00000000        0x0 C:/NXP/S32DS_ARM_v2.2/S32DS/build_tools/gcc_v6.3/gcc-6.3-arm32-eabi/arm-none-eabi/newlib/lib/thumb/v7e-m\libc.a(lib_a-atexit.o)
 .text          0x00000000        0x0 C:/NXP/S32DS_ARM_v2.2/S32DS/build_tools/gcc_v6.3/gcc-6.3-arm32-eabi/arm-none-eabi/newlib/lib/thumb/v7e-m\libc.a(lib_a-__atexit.o)
 .data          0x00000000        0x0 C:/NXP/S32DS_ARM_v2.2/S32DS/build_tools/gcc_v6.3/gcc-6.3-arm32-eabi/arm-none-eabi/newlib/lib/thumb/v7e-m\libc.a(lib_a-__atexit.o)
 .bss           0x00000000        0x0 C:/NXP/S32DS_ARM_v2.2/S32DS/build_tools/gcc_v6.3/gcc-6.3-arm32-eabi/arm-none-eabi/newlib/lib/thumb/v7e-m\libc.a(lib_a-__atexit.o)
 .text          0x00000000        0x0 C:/NXP/S32DS_ARM_v2.2/S32DS/build_tools/gcc_v6.3/gcc-6.3-arm32-eabi/arm-none-eabi/newlib/lib/thumb/v7e-m\libnosys.a(_exit.o)
 .data          0x00000000        0x0 C:/NXP/S32DS_ARM_v2.2/S32DS/build_tools/gcc_v6.3/gcc-6.3-arm32-eabi/arm-none-eabi/newlib/lib/thumb/v7e-m\libnosys.a(_exit.o)
 .bss           0x00000000        0x0 C:/NXP/S32DS_ARM_v2.2/S32DS/build_tools/gcc_v6.3/gcc-6.3-arm32-eabi/arm-none-eabi/newlib/lib/thumb/v7e-m\libnosys.a(_exit.o)
 .text          0x00000000        0x0 c:/nxp/s32ds_arm_v2.2/s32ds/build_tools/gcc_v6.3/gcc-6.3-arm32-eabi/bin/../lib/gcc/arm-none-eabi/6.3.1/thumb/v7e-m/crtend.o
 .data          0x00000000        0x0 c:/nxp/s32ds_arm_v2.2/s32ds/build_tools/gcc_v6.3/gcc-6.3-arm32-eabi/bin/../lib/gcc/arm-none-eabi/6.3.1/thumb/v7e-m/crtend.o
 .bss           0x00000000        0x0 c:/nxp/s32ds_arm_v2.2/s32ds/build_tools/gcc_v6.3/gcc-6.3-arm32-eabi/bin/../lib/gcc/arm-none-eabi/6.3.1/thumb/v7e-m/crtend.o
 .eh_frame      0x00000000        0x4 c:/nxp/s32ds_arm_v2.2/s32ds/build_tools/gcc_v6.3/gcc-6.3-arm32-eabi/bin/../lib/gcc/arm-none-eabi/6.3.1/thumb/v7e-m/crtend.o
 .text          0x00000000        0x0 c:/nxp/s32ds_arm_v2.2/s32ds/build_tools/gcc_v6.3/gcc-6.3-arm32-eabi/bin/../lib/gcc/arm-none-eabi/6.3.1/thumb/v7e-m/crtn.o
 .data          0x00000000        0x0 c:/nxp/s32ds_arm_v2.2/s32ds/build_tools/gcc_v6.3/gcc-6.3-arm32-eabi/bin/../lib/gcc/arm-none-eabi/6.3.1/thumb/v7e-m/crtn.o
 .bss           0x00000000        0x0 c:/nxp/s32ds_arm_v2.2/s32ds/build_tools/gcc_v6.3/gcc-6.3-arm32-eabi/bin/../lib/gcc/arm-none-eabi/6.3.1/thumb/v7e-m/crtn.o

Memory Configuration

Name             Origin             Length             Attributes
m_interrupts     0x00000000         0x00000400         xr
m_flash_config   0x00000400         0x00000010         xr
m_text           0x00000410         0x0007fbf0         xr
m_data           0x1fff8000         0x00008000         rw
m_data_2         0x20000000         0x00007000         rw
*default*        0x00000000         0xffffffff

Linker script and memory map

LOAD c:/nxp/s32ds_arm_v2.2/s32ds/build_tools/gcc_v6.3/gcc-6.3-arm32-eabi/bin/../lib/gcc/arm-none-eabi/6.3.1/thumb/v7e-m/crti.o
LOAD c:/nxp/s32ds_arm_v2.2/s32ds/build_tools/gcc_v6.3/gcc-6.3-arm32-eabi/bin/../lib/gcc/arm-none-eabi/6.3.1/thumb/v7e-m/crtbegin.o
LOAD C:/NXP/S32DS_ARM_v2.2/S32DS/build_tools/gcc_v6.3/gcc-6.3-arm32-eabi/arm-none-eabi/newlib/lib/thumb/v7e-m/crt0.o
LOAD ./Project_Settings/Startup_Code/startup.o
LOAD ./Project_Settings/Startup_Code/startup_S32K144.o
LOAD ./Project_Settings/Startup_Code/system_S32K144.o
LOAD ./mylib/LPUART1.o
LOAD ./mylib/clock.o
LOAD ./mylib/gpio.o
LOAD ./mylib/lpit.o
LOAD ./src/main.o
START GROUP
LOAD c:/nxp/s32ds_arm_v2.2/s32ds/build_tools/gcc_v6.3/gcc-6.3-arm32-eabi/bin/../lib/gcc/arm-none-eabi/6.3.1/thumb/v7e-m\libgcc.a
LOAD C:/NXP/S32DS_ARM_v2.2/S32DS/build_tools/gcc_v6.3/gcc-6.3-arm32-eabi/arm-none-eabi/newlib/lib/thumb/v7e-m\libc.a
END GROUP
START GROUP
LOAD c:/nxp/s32ds_arm_v2.2/s32ds/build_tools/gcc_v6.3/gcc-6.3-arm32-eabi/bin/../lib/gcc/arm-none-eabi/6.3.1/thumb/v7e-m\libgcc.a
LOAD C:/NXP/S32DS_ARM_v2.2/S32DS/build_tools/gcc_v6.3/gcc-6.3-arm32-eabi/arm-none-eabi/newlib/lib/thumb/v7e-m\libc.a
LOAD C:/NXP/S32DS_ARM_v2.2/S32DS/build_tools/gcc_v6.3/gcc-6.3-arm32-eabi/arm-none-eabi/newlib/lib/thumb/v7e-m\libnosys.a
END GROUP
LOAD c:/nxp/s32ds_arm_v2.2/s32ds/build_tools/gcc_v6.3/gcc-6.3-arm32-eabi/bin/../lib/gcc/arm-none-eabi/6.3.1/thumb/v7e-m/crtend.o
LOAD c:/nxp/s32ds_arm_v2.2/s32ds/build_tools/gcc_v6.3/gcc-6.3-arm32-eabi/bin/../lib/gcc/arm-none-eabi/6.3.1/thumb/v7e-m/crtn.o
                0x00000400                HEAP_SIZE = DEFINED (__heap_size__)?__heap_size__:0x400
                0x00000400                STACK_SIZE = DEFINED (__stack_size__)?__stack_size__:0x400
                0x00000400                M_VECTOR_RAM_SIZE = DEFINED (__flash_vector_table__)?0x0:0x400

.interrupts     0x00000000      0x400
                0x00000000                __VECTOR_TABLE = .
                0x00000000                __interrupts_start__ = .
                0x00000000                . = ALIGN (0x4)
 *(.isr_vector)
 .isr_vector    0x00000000      0x400 ./Project_Settings/Startup_Code/startup_S32K144.o
                0x00000000                __isr_vector
                0x00000400                __interrupts_end__ = .
                0x00000400                . = ALIGN (0x4)

.flash_config   0x00000400       0x10
                0x00000400                . = ALIGN (0x4)
 *(.FlashConfig)
 .FlashConfig   0x00000400       0x10 ./Project_Settings/Startup_Code/startup_S32K144.o
                0x00000410                . = ALIGN (0x4)

.text           0x00000410     0x1460
                0x00000410                . = ALIGN (0x4)
 *(.text)
 .text          0x00000410       0xa4 c:/nxp/s32ds_arm_v2.2/s32ds/build_tools/gcc_v6.3/gcc-6.3-arm32-eabi/bin/../lib/gcc/arm-none-eabi/6.3.1/thumb/v7e-m/crtbegin.o
 .text          0x000004b4       0x74 C:/NXP/S32DS_ARM_v2.2/S32DS/build_tools/gcc_v6.3/gcc-6.3-arm32-eabi/arm-none-eabi/newlib/lib/thumb/v7e-m/crt0.o
                0x000004b4                _start
                0x000004b4                _mainCRTStartup
 .text          0x00000528       0x6c ./Project_Settings/Startup_Code/startup_S32K144.o
                0x00000528                Reset_Handler
                0x00000590                DebugMon_Handler
                0x00000590                Reserved88_IRQHandler
                0x00000590                CAN0_ORed_IRQHandler
                0x00000590                HardFault_Handler
                0x00000590                Reserved86_IRQHandler
                0x00000590                Reserved103_IRQHandler
                0x00000590                SysTick_Handler
                0x00000590                FTM2_Ovf_Reload_IRQHandler
                0x00000590                Reserved50_IRQHandler
                0x00000590                FTFC_Fault_IRQHandler
                0x00000590                FTM0_Ch6_Ch7_IRQHandler
                0x00000590                Reserved114_IRQHandler
                0x00000590                PendSV_Handler
                0x00000590                NMI_Handler
                0x00000590                Reserved89_IRQHandler
                0x00000590                ERM_double_fault_IRQHandler
                0x00000590                DMA2_IRQHandler
                0x00000590                Reserved59_IRQHandler
                0x00000590                LPIT0_Ch0_IRQHandler
                0x00000590                Reserved99_IRQHandler
                0x00000590                FTM3_Ch6_Ch7_IRQHandler
                0x00000590                CAN2_ORed_0_15_MB_IRQHandler
                0x00000590                LPIT0_Ch3_IRQHandler
                0x00000590                Reserved92_IRQHandler
                0x00000590                FTM0_Ch4_Ch5_IRQHandler
                0x00000590                CAN1_Error_IRQHandler
                0x00000590                FTM3_Ch0_Ch1_IRQHandler
                0x00000590                SWI_IRQHandler
                0x00000590                ADC0_IRQHandler
                0x00000590                FTM2_Ch4_Ch5_IRQHandler
                0x00000590                UsageFault_Handler
                0x00000590                FTM0_Ovf_Reload_IRQHandler
                0x00000590                DefaultISR
                0x00000590                DMA9_IRQHandler
                0x00000590                Reserved58_IRQHandler
                0x00000590                CAN1_ORed_0_15_MB_IRQHandler
                0x00000590                FTM1_Ch2_Ch3_IRQHandler
                0x00000590                DMA14_IRQHandler
                0x00000590                Reserved82_IRQHandler
                0x00000590                CAN0_ORed_16_31_MB_IRQHandler
                0x00000590                LPI2C0_Slave_IRQHandler
                0x00000590                Reserved71_IRQHandler
                0x00000590                PORTD_IRQHandler
                0x00000590                Reserved69_IRQHandler
                0x00000590                PORTB_IRQHandler
                0x00000590                Reserved70_IRQHandler
                0x00000590                ADC1_IRQHandler
                0x00000590                FTM2_Ch2_Ch3_IRQHandler
                0x00000590                Reserved53_IRQHandler
                0x00000590                DMA5_IRQHandler
                0x00000590                RTC_IRQHandler
                0x00000590                PDB0_IRQHandler
                0x00000590                Reserved54_IRQHandler
                0x00000590                FTM2_Ch6_Ch7_IRQHandler
                0x00000590                FTM3_Ch2_Ch3_IRQHandler
                0x00000590                FTM2_Ch0_Ch1_IRQHandler
                0x00000590                LPSPI1_IRQHandler
                0x00000590                LPUART1_RxTx_IRQHandler
                0x00000590                RTC_Seconds_IRQHandler
                0x00000590                CAN2_ORed_IRQHandler
                0x00000590                Reserved72_IRQHandler
                0x00000590                Reserved110_IRQHandler
                0x00000590                DMA11_IRQHandler
                0x00000590                Reserved107_IRQHandler
                0x00000590                Read_Collision_IRQHandler
                0x00000590                CAN2_Error_IRQHandler
                0x00000590                FTFC_IRQHandler
                0x00000590                DMA7_IRQHandler
                0x00000590                FTM1_Ch6_Ch7_IRQHandler
                0x00000590                Reserved105_IRQHandler
                0x00000590                LPIT0_Ch1_IRQHandler
                0x00000590                FTM1_Ch4_Ch5_IRQHandler
                0x00000590                FTM3_Ovf_Reload_IRQHandler
                0x00000590                LPUART2_RxTx_IRQHandler
                0x00000590                LPSPI0_IRQHandler
                0x00000590                WDOG_EWM_IRQHandler
                0x00000590                MemManage_Handler
                0x00000590                Reserved90_IRQHandler
                0x00000590                Reserved83_IRQHandler
                0x00000590                FTM0_Fault_IRQHandler
                0x00000590                Reserved48_IRQHandler
                0x00000590                SVC_Handler
                0x00000590                ERM_single_fault_IRQHandler
                0x00000590                FTM2_Fault_IRQHandler
                0x00000590                FTM0_Ch2_Ch3_IRQHandler
                0x00000590                DMA13_IRQHandler
                0x00000590                FTM0_Ch0_Ch1_IRQHandler
                0x00000590                FTM3_Fault_IRQHandler
                0x00000590                RCM_IRQHandler
                0x00000590                DMA3_IRQHandler
                0x00000590                Reserved100_IRQHandler
                0x00000590                DMA0_IRQHandler
                0x00000590                Reserved91_IRQHandler
                0x00000590                CAN1_ORed_IRQHandler
                0x00000590                DMA15_IRQHandler
                0x00000590                SCG_IRQHandler
                0x00000590                PDB1_IRQHandler
                0x00000590                Reserved81_IRQHandler
                0x00000590                Reserved46_IRQHandler
                0x00000590                Reserved45_IRQHandler
                0x00000590                CAN0_Error_IRQHandler
                0x00000590                Reserved112_IRQHandler
                0x00000590                LPI2C0_Master_IRQHandler
                0x00000590                DMA4_IRQHandler
                0x00000590                FTM1_Fault_IRQHandler
                0x00000590                Reserved106_IRQHandler
                0x00000590                DMA_Error_IRQHandler
                0x00000590                LVD_LVW_IRQHandler
                0x00000590                LPIT0_Ch2_IRQHandler
                0x00000590                PORTA_IRQHandler
                0x00000590                MCM_IRQHandler
                0x00000590                LPSPI2_IRQHandler
                0x00000590                DMA12_IRQHandler
                0x00000590                FTM3_Ch4_Ch5_IRQHandler
                0x00000590                CAN0_ORed_0_15_MB_IRQHandler
                0x00000590                PORTE_IRQHandler
                0x00000590                LPUART0_RxTx_IRQHandler
                0x00000590                LPTMR0_IRQHandler
                0x00000590                BusFault_Handler
                0x00000590                Reserved87_IRQHandler
                0x00000590                FTM1_Ovf_Reload_IRQHandler
                0x00000590                DMA8_IRQHandler
                0x00000590                Reserved93_IRQHandler
                0x00000590                DMA10_IRQHandler
                0x00000590                CAN0_Wake_Up_IRQHandler
                0x00000590                CMP0_IRQHandler
                0x00000590                Reserved52_IRQHandler
                0x00000590                DMA6_IRQHandler
                0x00000590                FTM1_Ch0_Ch1_IRQHandler
                0x00000590                FLEXIO_IRQHandler
                0x00000590                DMA1_IRQHandler
                0x00000590                Reserved113_IRQHandler
 .text          0x00000594      0x378 c:/nxp/s32ds_arm_v2.2/s32ds/build_tools/gcc_v6.3/gcc-6.3-arm32-eabi/bin/../lib/gcc/arm-none-eabi/6.3.1/thumb/v7e-m\libgcc.a(_arm_addsubdf3.o)
                0x00000594                __aeabi_drsub
                0x0000059c                __aeabi_dsub
                0x0000059c                __subdf3
                0x000005a0                __aeabi_dadd
                0x000005a0                __adddf3
                0x00000818                __floatunsidf
                0x00000818                __aeabi_ui2d
                0x00000838                __floatsidf
                0x00000838                __aeabi_i2d
                0x0000085c                __aeabi_f2d
                0x0000085c                __extendsfdf2
                0x000008a0                __floatundidf
                0x000008a0                __aeabi_ul2d
                0x000008b0                __floatdidf
                0x000008b0                __aeabi_l2d
 .text          0x0000090c      0x424 c:/nxp/s32ds_arm_v2.2/s32ds/build_tools/gcc_v6.3/gcc-6.3-arm32-eabi/bin/../lib/gcc/arm-none-eabi/6.3.1/thumb/v7e-m\libgcc.a(_arm_muldivdf3.o)
                0x0000090c                __aeabi_dmul
                0x0000090c                __muldf3
                0x00000b60                __divdf3
                0x00000b60                __aeabi_ddiv
 .text          0x00000d30       0x40 c:/nxp/s32ds_arm_v2.2/s32ds/build_tools/gcc_v6.3/gcc-6.3-arm32-eabi/bin/../lib/gcc/arm-none-eabi/6.3.1/thumb/v7e-m\libgcc.a(_arm_fixunsdfsi.o)
                0x00000d30                __aeabi_d2uiz
                0x00000d30                __fixunsdfsi
 *(.text*)
 .text.init_data_bss
                0x00000d70      0x128 ./Project_Settings/Startup_Code/startup.o
                0x00000d70                init_data_bss
 .text.SystemInit
                0x00000e98       0x30 ./Project_Settings/Startup_Code/system_S32K144.o
                0x00000e98                SystemInit
 .text.LPUART1_Init
                0x00000ec8       0xe4 ./mylib/LPUART1.o
                0x00000ec8                LPUART1_Init
 .text.LPUART1_transmit_char
                0x00000fac       0x30 ./mylib/LPUART1.o
                0x00000fac                LPUART1_transmit_char
 .text.LPUART1_transmit_string
                0x00000fdc       0x36 ./mylib/LPUART1.o
                0x00000fdc                LPUART1_transmit_string
 *fill*         0x00001012        0x2 
 .text.LPUART1_transmit_number
                0x00001014       0x50 ./mylib/LPUART1.o
                0x00001014                LPUART1_transmit_number
 .text.SOSCDIV1_Init
                0x00001064       0x9c ./mylib/clock.o
                0x00001064                SOSCDIV1_Init
 .text.FIRCDIV2_Init_6MHz
                0x00001100       0x74 ./mylib/clock.o
                0x00001100                FIRCDIV2_Init_6MHz
 .text.BUTTON_Init
                0x00001174       0x94 ./mylib/gpio.o
                0x00001174                BUTTON_Init
 .text.PTM_Output_Init
                0x00001208       0x30 ./mylib/gpio.o
                0x00001208                PTM_Output_Init
 .text.PTM0_CH0_PWM_Init
                0x00001238       0xc4 ./src/main.o
                0x00001238                PTM0_CH0_PWM_Init
 .text.PORTC_IRQHandler
                0x000012fc       0x8c ./src/main.o
                0x000012fc                PORTC_IRQHandler
 .text.Delay_100ms
                0x00001388       0x28 ./src/main.o
                0x00001388                Delay_100ms
 .text.main     0x000013b0      0x1fc ./src/main.o
                0x000013b0                main
 .text.exit     0x000015ac       0x20 C:/NXP/S32DS_ARM_v2.2/S32DS/build_tools/gcc_v6.3/gcc-6.3-arm32-eabi/arm-none-eabi/newlib/lib/thumb/v7e-m\libc.a(lib_a-exit.o)
                0x000015ac                exit
 .text.__libc_init_array
                0x000015cc       0x48 C:/NXP/S32DS_ARM_v2.2/S32DS/build_tools/gcc_v6.3/gcc-6.3-arm32-eabi/arm-none-eabi/newlib/lib/thumb/v7e-m\libc.a(lib_a-init.o)
                0x000015cc                __libc_init_array
 .text.memset   0x00001614       0x10 C:/NXP/S32DS_ARM_v2.2/S32DS/build_tools/gcc_v6.3/gcc-6.3-arm32-eabi/arm-none-eabi/newlib/lib/thumb/v7e-m\libc.a(lib_a-memset.o)
                0x00001614                memset
 .text.startup.register_fini
                0x00001624       0x14 C:/NXP/S32DS_ARM_v2.2/S32DS/build_tools/gcc_v6.3/gcc-6.3-arm32-eabi/arm-none-eabi/newlib/lib/thumb/v7e-m\libc.a(lib_a-__call_atexit.o)
 .text.__call_exitprocs
                0x00001638       0xc8 C:/NXP/S32DS_ARM_v2.2/S32DS/build_tools/gcc_v6.3/gcc-6.3-arm32-eabi/arm-none-eabi/newlib/lib/thumb/v7e-m\libc.a(lib_a-__call_atexit.o)
                0x00001638                __call_exitprocs
 .text.__libc_fini_array
                0x00001700       0x28 C:/NXP/S32DS_ARM_v2.2/S32DS/build_tools/gcc_v6.3/gcc-6.3-arm32-eabi/arm-none-eabi/newlib/lib/thumb/v7e-m\libc.a(lib_a-fini.o)
                0x00001700                __libc_fini_array
 .text.atexit   0x00001728        0xc C:/NXP/S32DS_ARM_v2.2/S32DS/build_tools/gcc_v6.3/gcc-6.3-arm32-eabi/arm-none-eabi/newlib/lib/thumb/v7e-m\libc.a(lib_a-atexit.o)
                0x00001728                atexit
 .text.__register_exitproc
                0x00001734       0x98 C:/NXP/S32DS_ARM_v2.2/S32DS/build_tools/gcc_v6.3/gcc-6.3-arm32-eabi/arm-none-eabi/newlib/lib/thumb/v7e-m\libc.a(lib_a-__atexit.o)
                0x00001734                __register_exitproc
 .text._exit    0x000017cc        0x2 C:/NXP/S32DS_ARM_v2.2/S32DS/build_tools/gcc_v6.3/gcc-6.3-arm32-eabi/arm-none-eabi/newlib/lib/thumb/v7e-m\libnosys.a(_exit.o)
                0x000017cc                _exit
 *(.rodata)
 *fill*         0x000017ce        0x2 
 .rodata        0x000017d0       0x72 ./src/main.o
 *(.rodata*)
 *fill*         0x00001842        0x2 
 .rodata.Freq   0x00001844        0x8 ./src/main.o
                0x00001844                Freq
 .rodata.Scale  0x0000184c        0x8 ./src/main.o
                0x0000184c                Scale
 .rodata._global_impure_ptr
                0x00001854        0x4 C:/NXP/S32DS_ARM_v2.2/S32DS/build_tools/gcc_v6.3/gcc-6.3-arm32-eabi/arm-none-eabi/newlib/lib/thumb/v7e-m\libc.a(lib_a-impure.o)
                0x00001854                _global_impure_ptr
 *(.glue_7)
 .glue_7        0x00001858        0x0 linker stubs
 *(.glue_7t)
 .glue_7t       0x00001858        0x0 linker stubs
 *(.eh_frame)
 .eh_frame      0x00001858        0x0 c:/nxp/s32ds_arm_v2.2/s32ds/build_tools/gcc_v6.3/gcc-6.3-arm32-eabi/bin/../lib/gcc/arm-none-eabi/6.3.1/thumb/v7e-m/crtbegin.o
 *(.init)
 .init          0x00001858        0x4 c:/nxp/s32ds_arm_v2.2/s32ds/build_tools/gcc_v6.3/gcc-6.3-arm32-eabi/bin/../lib/gcc/arm-none-eabi/6.3.1/thumb/v7e-m/crti.o
                0x00001858                _init
 .init          0x0000185c        0x8 c:/nxp/s32ds_arm_v2.2/s32ds/build_tools/gcc_v6.3/gcc-6.3-arm32-eabi/bin/../lib/gcc/arm-none-eabi/6.3.1/thumb/v7e-m/crtn.o
 *(.fini)
 .fini          0x00001864        0x4 c:/nxp/s32ds_arm_v2.2/s32ds/build_tools/gcc_v6.3/gcc-6.3-arm32-eabi/bin/../lib/gcc/arm-none-eabi/6.3.1/thumb/v7e-m/crti.o
                0x00001864                _fini
 .fini          0x00001868        0x8 c:/nxp/s32ds_arm_v2.2/s32ds/build_tools/gcc_v6.3/gcc-6.3-arm32-eabi/bin/../lib/gcc/arm-none-eabi/6.3.1/thumb/v7e-m/crtn.o
                0x00001870                . = ALIGN (0x4)

.vfp11_veneer   0x00001870        0x0
 .vfp11_veneer  0x00001870        0x0 linker stubs

.v4_bx          0x00001870        0x0
 .v4_bx         0x00001870        0x0 linker stubs

.iplt           0x00001870        0x0
 .iplt          0x00001870        0x0 c:/nxp/s32ds_arm_v2.2/s32ds/build_tools/gcc_v6.3/gcc-6.3-arm32-eabi/bin/../lib/gcc/arm-none-eabi/6.3.1/thumb/v7e-m/crtbegin.o

.ARM.extab
 *(.ARM.extab* .gnu.linkonce.armextab.*)

.ARM            0x00001870        0x8
                0x00001870                __exidx_start = .
 *(.ARM.exidx*)
 .ARM.exidx     0x00001870        0x8 C:/NXP/S32DS_ARM_v2.2/S32DS/build_tools/gcc_v6.3/gcc-6.3-arm32-eabi/arm-none-eabi/newlib/lib/thumb/v7e-m/crt0.o
                0x00001878                __exidx_end = .

.rel.dyn        0x00001878        0x0
 .rel.iplt      0x00001878        0x0 c:/nxp/s32ds_arm_v2.2/s32ds/build_tools/gcc_v6.3/gcc-6.3-arm32-eabi/bin/../lib/gcc/arm-none-eabi/6.3.1/thumb/v7e-m/crtbegin.o

.ctors          0x00001878        0x0
                0x00001878                __CTOR_LIST__ = .
 *crtbegin.o(.ctors)
 *crtbegin?.o(.ctors)
 *(EXCLUDE_FILE(*crtend.o *crtend?.o) .ctors)
 *(SORT(.ctors.*))
 *(.ctors)
                0x00001878                __CTOR_END__ = .

.dtors          0x00001878        0x0
                0x00001878                __DTOR_LIST__ = .
 *crtbegin.o(.dtors)
 *crtbegin?.o(.dtors)
 *(EXCLUDE_FILE(*crtend.o *crtend?.o) .dtors)
 *(SORT(.dtors.*))
 *(.dtors)
                0x00001878                __DTOR_END__ = .

.preinit_array  0x00001878        0x0
                0x00001878                PROVIDE (__preinit_array_start, .)
 *(.preinit_array*)
                0x00001878                PROVIDE (__preinit_array_end, .)

.init_array     0x00001878        0x8
                0x00001878                PROVIDE (__init_array_start, .)
 *(SORT(.init_array.*))
 .init_array.00000
                0x00001878        0x4 C:/NXP/S32DS_ARM_v2.2/S32DS/build_tools/gcc_v6.3/gcc-6.3-arm32-eabi/arm-none-eabi/newlib/lib/thumb/v7e-m\libc.a(lib_a-__call_atexit.o)
 *(.init_array*)
 .init_array    0x0000187c        0x4 c:/nxp/s32ds_arm_v2.2/s32ds/build_tools/gcc_v6.3/gcc-6.3-arm32-eabi/bin/../lib/gcc/arm-none-eabi/6.3.1/thumb/v7e-m/crtbegin.o
                0x00001880                PROVIDE (__init_array_end, .)

.fini_array     0x00001880        0x4
                0x00001880                PROVIDE (__fini_array_start, .)
 *(SORT(.fini_array.*))
 *(.fini_array*)
 .fini_array    0x00001880        0x4 c:/nxp/s32ds_arm_v2.2/s32ds/build_tools/gcc_v6.3/gcc-6.3-arm32-eabi/bin/../lib/gcc/arm-none-eabi/6.3.1/thumb/v7e-m/crtbegin.o
                0x00001884                PROVIDE (__fini_array_end, .)
                0x00001884                __etext = .
                0x00001884                __DATA_ROM = .

.interrupts_ram
                0x1fff8000      0x400
                0x1fff8000                . = ALIGN (0x4)
                0x1fff8000                __VECTOR_RAM__ = .
                0x1fff8000                __RAM_START = .
                0x1fff8000                __interrupts_ram_start__ = .
 *(.m_interrupts_ram)
                0x1fff8400                . = (. + M_VECTOR_RAM_SIZE)
 *fill*         0x1fff8000      0x400 
                0x1fff8400                . = ALIGN (0x4)
                0x1fff8400                __interrupts_ram_end__ = .
                0x1fff8000                __VECTOR_RAM = DEFINED (__flash_vector_table__)?ORIGIN (m_interrupts):__VECTOR_RAM__
                0x00000400                __RAM_VECTOR_TABLE_SIZE = DEFINED (__flash_vector_table__)?0x0:(__interrupts_ram_end__ - __interrupts_ram_start__)

.data           0x1fff8400      0x424 load address 0x00001884
                0x1fff8400                . = ALIGN (0x4)
                0x1fff8400                __DATA_RAM = .
                0x1fff8400                __data_start__ = .
 *(.data)
 *(.data*)
 .data.pwm_state.5486
                0x1fff8400        0x1 ./src/main.o
 *fill*         0x1fff8401        0x7 
 .data.impure_data
                0x1fff8408      0x418 C:/NXP/S32DS_ARM_v2.2/S32DS/build_tools/gcc_v6.3/gcc-6.3-arm32-eabi/arm-none-eabi/newlib/lib/thumb/v7e-m\libc.a(lib_a-impure.o)
 *(.jcr*)
 .jcr           0x1fff8820        0x0 c:/nxp/s32ds_arm_v2.2/s32ds/build_tools/gcc_v6.3/gcc-6.3-arm32-eabi/bin/../lib/gcc/arm-none-eabi/6.3.1/thumb/v7e-m/crtbegin.o
 .jcr           0x1fff8820        0x4 c:/nxp/s32ds_arm_v2.2/s32ds/build_tools/gcc_v6.3/gcc-6.3-arm32-eabi/bin/../lib/gcc/arm-none-eabi/6.3.1/thumb/v7e-m/crtend.o
                0x1fff8824                . = ALIGN (0x4)
                0x1fff8824                __data_end__ = .
                0x00001ca8                __DATA_END = (__DATA_ROM + (__data_end__ - __data_start__))
                0x00001ca8                __CODE_ROM = __DATA_END

.tm_clone_table
                0x1fff8824        0x0 load address 0x00001ca8
 .tm_clone_table
                0x1fff8824        0x0 c:/nxp/s32ds_arm_v2.2/s32ds/build_tools/gcc_v6.3/gcc-6.3-arm32-eabi/bin/../lib/gcc/arm-none-eabi/6.3.1/thumb/v7e-m/crtbegin.o
 .tm_clone_table
                0x1fff8824        0x0 c:/nxp/s32ds_arm_v2.2/s32ds/build_tools/gcc_v6.3/gcc-6.3-arm32-eabi/bin/../lib/gcc/arm-none-eabi/6.3.1/thumb/v7e-m/crtend.o

.igot.plt       0x1fff8824        0x0 load address 0x00001ca8
 .igot.plt      0x1fff8824        0x0 c:/nxp/s32ds_arm_v2.2/s32ds/build_tools/gcc_v6.3/gcc-6.3-arm32-eabi/bin/../lib/gcc/arm-none-eabi/6.3.1/thumb/v7e-m/crtbegin.o

.code           0x1fff8824        0x0 load address 0x00001ca8
                0x1fff8824                . = ALIGN (0x4)
                0x1fff8824                __CODE_RAM = .
                0x1fff8824                __code_start__ = .
                0x1fff8824                __code_ram_start__ = .
 *(.code_ram)
                0x1fff8824                . = ALIGN (0x4)
                0x1fff8824                __code_end__ = .
                0x1fff8824                __code_ram_end__ = .
                0x00001ca8                __CODE_END = (__CODE_ROM + (__code_end__ - __code_start__))
                0x00001ca8                __CUSTOM_ROM = __CODE_END

.customSectionBlock
                0x20000000        0x0 load address 0x00001ca8
                0x20000000                __customSection_start__ = .
 *(.customSection)
                0x20000000                __customSection_end__ = .
                0x00001ca8                __CUSTOM_END = (__CUSTOM_ROM + (__customSection_end__ - __customSection_start__))

.bss            0x20000000       0x24
                0x20000000                . = ALIGN (0x4)
                0x20000000                __BSS_START = .
                0x20000000                __bss_start__ = .
 *(.bss)
 .bss           0x20000000       0x1c c:/nxp/s32ds_arm_v2.2/s32ds/build_tools/gcc_v6.3/gcc-6.3-arm32-eabi/bin/../lib/gcc/arm-none-eabi/6.3.1/thumb/v7e-m/crtbegin.o
 *(.bss*)
 .bss.C0V       0x2000001c        0x4 ./src/main.o
 .bss.mode      0x20000020        0x1 ./src/main.o
 .bss.button1_flag
                0x20000021        0x1 ./src/main.o
                0x20000021                button1_flag
 .bss.button2_flag
                0x20000022        0x1 ./src/main.o
                0x20000022                button2_flag
 .bss.button3_flag
                0x20000023        0x1 ./src/main.o
                0x20000023                button3_flag
 *(COMMON)
                0x20000024                . = ALIGN (0x4)
                0x20000024                __bss_end__ = .
                0x20000024                __BSS_END = .

.heap           0x20000024      0x404
                0x20000028                . = ALIGN (0x8)
 *fill*         0x20000024        0x4 
                0x20000028                __end__ = .
                0x20000028                __heap_start__ = .
                [!provide]                PROVIDE (end, .)
                [!provide]                PROVIDE (_end, .)
                [!provide]                PROVIDE (__end, .)
                0x20000028                __HeapBase = .
                0x20000428                . = (. + HEAP_SIZE)
 *fill*         0x20000028      0x400 
                0x20000428                __HeapLimit = .
                0x20000428                __heap_limit = .
                0x20000428                __heap_end__ = .
                0x20007000                __StackTop = (ORIGIN (m_data_2) + LENGTH (m_data_2))
                0x20006c00                __StackLimit = (__StackTop - STACK_SIZE)
                0x20007000                PROVIDE (__stack, __StackTop)
                0x20007000                __RAM_END = __StackTop

.stack          0x20006c00      0x400
                0x20006c00                . = ALIGN (0x8)
                0x20006c00                __stack_start__ = .
                0x20007000                . = (. + STACK_SIZE)
 *fill*         0x20006c00      0x400 
                0x20007000                __stack_end__ = .
                0x20000000                __START_BSS = __BSS_START
                0x20000024                __END_BSS = __BSS_END
                0x20007000                __SP_INIT = __StackTop

.ARM.attributes
                0x00000000       0x2a
 *(.ARM.attributes)
 .ARM.attributes
                0x00000000       0x1e c:/nxp/s32ds_arm_v2.2/s32ds/build_tools/gcc_v6.3/gcc-6.3-arm32-eabi/bin/../lib/gcc/arm-none-eabi/6.3.1/thumb/v7e-m/crti.o
 .ARM.attributes
                0x0000001e       0x2e c:/nxp/s32ds_arm_v2.2/s32ds/build_tools/gcc_v6.3/gcc-6.3-arm32-eabi/bin/../lib/gcc/arm-none-eabi/6.3.1/thumb/v7e-m/crtbegin.o
 .ARM.attributes
                0x0000004c       0x1c C:/NXP/S32DS_ARM_v2.2/S32DS/build_tools/gcc_v6.3/gcc-6.3-arm32-eabi/arm-none-eabi/newlib/lib/thumb/v7e-m/crt0.o
 .ARM.attributes
                0x00000068       0x33 ./Project_Settings/Startup_Code/startup.o
 .ARM.attributes
                0x0000009b       0x1b ./Project_Settings/Startup_Code/startup_S32K144.o
 .ARM.attributes
                0x000000b6       0x33 ./Project_Settings/Startup_Code/system_S32K144.o
 .ARM.attributes
                0x000000e9       0x33 ./mylib/LPUART1.o
 .ARM.attributes
                0x0000011c       0x33 ./mylib/clock.o
 .ARM.attributes
                0x0000014f       0x33 ./mylib/gpio.o
 .ARM.attributes
                0x00000182       0x33 ./src/main.o
 .ARM.attributes
                0x000001b5       0x1e c:/nxp/s32ds_arm_v2.2/s32ds/build_tools/gcc_v6.3/gcc-6.3-arm32-eabi/bin/../lib/gcc/arm-none-eabi/6.3.1/thumb/v7e-m\libgcc.a(_arm_addsubdf3.o)
 .ARM.attributes
                0x000001d3       0x1e c:/nxp/s32ds_arm_v2.2/s32ds/build_tools/gcc_v6.3/gcc-6.3-arm32-eabi/bin/../lib/gcc/arm-none-eabi/6.3.1/thumb/v7e-m\libgcc.a(_arm_muldivdf3.o)
 .ARM.attributes
                0x000001f1       0x1e c:/nxp/s32ds_arm_v2.2/s32ds/build_tools/gcc_v6.3/gcc-6.3-arm32-eabi/bin/../lib/gcc/arm-none-eabi/6.3.1/thumb/v7e-m\libgcc.a(_arm_fixunsdfsi.o)
 .ARM.attributes
                0x0000020f       0x2e C:/NXP/S32DS_ARM_v2.2/S32DS/build_tools/gcc_v6.3/gcc-6.3-arm32-eabi/arm-none-eabi/newlib/lib/thumb/v7e-m\libc.a(lib_a-exit.o)
 .ARM.attributes
                0x0000023d       0x2e C:/NXP/S32DS_ARM_v2.2/S32DS/build_tools/gcc_v6.3/gcc-6.3-arm32-eabi/arm-none-eabi/newlib/lib/thumb/v7e-m\libc.a(lib_a-impure.o)
 .ARM.attributes
                0x0000026b       0x2e C:/NXP/S32DS_ARM_v2.2/S32DS/build_tools/gcc_v6.3/gcc-6.3-arm32-eabi/arm-none-eabi/newlib/lib/thumb/v7e-m\libc.a(lib_a-init.o)
 .ARM.attributes
                0x00000299       0x2e C:/NXP/S32DS_ARM_v2.2/S32DS/build_tools/gcc_v6.3/gcc-6.3-arm32-eabi/arm-none-eabi/newlib/lib/thumb/v7e-m\libc.a(lib_a-memset.o)
 .ARM.attributes
                0x000002c7       0x2e C:/NXP/S32DS_ARM_v2.2/S32DS/build_tools/gcc_v6.3/gcc-6.3-arm32-eabi/arm-none-eabi/newlib/lib/thumb/v7e-m\libc.a(lib_a-__call_atexit.o)
 .ARM.attributes
                0x000002f5       0x2e C:/NXP/S32DS_ARM_v2.2/S32DS/build_tools/gcc_v6.3/gcc-6.3-arm32-eabi/arm-none-eabi/newlib/lib/thumb/v7e-m\libc.a(lib_a-fini.o)
 .ARM.attributes
                0x00000323       0x2e C:/NXP/S32DS_ARM_v2.2/S32DS/build_tools/gcc_v6.3/gcc-6.3-arm32-eabi/arm-none-eabi/newlib/lib/thumb/v7e-m\libc.a(lib_a-atexit.o)
 .ARM.attributes
                0x00000351       0x2e C:/NXP/S32DS_ARM_v2.2/S32DS/build_tools/gcc_v6.3/gcc-6.3-arm32-eabi/arm-none-eabi/newlib/lib/thumb/v7e-m\libc.a(lib_a-__atexit.o)
 .ARM.attributes
                0x0000037f       0x2e C:/NXP/S32DS_ARM_v2.2/S32DS/build_tools/gcc_v6.3/gcc-6.3-arm32-eabi/arm-none-eabi/newlib/lib/thumb/v7e-m\libnosys.a(_exit.o)
 .ARM.attributes
                0x000003ad       0x2e c:/nxp/s32ds_arm_v2.2/s32ds/build_tools/gcc_v6.3/gcc-6.3-arm32-eabi/bin/../lib/gcc/arm-none-eabi/6.3.1/thumb/v7e-m/crtend.o
 .ARM.attributes
                0x000003db       0x1e c:/nxp/s32ds_arm_v2.2/s32ds/build_tools/gcc_v6.3/gcc-6.3-arm32-eabi/bin/../lib/gcc/arm-none-eabi/6.3.1/thumb/v7e-m/crtn.o
                0x00000001                ASSERT ((__StackLimit >= __HeapLimit), region m_data_2 overflowed with stack and heap)
OUTPUT(exercise_2.elf elf32-littlearm)

.comment        0x00000000       0xa0
 .comment       0x00000000       0xa0 c:/nxp/s32ds_arm_v2.2/s32ds/build_tools/gcc_v6.3/gcc-6.3-arm32-eabi/bin/../lib/gcc/arm-none-eabi/6.3.1/thumb/v7e-m/crtbegin.o
                                 0xa1 (size before relaxing)
 .comment       0x000000a0       0xa1 ./Project_Settings/Startup_Code/startup.o
 .comment       0x000000a0       0xa1 ./Project_Settings/Startup_Code/system_S32K144.o
 .comment       0x000000a0       0xa1 ./mylib/LPUART1.o
 .comment       0x000000a0       0xa1 ./mylib/clock.o
 .comment       0x000000a0       0xa1 ./mylib/gpio.o
 .comment       0x000000a0       0xa1 ./src/main.o
 .comment       0x000000a0       0xa1 c:/nxp/s32ds_arm_v2.2/s32ds/build_tools/gcc_v6.3/gcc-6.3-arm32-eabi/bin/../lib/gcc/arm-none-eabi/6.3.1/thumb/v7e-m/crtend.o

.debug_info     0x00000000     0x3618
 .debug_info    0x00000000      0x471 ./Project_Settings/Startup_Code/startup.o
 .debug_info    0x00000471       0x26 ./Project_Settings/Startup_Code/startup_S32K144.o
 .debug_info    0x00000497      0x522 ./Project_Settings/Startup_Code/system_S32K144.o
 .debug_info    0x000009b9      0xa9e ./mylib/LPUART1.o
 .debug_info    0x00001457      0xa8d ./mylib/clock.o
 .debug_info    0x00001ee4      0x9b1 ./mylib/gpio.o
 .debug_info    0x00002895      0xd83 ./src/main.o

.debug_abbrev   0x00000000      0x9cb
 .debug_abbrev  0x00000000      0x108 ./Project_Settings/Startup_Code/startup.o
 .debug_abbrev  0x00000108       0x14 ./Project_Settings/Startup_Code/startup_S32K144.o
 .debug_abbrev  0x0000011c      0x125 ./Project_Settings/Startup_Code/system_S32K144.o
 .debug_abbrev  0x00000241      0x210 ./mylib/LPUART1.o
 .debug_abbrev  0x00000451      0x1a7 ./mylib/clock.o
 .debug_abbrev  0x000005f8      0x177 ./mylib/gpio.o
 .debug_abbrev  0x0000076f      0x25c ./src/main.o

.debug_aranges  0x00000000      0x148
 .debug_aranges
                0x00000000       0x20 ./Project_Settings/Startup_Code/startup.o
 .debug_aranges
                0x00000020       0x20 ./Project_Settings/Startup_Code/startup_S32K144.o
 .debug_aranges
                0x00000040       0x30 ./Project_Settings/Startup_Code/system_S32K144.o
 .debug_aranges
                0x00000070       0x40 ./mylib/LPUART1.o
 .debug_aranges
                0x000000b0       0x30 ./mylib/clock.o
 .debug_aranges
                0x000000e0       0x30 ./mylib/gpio.o
 .debug_aranges
                0x00000110       0x38 ./src/main.o

.debug_ranges   0x00000000       0xc8
 .debug_ranges  0x00000000       0x10 ./Project_Settings/Startup_Code/startup.o
 .debug_ranges  0x00000010       0x20 ./Project_Settings/Startup_Code/system_S32K144.o
 .debug_ranges  0x00000030       0x30 ./mylib/LPUART1.o
 .debug_ranges  0x00000060       0x20 ./mylib/clock.o
 .debug_ranges  0x00000080       0x20 ./mylib/gpio.o
 .debug_ranges  0x000000a0       0x28 ./src/main.o

.debug_macro    0x00000000    0x20ce4
 .debug_macro   0x00000000       0xb5 ./Project_Settings/Startup_Code/startup.o
 .debug_macro   0x000000b5      0x8d4 ./Project_Settings/Startup_Code/startup.o
 .debug_macro   0x00000989       0x22 ./Project_Settings/Startup_Code/startup.o
 .debug_macro   0x000009ab       0x87 ./Project_Settings/Startup_Code/startup.o
 .debug_macro   0x00000a32       0x51 ./Project_Settings/Startup_Code/startup.o
 .debug_macro   0x00000a83       0xef ./Project_Settings/Startup_Code/startup.o
 .debug_macro   0x00000b72       0x6a ./Project_Settings/Startup_Code/startup.o
 .debug_macro   0x00000bdc      0x1df ./Project_Settings/Startup_Code/startup.o
 .debug_macro   0x00000dbb       0x10 ./Project_Settings/Startup_Code/startup.o
 .debug_macro   0x00000dcb       0x7a ./Project_Settings/Startup_Code/startup.o
 .debug_macro   0x00000e45     0xed32 ./Project_Settings/Startup_Code/startup.o
 .debug_macro   0x0000fb77      0xb86 ./Project_Settings/Startup_Code/startup.o
 .debug_macro   0x000106fd       0x22 ./Project_Settings/Startup_Code/startup.o
 .debug_macro   0x0001071f       0x40 ./Project_Settings/Startup_Code/startup.o
 .debug_macro   0x0001075f       0xb5 ./Project_Settings/Startup_Code/system_S32K144.o
 .debug_macro   0x00010814       0x19 ./Project_Settings/Startup_Code/system_S32K144.o
 .debug_macro   0x0001082d     0xed1d ./Project_Settings/Startup_Code/system_S32K144.o
 .debug_macro   0x0001f54a       0x28 ./Project_Settings/Startup_Code/system_S32K144.o
 .debug_macro   0x0001f572      0x1e5 ./mylib/LPUART1.o
 .debug_macro   0x0001f757       0x4c ./mylib/LPUART1.o
 .debug_macro   0x0001f7a3       0x8d ./mylib/LPUART1.o
 .debug_macro   0x0001f830       0x3c ./mylib/LPUART1.o
 .debug_macro   0x0001f86c       0x9c ./mylib/LPUART1.o
 .debug_macro   0x0001f908       0x16 ./mylib/LPUART1.o
 .debug_macro   0x0001f91e       0x57 ./mylib/LPUART1.o
 .debug_macro   0x0001f975       0x97 ./mylib/LPUART1.o
 .debug_macro   0x0001fa0c      0x30d ./mylib/LPUART1.o
 .debug_macro   0x0001fd19       0xfd ./mylib/LPUART1.o
 .debug_macro   0x0001fe16       0x10 ./mylib/LPUART1.o
 .debug_macro   0x0001fe26       0x52 ./mylib/LPUART1.o
 .debug_macro   0x0001fe78       0x1f ./mylib/LPUART1.o
 .debug_macro   0x0001fe97       0x43 ./mylib/LPUART1.o
 .debug_macro   0x0001feda       0x20 ./mylib/LPUART1.o
 .debug_macro   0x0001fefa      0x1a3 ./mylib/LPUART1.o
 .debug_macro   0x0002009d       0x10 ./mylib/LPUART1.o
 .debug_macro   0x000200ad       0x1c ./mylib/LPUART1.o
 .debug_macro   0x000200c9       0x52 ./mylib/LPUART1.o
 .debug_macro   0x0002011b       0x40 ./mylib/LPUART1.o
 .debug_macro   0x0002015b       0x10 ./mylib/LPUART1.o
 .debug_macro   0x0002016b       0x40 ./mylib/LPUART1.o
 .debug_macro   0x000201ab       0xd7 ./mylib/LPUART1.o
 .debug_macro   0x00020282       0x16 ./mylib/LPUART1.o
 .debug_macro   0x00020298      0x161 ./mylib/LPUART1.o
 .debug_macro   0x000203f9       0x16 ./mylib/LPUART1.o
 .debug_macro   0x0002040f       0x35 ./mylib/LPUART1.o
 .debug_macro   0x00020444      0x2dd ./mylib/LPUART1.o
 .debug_macro   0x00020721      0x1e5 ./mylib/clock.o
 .debug_macro   0x00020906      0x1e5 ./mylib/gpio.o
 .debug_macro   0x00020aeb      0x1f9 ./src/main.o

.debug_line     0x00000000     0x16c6
 .debug_line    0x00000000      0x330 ./Project_Settings/Startup_Code/startup.o
 .debug_line    0x00000330       0x91 ./Project_Settings/Startup_Code/startup_S32K144.o
 .debug_line    0x000003c1      0x34d ./Project_Settings/Startup_Code/system_S32K144.o
 .debug_line    0x0000070e      0x3f1 ./mylib/LPUART1.o
 .debug_line    0x00000aff      0x3cc ./mylib/clock.o
 .debug_line    0x00000ecb      0x3b3 ./mylib/gpio.o
 .debug_line    0x0000127e      0x448 ./src/main.o

.debug_str      0x00000000    0x6d37d
 .debug_str     0x00000000    0x688af ./Project_Settings/Startup_Code/startup.o
                              0x68adc (size before relaxing)
 .debug_str     0x000688af       0x3f ./Project_Settings/Startup_Code/startup_S32K144.o
                                 0x7c (size before relaxing)
 .debug_str     0x000688ee      0x1f3 ./Project_Settings/Startup_Code/system_S32K144.o
                              0x688b5 (size before relaxing)
 .debug_str     0x00068ae1     0x4655 ./mylib/LPUART1.o
                               0x89be (size before relaxing)
 .debug_str     0x0006d136       0x51 ./mylib/clock.o
                               0x89de (size before relaxing)
 .debug_str     0x0006d187       0x6b ./mylib/gpio.o
                               0x8938 (size before relaxing)
 .debug_str     0x0006d1f2      0x18b ./src/main.o
                               0x8ac2 (size before relaxing)

.debug_frame    0x00000000      0x58c
 .debug_frame   0x00000000       0x38 ./Project_Settings/Startup_Code/startup.o
 .debug_frame   0x00000038       0x80 ./Project_Settings/Startup_Code/system_S32K144.o
 .debug_frame   0x000000b8       0xc8 ./mylib/LPUART1.o
 .debug_frame   0x00000180       0x78 ./mylib/clock.o
 .debug_frame   0x000001f8       0x70 ./mylib/gpio.o
 .debug_frame   0x00000268       0x9c ./src/main.o
 .debug_frame   0x00000304       0xac c:/nxp/s32ds_arm_v2.2/s32ds/build_tools/gcc_v6.3/gcc-6.3-arm32-eabi/bin/../lib/gcc/arm-none-eabi/6.3.1/thumb/v7e-m\libgcc.a(_arm_addsubdf3.o)
 .debug_frame   0x000003b0       0x50 c:/nxp/s32ds_arm_v2.2/s32ds/build_tools/gcc_v6.3/gcc-6.3-arm32-eabi/bin/../lib/gcc/arm-none-eabi/6.3.1/thumb/v7e-m\libgcc.a(_arm_muldivdf3.o)
 .debug_frame   0x00000400       0x24 c:/nxp/s32ds_arm_v2.2/s32ds/build_tools/gcc_v6.3/gcc-6.3-arm32-eabi/bin/../lib/gcc/arm-none-eabi/6.3.1/thumb/v7e-m\libgcc.a(_arm_fixunsdfsi.o)
 .debug_frame   0x00000424       0x28 C:/NXP/S32DS_ARM_v2.2/S32DS/build_tools/gcc_v6.3/gcc-6.3-arm32-eabi/arm-none-eabi/newlib/lib/thumb/v7e-m\libc.a(lib_a-exit.o)
 .debug_frame   0x0000044c       0x2c C:/NXP/S32DS_ARM_v2.2/S32DS/build_tools/gcc_v6.3/gcc-6.3-arm32-eabi/arm-none-eabi/newlib/lib/thumb/v7e-m\libc.a(lib_a-init.o)
 .debug_frame   0x00000478       0x20 C:/NXP/S32DS_ARM_v2.2/S32DS/build_tools/gcc_v6.3/gcc-6.3-arm32-eabi/arm-none-eabi/newlib/lib/thumb/v7e-m\libc.a(lib_a-memset.o)
 .debug_frame   0x00000498       0x4c C:/NXP/S32DS_ARM_v2.2/S32DS/build_tools/gcc_v6.3/gcc-6.3-arm32-eabi/arm-none-eabi/newlib/lib/thumb/v7e-m\libc.a(lib_a-__call_atexit.o)
 .debug_frame   0x000004e4       0x38 C:/NXP/S32DS_ARM_v2.2/S32DS/build_tools/gcc_v6.3/gcc-6.3-arm32-eabi/arm-none-eabi/newlib/lib/thumb/v7e-m\libc.a(lib_a-fini.o)
 .debug_frame   0x0000051c       0x20 C:/NXP/S32DS_ARM_v2.2/S32DS/build_tools/gcc_v6.3/gcc-6.3-arm32-eabi/arm-none-eabi/newlib/lib/thumb/v7e-m\libc.a(lib_a-atexit.o)
 .debug_frame   0x0000053c       0x30 C:/NXP/S32DS_ARM_v2.2/S32DS/build_tools/gcc_v6.3/gcc-6.3-arm32-eabi/arm-none-eabi/newlib/lib/thumb/v7e-m\libc.a(lib_a-__atexit.o)
 .debug_frame   0x0000056c       0x20 C:/NXP/S32DS_ARM_v2.2/S32DS/build_tools/gcc_v6.3/gcc-6.3-arm32-eabi/arm-none-eabi/newlib/lib/thumb/v7e-m\libnosys.a(_exit.o)
