Archive member included to satisfy reference by file (symbol)

C:/NXP/S32DS_ARM_v2.2/S32DS/build_tools/gcc_v6.3/gcc-6.3-arm32-eabi/arm-none-eabi/newlib/lib/thumb/v7e-m\libc.a(lib_a-exit.o)
                              C:/NXP/S32DS_ARM_v2.2/S32DS/build_tools/gcc_v6.3/gcc-6.3-arm32-eabi/arm-none-eabi/newlib/lib/thumb/v7e-m/crt0.o (exit)
C:/NXP/S32DS_ARM_v2.2/S32DS/build_tools/gcc_v6.3/gcc-6.3-arm32-eabi/arm-none-eabi/newlib/lib/thumb/v7e-m\libc.a(lib_a-impure.o)
                              C:/NXP/S32DS_ARM_v2.2/S32DS/build_tools/gcc_v6.3/gcc-6.3-arm32-eabi/arm-none-eabi/newlib/lib/thumb/v7e-m\libc.a(lib_a-exit.o) (_global_impure_ptr)
C:/NXP/S32DS_ARM_v2.2/S32DS/build_tools/gcc_v6.3/gcc-6.3-arm32-eabi/arm-none-eabi/newlib/lib/thumb/v7e-m\libc.a(lib_a-init.o)
                              C:/NXP/S32DS_ARM_v2.2/S32DS/build_tools/gcc_v6.3/gcc-6.3-arm32-eabi/arm-none-eabi/newlib/lib/thumb/v7e-m/crt0.o (__libc_init_array)
C:/NXP/S32DS_ARM_v2.2/S32DS/build_tools/gcc_v6.3/gcc-6.3-arm32-eabi/arm-none-eabi/newlib/lib/thumb/v7e-m\libc.a(lib_a-memset.o)
                              C:/NXP/S32DS_ARM_v2.2/S32DS/build_tools/gcc_v6.3/gcc-6.3-arm32-eabi/arm-none-eabi/newlib/lib/thumb/v7e-m/crt0.o (memset)
C:/NXP/S32DS_ARM_v2.2/S32DS/build_tools/gcc_v6.3/gcc-6.3-arm32-eabi/arm-none-eabi/newlib/lib/thumb/v7e-m\libc.a(lib_a-__call_atexit.o)
                              C:/NXP/S32DS_ARM_v2.2/S32DS/build_tools/gcc_v6.3/gcc-6.3-arm32-eabi/arm-none-eabi/newlib/lib/thumb/v7e-m\libc.a(lib_a-exit.o) (__call_exitprocs)
C:/NXP/S32DS_ARM_v2.2/S32DS/build_tools/gcc_v6.3/gcc-6.3-arm32-eabi/arm-none-eabi/newlib/lib/thumb/v7e-m\libc.a(lib_a-fini.o)
                              C:/NXP/S32DS_ARM_v2.2/S32DS/build_tools/gcc_v6.3/gcc-6.3-arm32-eabi/arm-none-eabi/newlib/lib/thumb/v7e-m\libc.a(lib_a-__call_atexit.o) (__libc_fini_array)
C:/NXP/S32DS_ARM_v2.2/S32DS/build_tools/gcc_v6.3/gcc-6.3-arm32-eabi/arm-none-eabi/newlib/lib/thumb/v7e-m\libc.a(lib_a-atexit.o)
                              C:/NXP/S32DS_ARM_v2.2/S32DS/build_tools/gcc_v6.3/gcc-6.3-arm32-eabi/arm-none-eabi/newlib/lib/thumb/v7e-m\libc.a(lib_a-__call_atexit.o) (atexit)
C:/NXP/S32DS_ARM_v2.2/S32DS/build_tools/gcc_v6.3/gcc-6.3-arm32-eabi/arm-none-eabi/newlib/lib/thumb/v7e-m\libc.a(lib_a-__atexit.o)
                              C:/NXP/S32DS_ARM_v2.2/S32DS/build_tools/gcc_v6.3/gcc-6.3-arm32-eabi/arm-none-eabi/newlib/lib/thumb/v7e-m\libc.a(lib_a-atexit.o) (__register_exitproc)
C:/NXP/S32DS_ARM_v2.2/S32DS/build_tools/gcc_v6.3/gcc-6.3-arm32-eabi/arm-none-eabi/newlib/lib/thumb/v7e-m\libnosys.a(_exit.o)
                              C:/NXP/S32DS_ARM_v2.2/S32DS/build_tools/gcc_v6.3/gcc-6.3-arm32-eabi/arm-none-eabi/newlib/lib/thumb/v7e-m\libc.a(lib_a-exit.o) (_exit)

Allocating common symbols
Common symbol       size              file

count_LED           0x1               ./src/project.o

Discarded input sections

 .text          0x00000000        0x0 c:/nxp/s32ds_arm_v2.2/s32ds/build_tools/gcc_v6.3/gcc-6.3-arm32-eabi/bin/../lib/gcc/arm-none-eabi/6.3.1/thumb/v7e-m/crti.o
 .data          0x00000000        0x0 c:/nxp/s32ds_arm_v2.2/s32ds/build_tools/gcc_v6.3/gcc-6.3-arm32-eabi/bin/../lib/gcc/arm-none-eabi/6.3.1/thumb/v7e-m/crti.o
 .bss           0x00000000        0x0 c:/nxp/s32ds_arm_v2.2/s32ds/build_tools/gcc_v6.3/gcc-6.3-arm32-eabi/bin/../lib/gcc/arm-none-eabi/6.3.1/thumb/v7e-m/crti.o
 .data          0x00000000        0x4 c:/nxp/s32ds_arm_v2.2/s32ds/build_tools/gcc_v6.3/gcc-6.3-arm32-eabi/bin/../lib/gcc/arm-none-eabi/6.3.1/thumb/v7e-m/crtbegin.o
 .text          0x00000000       0x74 C:/NXP/S32DS_ARM_v2.2/S32DS/build_tools/gcc_v6.3/gcc-6.3-arm32-eabi/arm-none-eabi/newlib/lib/thumb/v7e-m/crt0.o
 .data          0x00000000        0x0 C:/NXP/S32DS_ARM_v2.2/S32DS/build_tools/gcc_v6.3/gcc-6.3-arm32-eabi/arm-none-eabi/newlib/lib/thumb/v7e-m/crt0.o
 .bss           0x00000000        0x0 C:/NXP/S32DS_ARM_v2.2/S32DS/build_tools/gcc_v6.3/gcc-6.3-arm32-eabi/arm-none-eabi/newlib/lib/thumb/v7e-m/crt0.o
 .ARM.extab     0x00000000        0x0 C:/NXP/S32DS_ARM_v2.2/S32DS/build_tools/gcc_v6.3/gcc-6.3-arm32-eabi/arm-none-eabi/newlib/lib/thumb/v7e-m/crt0.o
 .ARM.exidx     0x00000000        0x8 C:/NXP/S32DS_ARM_v2.2/S32DS/build_tools/gcc_v6.3/gcc-6.3-arm32-eabi/arm-none-eabi/newlib/lib/thumb/v7e-m/crt0.o
 .ARM.attributes
                0x00000000       0x1c C:/NXP/S32DS_ARM_v2.2/S32DS/build_tools/gcc_v6.3/gcc-6.3-arm32-eabi/arm-none-eabi/newlib/lib/thumb/v7e-m/crt0.o
 .data          0x00000000        0x0 ./Project_Settings/Startup_Code/Init_Stack.o
 .bss           0x00000000        0x0 ./Project_Settings/Startup_Code/Init_Stack.o
 .group         0x00000000        0x8 ./Project_Settings/Startup_Code/startup.o
 .group         0x00000000        0x8 ./Project_Settings/Startup_Code/startup.o
 .group         0x00000000        0x8 ./Project_Settings/Startup_Code/startup.o
 .group         0x00000000        0x8 ./Project_Settings/Startup_Code/startup.o
 .group         0x00000000        0x8 ./Project_Settings/Startup_Code/startup.o
 .group         0x00000000        0x8 ./Project_Settings/Startup_Code/startup.o
 .group         0x00000000        0x8 ./Project_Settings/Startup_Code/startup.o
 .group         0x00000000        0x8 ./Project_Settings/Startup_Code/startup.o
 .group         0x00000000        0x8 ./Project_Settings/Startup_Code/startup.o
 .group         0x00000000        0x8 ./Project_Settings/Startup_Code/startup.o
 .group         0x00000000        0x8 ./Project_Settings/Startup_Code/startup.o
 .group         0x00000000        0x8 ./Project_Settings/Startup_Code/startup.o
 .group         0x00000000        0x8 ./Project_Settings/Startup_Code/startup.o
 .text          0x00000000        0x0 ./Project_Settings/Startup_Code/startup.o
 .data          0x00000000        0x0 ./Project_Settings/Startup_Code/startup.o
 .bss           0x00000000        0x0 ./Project_Settings/Startup_Code/startup.o
 .rodata.s_vectors
                0x00000000        0x4 ./Project_Settings/Startup_Code/startup.o
 .data          0x00000000        0x0 ./Project_Settings/Startup_Code/startup_S32K144.o
 .bss           0x00000000        0x0 ./Project_Settings/Startup_Code/startup_S32K144.o
 .FlashConfig   0x00000000       0x10 ./Project_Settings/Startup_Code/startup_S32K144.o
 .group         0x00000000        0x8 ./Project_Settings/Startup_Code/system_S32K144.o
 .group         0x00000000        0x8 ./Project_Settings/Startup_Code/system_S32K144.o
 .group         0x00000000        0x8 ./Project_Settings/Startup_Code/system_S32K144.o
 .group         0x00000000        0x8 ./Project_Settings/Startup_Code/system_S32K144.o
 .group         0x00000000        0x8 ./Project_Settings/Startup_Code/system_S32K144.o
 .group         0x00000000        0x8 ./Project_Settings/Startup_Code/system_S32K144.o
 .group         0x00000000        0x8 ./Project_Settings/Startup_Code/system_S32K144.o
 .group         0x00000000        0x8 ./Project_Settings/Startup_Code/system_S32K144.o
 .group         0x00000000        0x8 ./Project_Settings/Startup_Code/system_S32K144.o
 .group         0x00000000        0x8 ./Project_Settings/Startup_Code/system_S32K144.o
 .group         0x00000000        0x8 ./Project_Settings/Startup_Code/system_S32K144.o
 .group         0x00000000        0x8 ./Project_Settings/Startup_Code/system_S32K144.o
 .group         0x00000000        0x8 ./Project_Settings/Startup_Code/system_S32K144.o
 .group         0x00000000        0x8 ./Project_Settings/Startup_Code/system_S32K144.o
 .text          0x00000000        0x0 ./Project_Settings/Startup_Code/system_S32K144.o
 .data          0x00000000        0x0 ./Project_Settings/Startup_Code/system_S32K144.o
 .bss           0x00000000        0x0 ./Project_Settings/Startup_Code/system_S32K144.o
 .data.SystemCoreClock
                0x00000000        0x4 ./Project_Settings/Startup_Code/system_S32K144.o
 .text.SystemCoreClockUpdate
                0x00000000       0xf0 ./Project_Settings/Startup_Code/system_S32K144.o
 .text.SystemSoftwareReset
                0x00000000       0x3e ./Project_Settings/Startup_Code/system_S32K144.o
 .rodata.fircFreq.5176
                0x00000000        0x4 ./Project_Settings/Startup_Code/system_S32K144.o
 .debug_macro   0x00000000      0x8d4 ./Project_Settings/Startup_Code/system_S32K144.o
 .debug_macro   0x00000000       0x10 ./Project_Settings/Startup_Code/system_S32K144.o
 .debug_macro   0x00000000       0x7a ./Project_Settings/Startup_Code/system_S32K144.o
 .debug_macro   0x00000000       0x22 ./Project_Settings/Startup_Code/system_S32K144.o
 .debug_macro   0x00000000       0x87 ./Project_Settings/Startup_Code/system_S32K144.o
 .debug_macro   0x00000000       0x51 ./Project_Settings/Startup_Code/system_S32K144.o
 .debug_macro   0x00000000       0xef ./Project_Settings/Startup_Code/system_S32K144.o
 .debug_macro   0x00000000       0x6a ./Project_Settings/Startup_Code/system_S32K144.o
 .debug_macro   0x00000000      0x1df ./Project_Settings/Startup_Code/system_S32K144.o
 .debug_macro   0x00000000      0xb86 ./Project_Settings/Startup_Code/system_S32K144.o
 .debug_macro   0x00000000       0x22 ./Project_Settings/Startup_Code/system_S32K144.o
 .group         0x00000000        0x8 ./src/function.o
 .group         0x00000000        0x8 ./src/function.o
 .group         0x00000000        0x8 ./src/function.o
 .group         0x00000000        0x8 ./src/function.o
 .group         0x00000000        0x8 ./src/function.o
 .group         0x00000000        0x8 ./src/function.o
 .group         0x00000000        0x8 ./src/function.o
 .group         0x00000000        0x8 ./src/function.o
 .text          0x00000000        0x0 ./src/function.o
 .data          0x00000000        0x0 ./src/function.o
 .bss           0x00000000        0x0 ./src/function.o
 .bss.size_RX   0x00000000        0x1 ./src/function.o
 .bss.status    0x00000000        0x1 ./src/function.o
 .text.Delay_ms
                0x00000000       0x2a ./src/function.o
 .text.Delay_us
                0x00000000       0x28 ./src/function.o
 .debug_macro   0x00000000      0x8d4 ./src/function.o
 .debug_macro   0x00000000       0x22 ./src/function.o
 .debug_macro   0x00000000       0x87 ./src/function.o
 .debug_macro   0x00000000       0x51 ./src/function.o
 .debug_macro   0x00000000       0xef ./src/function.o
 .debug_macro   0x00000000       0x6a ./src/function.o
 .debug_macro   0x00000000      0x1df ./src/function.o
 .group         0x00000000        0x8 ./src/init.o
 .group         0x00000000        0x8 ./src/init.o
 .group         0x00000000        0x8 ./src/init.o
 .group         0x00000000        0x8 ./src/init.o
 .group         0x00000000        0x8 ./src/init.o
 .group         0x00000000        0x8 ./src/init.o
 .group         0x00000000        0x8 ./src/init.o
 .group         0x00000000        0x8 ./src/init.o
 .group         0x00000000        0x8 ./src/init.o
 .group         0x00000000        0x8 ./src/init.o
 .group         0x00000000        0x8 ./src/init.o
 .group         0x00000000        0x8 ./src/init.o
 .group         0x00000000        0x8 ./src/init.o
 .group         0x00000000        0x8 ./src/init.o
 .group         0x00000000        0x8 ./src/init.o
 .group         0x00000000        0x8 ./src/init.o
 .group         0x00000000        0x8 ./src/init.o
 .group         0x00000000        0x8 ./src/init.o
 .group         0x00000000        0x8 ./src/init.o
 .group         0x00000000        0x8 ./src/init.o
 .group         0x00000000        0x8 ./src/init.o
 .group         0x00000000        0x8 ./src/init.o
 .group         0x00000000        0x8 ./src/init.o
 .group         0x00000000        0x8 ./src/init.o
 .group         0x00000000        0x8 ./src/init.o
 .group         0x00000000        0x8 ./src/init.o
 .group         0x00000000        0x8 ./src/init.o
 .group         0x00000000        0x8 ./src/init.o
 .group         0x00000000        0x8 ./src/init.o
 .group         0x00000000        0x8 ./src/init.o
 .text          0x00000000        0x0 ./src/init.o
 .data          0x00000000        0x0 ./src/init.o
 .bss           0x00000000        0x0 ./src/init.o
 .text.GPIO_Config_Clock
                0x00000000       0xa0 ./src/init.o
 .text.System_Tick_Config
                0x00000000       0x40 ./src/init.o
 .text.CLKOUT_Config
                0x00000000      0x174 ./src/init.o
 .text.LPSPI_Config
                0x00000000      0x16c ./src/init.o
 .text.LPI2C_Config
                0x00000000      0x1c4 ./src/init.o
 .debug_macro   0x00000000      0x8d4 ./src/init.o
 .debug_macro   0x00000000       0x22 ./src/init.o
 .debug_macro   0x00000000       0x87 ./src/init.o
 .debug_macro   0x00000000       0x51 ./src/init.o
 .debug_macro   0x00000000       0xef ./src/init.o
 .debug_macro   0x00000000       0x6a ./src/init.o
 .debug_macro   0x00000000      0x1df ./src/init.o
 .debug_macro   0x00000000      0x5f3 ./src/init.o
 .group         0x00000000        0x8 ./src/interrupt.o
 .group         0x00000000        0x8 ./src/interrupt.o
 .group         0x00000000        0x8 ./src/interrupt.o
 .group         0x00000000        0x8 ./src/interrupt.o
 .group         0x00000000        0x8 ./src/interrupt.o
 .group         0x00000000        0x8 ./src/interrupt.o
 .group         0x00000000        0x8 ./src/interrupt.o
 .group         0x00000000        0x8 ./src/interrupt.o
 .group         0x00000000        0x8 ./src/interrupt.o
 .group         0x00000000        0x8 ./src/interrupt.o
 .group         0x00000000        0x8 ./src/interrupt.o
 .group         0x00000000        0x8 ./src/interrupt.o
 .group         0x00000000        0x8 ./src/interrupt.o
 .group         0x00000000        0x8 ./src/interrupt.o
 .group         0x00000000        0x8 ./src/interrupt.o
 .group         0x00000000        0x8 ./src/interrupt.o
 .group         0x00000000        0x8 ./src/interrupt.o
 .group         0x00000000        0x8 ./src/interrupt.o
 .group         0x00000000        0x8 ./src/interrupt.o
 .group         0x00000000        0x8 ./src/interrupt.o
 .group         0x00000000        0x8 ./src/interrupt.o
 .group         0x00000000        0x8 ./src/interrupt.o
 .group         0x00000000        0x8 ./src/interrupt.o
 .group         0x00000000        0x8 ./src/interrupt.o
 .group         0x00000000        0x8 ./src/interrupt.o
 .group         0x00000000        0x8 ./src/interrupt.o
 .group         0x00000000        0x8 ./src/interrupt.o
 .group         0x00000000        0x8 ./src/interrupt.o
 .group         0x00000000        0x8 ./src/interrupt.o
 .group         0x00000000        0x8 ./src/interrupt.o
 .group         0x00000000        0x8 ./src/interrupt.o
 .text          0x00000000        0x0 ./src/interrupt.o
 .data          0x00000000        0x0 ./src/interrupt.o
 .bss           0x00000000        0x0 ./src/interrupt.o
 .debug_macro   0x00000000      0x8d4 ./src/interrupt.o
 .debug_macro   0x00000000       0x22 ./src/interrupt.o
 .debug_macro   0x00000000       0x87 ./src/interrupt.o
 .debug_macro   0x00000000       0x51 ./src/interrupt.o
 .debug_macro   0x00000000       0xef ./src/interrupt.o
 .debug_macro   0x00000000       0x6a ./src/interrupt.o
 .debug_macro   0x00000000      0x1df ./src/interrupt.o
 .debug_macro   0x00000000      0x5f3 ./src/interrupt.o
 .debug_macro   0x00000000       0x52 ./src/interrupt.o
 .debug_macro   0x00000000       0x3c ./src/interrupt.o
 .debug_macro   0x00000000       0x9c ./src/interrupt.o
 .debug_macro   0x00000000       0x16 ./src/interrupt.o
 .debug_macro   0x00000000       0x97 ./src/interrupt.o
 .debug_macro   0x00000000      0x30d ./src/interrupt.o
 .debug_macro   0x00000000       0xfd ./src/interrupt.o
 .debug_macro   0x00000000       0x10 ./src/interrupt.o
 .debug_macro   0x00000000       0x52 ./src/interrupt.o
 .debug_macro   0x00000000       0x1f ./src/interrupt.o
 .debug_macro   0x00000000       0x43 ./src/interrupt.o
 .debug_macro   0x00000000       0x20 ./src/interrupt.o
 .debug_macro   0x00000000      0x1a3 ./src/interrupt.o
 .debug_macro   0x00000000       0x10 ./src/interrupt.o
 .debug_macro   0x00000000       0x1c ./src/interrupt.o
 .debug_macro   0x00000000       0x52 ./src/interrupt.o
 .debug_macro   0x00000000       0x40 ./src/interrupt.o
 .debug_macro   0x00000000       0x10 ./src/interrupt.o
 .debug_macro   0x00000000       0x40 ./src/interrupt.o
 .debug_macro   0x00000000       0xd7 ./src/interrupt.o
 .debug_macro   0x00000000       0x16 ./src/interrupt.o
 .debug_macro   0x00000000      0x161 ./src/interrupt.o
 .group         0x00000000        0x8 ./src/main.o
 .group         0x00000000        0x8 ./src/main.o
 .group         0x00000000        0x8 ./src/main.o
 .group         0x00000000        0x8 ./src/main.o
 .group         0x00000000        0x8 ./src/main.o
 .group         0x00000000        0x8 ./src/main.o
 .group         0x00000000        0x8 ./src/main.o
 .group         0x00000000        0x8 ./src/main.o
 .group         0x00000000        0x8 ./src/main.o
 .group         0x00000000        0x8 ./src/main.o
 .group         0x00000000        0x8 ./src/main.o
 .group         0x00000000        0x8 ./src/main.o
 .group         0x00000000        0x8 ./src/main.o
 .group         0x00000000        0x8 ./src/main.o
 .group         0x00000000        0x8 ./src/main.o
 .group         0x00000000        0x8 ./src/main.o
 .group         0x00000000        0x8 ./src/main.o
 .group         0x00000000        0x8 ./src/main.o
 .group         0x00000000        0x8 ./src/main.o
 .group         0x00000000        0x8 ./src/main.o
 .group         0x00000000        0x8 ./src/main.o
 .group         0x00000000        0x8 ./src/main.o
 .group         0x00000000        0x8 ./src/main.o
 .group         0x00000000        0x8 ./src/main.o
 .group         0x00000000        0x8 ./src/main.o
 .group         0x00000000        0x8 ./src/main.o
 .group         0x00000000        0x8 ./src/main.o
 .group         0x00000000        0x8 ./src/main.o
 .group         0x00000000        0x8 ./src/main.o
 .group         0x00000000        0x8 ./src/main.o
 .group         0x00000000        0x8 ./src/main.o
 .text          0x00000000        0x0 ./src/main.o
 .data          0x00000000        0x0 ./src/main.o
 .bss           0x00000000        0x0 ./src/main.o
 .text.main     0x00000000        0xa ./src/main.o
 .debug_macro   0x00000000      0x8d4 ./src/main.o
 .debug_macro   0x00000000       0x22 ./src/main.o
 .debug_macro   0x00000000       0x87 ./src/main.o
 .debug_macro   0x00000000       0x51 ./src/main.o
 .debug_macro   0x00000000       0xef ./src/main.o
 .debug_macro   0x00000000       0x6a ./src/main.o
 .debug_macro   0x00000000      0x1df ./src/main.o
 .debug_macro   0x00000000      0x5f3 ./src/main.o
 .debug_macro   0x00000000       0x52 ./src/main.o
 .debug_macro   0x00000000       0x3c ./src/main.o
 .debug_macro   0x00000000       0x9c ./src/main.o
 .debug_macro   0x00000000       0x16 ./src/main.o
 .debug_macro   0x00000000       0x97 ./src/main.o
 .debug_macro   0x00000000      0x30d ./src/main.o
 .debug_macro   0x00000000       0xfd ./src/main.o
 .debug_macro   0x00000000       0x10 ./src/main.o
 .debug_macro   0x00000000       0x52 ./src/main.o
 .debug_macro   0x00000000       0x1f ./src/main.o
 .debug_macro   0x00000000       0x43 ./src/main.o
 .debug_macro   0x00000000       0x20 ./src/main.o
 .debug_macro   0x00000000      0x1a3 ./src/main.o
 .debug_macro   0x00000000       0x10 ./src/main.o
 .debug_macro   0x00000000       0x1c ./src/main.o
 .debug_macro   0x00000000       0x52 ./src/main.o
 .debug_macro   0x00000000       0x40 ./src/main.o
 .debug_macro   0x00000000       0x10 ./src/main.o
 .debug_macro   0x00000000       0x40 ./src/main.o
 .debug_macro   0x00000000       0xd7 ./src/main.o
 .debug_macro   0x00000000       0x16 ./src/main.o
 .debug_macro   0x00000000      0x161 ./src/main.o
 .debug_macro   0x00000000       0x1c ./src/main.o
 .group         0x00000000        0x8 ./src/project.o
 .group         0x00000000        0x8 ./src/project.o
 .group         0x00000000        0x8 ./src/project.o
 .group         0x00000000        0x8 ./src/project.o
 .group         0x00000000        0x8 ./src/project.o
 .group         0x00000000        0x8 ./src/project.o
 .group         0x00000000        0x8 ./src/project.o
 .group         0x00000000        0x8 ./src/project.o
 .group         0x00000000        0x8 ./src/project.o
 .group         0x00000000        0x8 ./src/project.o
 .group         0x00000000        0x8 ./src/project.o
 .group         0x00000000        0x8 ./src/project.o
 .group         0x00000000        0x8 ./src/project.o
 .group         0x00000000        0x8 ./src/project.o
 .group         0x00000000        0x8 ./src/project.o
 .group         0x00000000        0x8 ./src/project.o
 .group         0x00000000        0x8 ./src/project.o
 .group         0x00000000        0x8 ./src/project.o
 .group         0x00000000        0x8 ./src/project.o
 .group         0x00000000        0x8 ./src/project.o
 .group         0x00000000        0x8 ./src/project.o
 .group         0x00000000        0x8 ./src/project.o
 .group         0x00000000        0x8 ./src/project.o
 .group         0x00000000        0x8 ./src/project.o
 .group         0x00000000        0x8 ./src/project.o
 .group         0x00000000        0x8 ./src/project.o
 .group         0x00000000        0x8 ./src/project.o
 .group         0x00000000        0x8 ./src/project.o
 .group         0x00000000        0x8 ./src/project.o
 .group         0x00000000        0x8 ./src/project.o
 .group         0x00000000        0x8 ./src/project.o
 .text          0x00000000        0x0 ./src/project.o
 .data          0x00000000        0x0 ./src/project.o
 .bss           0x00000000        0x0 ./src/project.o
 .text.Project_Do
                0x00000000        0xc ./src/project.o
 .debug_macro   0x00000000      0x8d4 ./src/project.o
 .debug_macro   0x00000000       0x22 ./src/project.o
 .debug_macro   0x00000000       0x87 ./src/project.o
 .debug_macro   0x00000000       0x51 ./src/project.o
 .debug_macro   0x00000000       0xef ./src/project.o
 .debug_macro   0x00000000       0x6a ./src/project.o
 .debug_macro   0x00000000      0x1df ./src/project.o
 .debug_macro   0x00000000      0x5f3 ./src/project.o
 .debug_macro   0x00000000       0x52 ./src/project.o
 .debug_macro   0x00000000       0x3c ./src/project.o
 .debug_macro   0x00000000       0x9c ./src/project.o
 .debug_macro   0x00000000       0x16 ./src/project.o
 .debug_macro   0x00000000       0x97 ./src/project.o
 .debug_macro   0x00000000      0x30d ./src/project.o
 .debug_macro   0x00000000       0xfd ./src/project.o
 .debug_macro   0x00000000       0x10 ./src/project.o
 .debug_macro   0x00000000       0x52 ./src/project.o
 .debug_macro   0x00000000       0x1f ./src/project.o
 .debug_macro   0x00000000       0x43 ./src/project.o
 .debug_macro   0x00000000       0x20 ./src/project.o
 .debug_macro   0x00000000      0x1a3 ./src/project.o
 .debug_macro   0x00000000       0x10 ./src/project.o
 .debug_macro   0x00000000       0x1c ./src/project.o
 .debug_macro   0x00000000       0x52 ./src/project.o
 .debug_macro   0x00000000       0x40 ./src/project.o
 .debug_macro   0x00000000       0x10 ./src/project.o
 .debug_macro   0x00000000       0x40 ./src/project.o
 .debug_macro   0x00000000       0xd7 ./src/project.o
 .debug_macro   0x00000000       0x16 ./src/project.o
 .debug_macro   0x00000000      0x161 ./src/project.o
 .debug_macro   0x00000000       0x1c ./src/project.o
 .text          0x00000000        0x0 C:/NXP/S32DS_ARM_v2.2/S32DS/build_tools/gcc_v6.3/gcc-6.3-arm32-eabi/arm-none-eabi/newlib/lib/thumb/v7e-m\libc.a(lib_a-exit.o)
 .data          0x00000000        0x0 C:/NXP/S32DS_ARM_v2.2/S32DS/build_tools/gcc_v6.3/gcc-6.3-arm32-eabi/arm-none-eabi/newlib/lib/thumb/v7e-m\libc.a(lib_a-exit.o)
 .bss           0x00000000        0x0 C:/NXP/S32DS_ARM_v2.2/S32DS/build_tools/gcc_v6.3/gcc-6.3-arm32-eabi/arm-none-eabi/newlib/lib/thumb/v7e-m\libc.a(lib_a-exit.o)
 .text.exit     0x00000000       0x20 C:/NXP/S32DS_ARM_v2.2/S32DS/build_tools/gcc_v6.3/gcc-6.3-arm32-eabi/arm-none-eabi/newlib/lib/thumb/v7e-m\libc.a(lib_a-exit.o)
 .debug_frame   0x00000000       0x28 C:/NXP/S32DS_ARM_v2.2/S32DS/build_tools/gcc_v6.3/gcc-6.3-arm32-eabi/arm-none-eabi/newlib/lib/thumb/v7e-m\libc.a(lib_a-exit.o)
 .ARM.attributes
                0x00000000       0x2e C:/NXP/S32DS_ARM_v2.2/S32DS/build_tools/gcc_v6.3/gcc-6.3-arm32-eabi/arm-none-eabi/newlib/lib/thumb/v7e-m\libc.a(lib_a-exit.o)
 .text          0x00000000        0x0 C:/NXP/S32DS_ARM_v2.2/S32DS/build_tools/gcc_v6.3/gcc-6.3-arm32-eabi/arm-none-eabi/newlib/lib/thumb/v7e-m\libc.a(lib_a-impure.o)
 .data          0x00000000        0x0 C:/NXP/S32DS_ARM_v2.2/S32DS/build_tools/gcc_v6.3/gcc-6.3-arm32-eabi/arm-none-eabi/newlib/lib/thumb/v7e-m\libc.a(lib_a-impure.o)
 .bss           0x00000000        0x0 C:/NXP/S32DS_ARM_v2.2/S32DS/build_tools/gcc_v6.3/gcc-6.3-arm32-eabi/arm-none-eabi/newlib/lib/thumb/v7e-m\libc.a(lib_a-impure.o)
 .data._impure_ptr
                0x00000000        0x4 C:/NXP/S32DS_ARM_v2.2/S32DS/build_tools/gcc_v6.3/gcc-6.3-arm32-eabi/arm-none-eabi/newlib/lib/thumb/v7e-m\libc.a(lib_a-impure.o)
 .text          0x00000000        0x0 C:/NXP/S32DS_ARM_v2.2/S32DS/build_tools/gcc_v6.3/gcc-6.3-arm32-eabi/arm-none-eabi/newlib/lib/thumb/v7e-m\libc.a(lib_a-init.o)
 .data          0x00000000        0x0 C:/NXP/S32DS_ARM_v2.2/S32DS/build_tools/gcc_v6.3/gcc-6.3-arm32-eabi/arm-none-eabi/newlib/lib/thumb/v7e-m\libc.a(lib_a-init.o)
 .bss           0x00000000        0x0 C:/NXP/S32DS_ARM_v2.2/S32DS/build_tools/gcc_v6.3/gcc-6.3-arm32-eabi/arm-none-eabi/newlib/lib/thumb/v7e-m\libc.a(lib_a-init.o)
 .text.__libc_init_array
                0x00000000       0x48 C:/NXP/S32DS_ARM_v2.2/S32DS/build_tools/gcc_v6.3/gcc-6.3-arm32-eabi/arm-none-eabi/newlib/lib/thumb/v7e-m\libc.a(lib_a-init.o)
 .debug_frame   0x00000000       0x2c C:/NXP/S32DS_ARM_v2.2/S32DS/build_tools/gcc_v6.3/gcc-6.3-arm32-eabi/arm-none-eabi/newlib/lib/thumb/v7e-m\libc.a(lib_a-init.o)
 .ARM.attributes
                0x00000000       0x2e C:/NXP/S32DS_ARM_v2.2/S32DS/build_tools/gcc_v6.3/gcc-6.3-arm32-eabi/arm-none-eabi/newlib/lib/thumb/v7e-m\libc.a(lib_a-init.o)
 .text          0x00000000        0x0 C:/NXP/S32DS_ARM_v2.2/S32DS/build_tools/gcc_v6.3/gcc-6.3-arm32-eabi/arm-none-eabi/newlib/lib/thumb/v7e-m\libc.a(lib_a-memset.o)
 .data          0x00000000        0x0 C:/NXP/S32DS_ARM_v2.2/S32DS/build_tools/gcc_v6.3/gcc-6.3-arm32-eabi/arm-none-eabi/newlib/lib/thumb/v7e-m\libc.a(lib_a-memset.o)
 .bss           0x00000000        0x0 C:/NXP/S32DS_ARM_v2.2/S32DS/build_tools/gcc_v6.3/gcc-6.3-arm32-eabi/arm-none-eabi/newlib/lib/thumb/v7e-m\libc.a(lib_a-memset.o)
 .text.memset   0x00000000       0x10 C:/NXP/S32DS_ARM_v2.2/S32DS/build_tools/gcc_v6.3/gcc-6.3-arm32-eabi/arm-none-eabi/newlib/lib/thumb/v7e-m\libc.a(lib_a-memset.o)
 .debug_frame   0x00000000       0x20 C:/NXP/S32DS_ARM_v2.2/S32DS/build_tools/gcc_v6.3/gcc-6.3-arm32-eabi/arm-none-eabi/newlib/lib/thumb/v7e-m\libc.a(lib_a-memset.o)
 .ARM.attributes
                0x00000000       0x2e C:/NXP/S32DS_ARM_v2.2/S32DS/build_tools/gcc_v6.3/gcc-6.3-arm32-eabi/arm-none-eabi/newlib/lib/thumb/v7e-m\libc.a(lib_a-memset.o)
 .text          0x00000000        0x0 C:/NXP/S32DS_ARM_v2.2/S32DS/build_tools/gcc_v6.3/gcc-6.3-arm32-eabi/arm-none-eabi/newlib/lib/thumb/v7e-m\libc.a(lib_a-__call_atexit.o)
 .data          0x00000000        0x0 C:/NXP/S32DS_ARM_v2.2/S32DS/build_tools/gcc_v6.3/gcc-6.3-arm32-eabi/arm-none-eabi/newlib/lib/thumb/v7e-m\libc.a(lib_a-__call_atexit.o)
 .bss           0x00000000        0x0 C:/NXP/S32DS_ARM_v2.2/S32DS/build_tools/gcc_v6.3/gcc-6.3-arm32-eabi/arm-none-eabi/newlib/lib/thumb/v7e-m\libc.a(lib_a-__call_atexit.o)
 .text.__call_exitprocs
                0x00000000       0xc8 C:/NXP/S32DS_ARM_v2.2/S32DS/build_tools/gcc_v6.3/gcc-6.3-arm32-eabi/arm-none-eabi/newlib/lib/thumb/v7e-m\libc.a(lib_a-__call_atexit.o)
 .text          0x00000000        0x0 C:/NXP/S32DS_ARM_v2.2/S32DS/build_tools/gcc_v6.3/gcc-6.3-arm32-eabi/arm-none-eabi/newlib/lib/thumb/v7e-m\libc.a(lib_a-fini.o)
 .data          0x00000000        0x0 C:/NXP/S32DS_ARM_v2.2/S32DS/build_tools/gcc_v6.3/gcc-6.3-arm32-eabi/arm-none-eabi/newlib/lib/thumb/v7e-m\libc.a(lib_a-fini.o)
 .bss           0x00000000        0x0 C:/NXP/S32DS_ARM_v2.2/S32DS/build_tools/gcc_v6.3/gcc-6.3-arm32-eabi/arm-none-eabi/newlib/lib/thumb/v7e-m\libc.a(lib_a-fini.o)
 .text          0x00000000        0x0 C:/NXP/S32DS_ARM_v2.2/S32DS/build_tools/gcc_v6.3/gcc-6.3-arm32-eabi/arm-none-eabi/newlib/lib/thumb/v7e-m\libc.a(lib_a-atexit.o)
 .data          0x00000000        0x0 C:/NXP/S32DS_ARM_v2.2/S32DS/build_tools/gcc_v6.3/gcc-6.3-arm32-eabi/arm-none-eabi/newlib/lib/thumb/v7e-m\libc.a(lib_a-atexit.o)
 .bss           0x00000000        0x0 C:/NXP/S32DS_ARM_v2.2/S32DS/build_tools/gcc_v6.3/gcc-6.3-arm32-eabi/arm-none-eabi/newlib/lib/thumb/v7e-m\libc.a(lib_a-atexit.o)
 .text          0x00000000        0x0 C:/NXP/S32DS_ARM_v2.2/S32DS/build_tools/gcc_v6.3/gcc-6.3-arm32-eabi/arm-none-eabi/newlib/lib/thumb/v7e-m\libc.a(lib_a-__atexit.o)
 .data          0x00000000        0x0 C:/NXP/S32DS_ARM_v2.2/S32DS/build_tools/gcc_v6.3/gcc-6.3-arm32-eabi/arm-none-eabi/newlib/lib/thumb/v7e-m\libc.a(lib_a-__atexit.o)
 .bss           0x00000000        0x0 C:/NXP/S32DS_ARM_v2.2/S32DS/build_tools/gcc_v6.3/gcc-6.3-arm32-eabi/arm-none-eabi/newlib/lib/thumb/v7e-m\libc.a(lib_a-__atexit.o)
 .text          0x00000000        0x0 C:/NXP/S32DS_ARM_v2.2/S32DS/build_tools/gcc_v6.3/gcc-6.3-arm32-eabi/arm-none-eabi/newlib/lib/thumb/v7e-m\libnosys.a(_exit.o)
 .data          0x00000000        0x0 C:/NXP/S32DS_ARM_v2.2/S32DS/build_tools/gcc_v6.3/gcc-6.3-arm32-eabi/arm-none-eabi/newlib/lib/thumb/v7e-m\libnosys.a(_exit.o)
 .bss           0x00000000        0x0 C:/NXP/S32DS_ARM_v2.2/S32DS/build_tools/gcc_v6.3/gcc-6.3-arm32-eabi/arm-none-eabi/newlib/lib/thumb/v7e-m\libnosys.a(_exit.o)
 .text._exit    0x00000000        0x2 C:/NXP/S32DS_ARM_v2.2/S32DS/build_tools/gcc_v6.3/gcc-6.3-arm32-eabi/arm-none-eabi/newlib/lib/thumb/v7e-m\libnosys.a(_exit.o)
 .debug_frame   0x00000000       0x20 C:/NXP/S32DS_ARM_v2.2/S32DS/build_tools/gcc_v6.3/gcc-6.3-arm32-eabi/arm-none-eabi/newlib/lib/thumb/v7e-m\libnosys.a(_exit.o)
 .ARM.attributes
                0x00000000       0x2e C:/NXP/S32DS_ARM_v2.2/S32DS/build_tools/gcc_v6.3/gcc-6.3-arm32-eabi/arm-none-eabi/newlib/lib/thumb/v7e-m\libnosys.a(_exit.o)
 .text          0x00000000        0x0 c:/nxp/s32ds_arm_v2.2/s32ds/build_tools/gcc_v6.3/gcc-6.3-arm32-eabi/bin/../lib/gcc/arm-none-eabi/6.3.1/thumb/v7e-m/crtend.o
 .data          0x00000000        0x0 c:/nxp/s32ds_arm_v2.2/s32ds/build_tools/gcc_v6.3/gcc-6.3-arm32-eabi/bin/../lib/gcc/arm-none-eabi/6.3.1/thumb/v7e-m/crtend.o
 .bss           0x00000000        0x0 c:/nxp/s32ds_arm_v2.2/s32ds/build_tools/gcc_v6.3/gcc-6.3-arm32-eabi/bin/../lib/gcc/arm-none-eabi/6.3.1/thumb/v7e-m/crtend.o
 .eh_frame      0x00000000        0x4 c:/nxp/s32ds_arm_v2.2/s32ds/build_tools/gcc_v6.3/gcc-6.3-arm32-eabi/bin/../lib/gcc/arm-none-eabi/6.3.1/thumb/v7e-m/crtend.o
 .text          0x00000000        0x0 c:/nxp/s32ds_arm_v2.2/s32ds/build_tools/gcc_v6.3/gcc-6.3-arm32-eabi/bin/../lib/gcc/arm-none-eabi/6.3.1/thumb/v7e-m/crtn.o
 .data          0x00000000        0x0 c:/nxp/s32ds_arm_v2.2/s32ds/build_tools/gcc_v6.3/gcc-6.3-arm32-eabi/bin/../lib/gcc/arm-none-eabi/6.3.1/thumb/v7e-m/crtn.o
 .bss           0x00000000        0x0 c:/nxp/s32ds_arm_v2.2/s32ds/build_tools/gcc_v6.3/gcc-6.3-arm32-eabi/bin/../lib/gcc/arm-none-eabi/6.3.1/thumb/v7e-m/crtn.o

Memory Configuration

Name             Origin             Length             Attributes
m_interrupts     0x1fff8000         0x00000400         xr
m_text           0x1fff8400         0x00007c00         xr
m_blinkled       0x00002000         0x00000200         rw
m_data           0x20000000         0x00007000         rw
*default*        0x00000000         0xffffffff

Linker script and memory map

LOAD c:/nxp/s32ds_arm_v2.2/s32ds/build_tools/gcc_v6.3/gcc-6.3-arm32-eabi/bin/../lib/gcc/arm-none-eabi/6.3.1/thumb/v7e-m/crti.o
LOAD c:/nxp/s32ds_arm_v2.2/s32ds/build_tools/gcc_v6.3/gcc-6.3-arm32-eabi/bin/../lib/gcc/arm-none-eabi/6.3.1/thumb/v7e-m/crtbegin.o
LOAD C:/NXP/S32DS_ARM_v2.2/S32DS/build_tools/gcc_v6.3/gcc-6.3-arm32-eabi/arm-none-eabi/newlib/lib/thumb/v7e-m/crt0.o
LOAD ./Project_Settings/Startup_Code/Init_Stack.o
LOAD ./Project_Settings/Startup_Code/startup.o
LOAD ./Project_Settings/Startup_Code/startup_S32K144.o
LOAD ./Project_Settings/Startup_Code/system_S32K144.o
LOAD ./src/function.o
LOAD ./src/init.o
LOAD ./src/interrupt.o
LOAD ./src/main.o
LOAD ./src/project.o
START GROUP
LOAD c:/nxp/s32ds_arm_v2.2/s32ds/build_tools/gcc_v6.3/gcc-6.3-arm32-eabi/bin/../lib/gcc/arm-none-eabi/6.3.1/thumb/v7e-m\libgcc.a
LOAD C:/NXP/S32DS_ARM_v2.2/S32DS/build_tools/gcc_v6.3/gcc-6.3-arm32-eabi/arm-none-eabi/newlib/lib/thumb/v7e-m\libc.a
END GROUP
START GROUP
LOAD c:/nxp/s32ds_arm_v2.2/s32ds/build_tools/gcc_v6.3/gcc-6.3-arm32-eabi/bin/../lib/gcc/arm-none-eabi/6.3.1/thumb/v7e-m\libgcc.a
LOAD C:/NXP/S32DS_ARM_v2.2/S32DS/build_tools/gcc_v6.3/gcc-6.3-arm32-eabi/arm-none-eabi/newlib/lib/thumb/v7e-m\libc.a
LOAD C:/NXP/S32DS_ARM_v2.2/S32DS/build_tools/gcc_v6.3/gcc-6.3-arm32-eabi/arm-none-eabi/newlib/lib/thumb/v7e-m\libnosys.a
END GROUP
LOAD c:/nxp/s32ds_arm_v2.2/s32ds/build_tools/gcc_v6.3/gcc-6.3-arm32-eabi/bin/../lib/gcc/arm-none-eabi/6.3.1/thumb/v7e-m/crtend.o
LOAD c:/nxp/s32ds_arm_v2.2/s32ds/build_tools/gcc_v6.3/gcc-6.3-arm32-eabi/bin/../lib/gcc/arm-none-eabi/6.3.1/thumb/v7e-m/crtn.o
                0x00000400                HEAP_SIZE = DEFINED (__heap_size__)?__heap_size__:0x400
                0x00000400                STACK_SIZE = DEFINED (__stack_size__)?__stack_size__:0x400

.flash_blinkled_section
                0x00002000       0xd8
 *(.flash_blinkled_section)
 .flash_blinkled_section
                0x00002000       0xd0 ./src/main.o
                0x00002000                LED_On
 .flash_blinkled_section.__stub
                0x000020d0        0x8 linker stubs

.interrupts     0x1fff8000      0x400
                0x1fff8000                __VECTOR_TABLE = .
                0x1fff8000                __interrupts_start__ = .
                0x1fff8000                . = ALIGN (0x4)
 *(.isr_vector)
 .isr_vector    0x1fff8000      0x400 ./Project_Settings/Startup_Code/startup_S32K144.o
                0x1fff8000                __isr_vector
                0x1fff8400                __interrupts_end__ = .
                0x1fff8400                . = ALIGN (0x4)
                0x1fff8000                __VECTOR_RAM = __VECTOR_TABLE
                0x00000000                __RAM_VECTOR_TABLE_SIZE = 0x0

.text           0x1fff8400     0x10cc
                0x1fff8400                . = ALIGN (0x4)
 *(.text)
 .text          0x1fff8400       0xa4 c:/nxp/s32ds_arm_v2.2/s32ds/build_tools/gcc_v6.3/gcc-6.3-arm32-eabi/bin/../lib/gcc/arm-none-eabi/6.3.1/thumb/v7e-m/crtbegin.o
 .text          0x1fff84a4        0xc ./Project_Settings/Startup_Code/Init_Stack.o
                0x1fff84a4                Init_Stack
 .text          0x1fff84b0       0x50 ./Project_Settings/Startup_Code/startup_S32K144.o
                0x1fff84b0                Reset_Handler
                0x1fff84fc                DebugMon_Handler
                0x1fff84fc                Reserved88_IRQHandler
                0x1fff84fc                CAN0_ORed_IRQHandler
                0x1fff84fc                HardFault_Handler
                0x1fff84fc                Reserved86_IRQHandler
                0x1fff84fc                Reserved103_IRQHandler
                0x1fff84fc                FTM2_Ovf_Reload_IRQHandler
                0x1fff84fc                Reserved50_IRQHandler
                0x1fff84fc                FTFC_Fault_IRQHandler
                0x1fff84fc                FTM0_Ch6_Ch7_IRQHandler
                0x1fff84fc                Reserved114_IRQHandler
                0x1fff84fc                PendSV_Handler
                0x1fff84fc                NMI_Handler
                0x1fff84fc                Reserved89_IRQHandler
                0x1fff84fc                ERM_double_fault_IRQHandler
                0x1fff84fc                DMA2_IRQHandler
                0x1fff84fc                Reserved59_IRQHandler
                0x1fff84fc                Reserved99_IRQHandler
                0x1fff84fc                FTM3_Ch6_Ch7_IRQHandler
                0x1fff84fc                CAN2_ORed_0_15_MB_IRQHandler
                0x1fff84fc                LPIT0_Ch3_IRQHandler
                0x1fff84fc                Reserved92_IRQHandler
                0x1fff84fc                FTM0_Ch4_Ch5_IRQHandler
                0x1fff84fc                CAN1_Error_IRQHandler
                0x1fff84fc                FTM3_Ch0_Ch1_IRQHandler
                0x1fff84fc                SWI_IRQHandler
                0x1fff84fc                ADC0_IRQHandler
                0x1fff84fc                FTM2_Ch4_Ch5_IRQHandler
                0x1fff84fc                UsageFault_Handler
                0x1fff84fc                FTM0_Ovf_Reload_IRQHandler
                0x1fff84fc                DefaultISR
                0x1fff84fc                DMA9_IRQHandler
                0x1fff84fc                Reserved58_IRQHandler
                0x1fff84fc                CAN1_ORed_0_15_MB_IRQHandler
                0x1fff84fc                FTM1_Ch2_Ch3_IRQHandler
                0x1fff84fc                DMA14_IRQHandler
                0x1fff84fc                Reserved82_IRQHandler
                0x1fff84fc                CAN0_ORed_16_31_MB_IRQHandler
                0x1fff84fc                LPI2C0_Slave_IRQHandler
                0x1fff84fc                Reserved71_IRQHandler
                0x1fff84fc                PORTD_IRQHandler
                0x1fff84fc                Reserved69_IRQHandler
                0x1fff84fc                PORTB_IRQHandler
                0x1fff84fc                Reserved70_IRQHandler
                0x1fff84fc                ADC1_IRQHandler
                0x1fff84fc                FTM2_Ch2_Ch3_IRQHandler
                0x1fff84fc                Reserved53_IRQHandler
                0x1fff84fc                DMA5_IRQHandler
                0x1fff84fc                RTC_IRQHandler
                0x1fff84fc                PDB0_IRQHandler
                0x1fff84fc                Reserved54_IRQHandler
                0x1fff84fc                FTM2_Ch6_Ch7_IRQHandler
                0x1fff84fc                FTM3_Ch2_Ch3_IRQHandler
                0x1fff84fc                FTM2_Ch0_Ch1_IRQHandler
                0x1fff84fc                LPSPI1_IRQHandler
                0x1fff84fc                RTC_Seconds_IRQHandler
                0x1fff84fc                CAN2_ORed_IRQHandler
                0x1fff84fc                Reserved72_IRQHandler
                0x1fff84fc                Reserved110_IRQHandler
                0x1fff84fc                DMA11_IRQHandler
                0x1fff84fc                Reserved107_IRQHandler
                0x1fff84fc                Read_Collision_IRQHandler
                0x1fff84fc                CAN2_Error_IRQHandler
                0x1fff84fc                FTFC_IRQHandler
                0x1fff84fc                DMA7_IRQHandler
                0x1fff84fc                FTM1_Ch6_Ch7_IRQHandler
                0x1fff84fc                Reserved105_IRQHandler
                0x1fff84fc                FTM1_Ch4_Ch5_IRQHandler
                0x1fff84fc                FTM3_Ovf_Reload_IRQHandler
                0x1fff84fc                LPUART2_RxTx_IRQHandler
                0x1fff84fc                LPSPI0_IRQHandler
                0x1fff84fc                WDOG_EWM_IRQHandler
                0x1fff84fc                MemManage_Handler
                0x1fff84fc                Reserved90_IRQHandler
                0x1fff84fc                Reserved83_IRQHandler
                0x1fff84fc                FTM0_Fault_IRQHandler
                0x1fff84fc                Reserved48_IRQHandler
                0x1fff84fc                SVC_Handler
                0x1fff84fc                ERM_single_fault_IRQHandler
                0x1fff84fc                FTM2_Fault_IRQHandler
                0x1fff84fc                FTM0_Ch2_Ch3_IRQHandler
                0x1fff84fc                DMA13_IRQHandler
                0x1fff84fc                FTM0_Ch0_Ch1_IRQHandler
                0x1fff84fc                FTM3_Fault_IRQHandler
                0x1fff84fc                RCM_IRQHandler
                0x1fff84fc                DMA3_IRQHandler
                0x1fff84fc                Reserved100_IRQHandler
                0x1fff84fc                DMA0_IRQHandler
                0x1fff84fc                Reserved91_IRQHandler
                0x1fff84fc                CAN1_ORed_IRQHandler
                0x1fff84fc                DMA15_IRQHandler
                0x1fff84fc                SCG_IRQHandler
                0x1fff84fc                PDB1_IRQHandler
                0x1fff84fc                Reserved81_IRQHandler
                0x1fff84fc                Reserved46_IRQHandler
                0x1fff84fc                Reserved45_IRQHandler
                0x1fff84fc                CAN0_Error_IRQHandler
                0x1fff84fc                Reserved112_IRQHandler
                0x1fff84fc                LPI2C0_Master_IRQHandler
                0x1fff84fc                DMA4_IRQHandler
                0x1fff84fc                FTM1_Fault_IRQHandler
                0x1fff84fc                Reserved106_IRQHandler
                0x1fff84fc                DMA_Error_IRQHandler
                0x1fff84fc                LVD_LVW_IRQHandler
                0x1fff84fc                LPIT0_Ch2_IRQHandler
                0x1fff84fc                PORTA_IRQHandler
                0x1fff84fc                MCM_IRQHandler
                0x1fff84fc                LPSPI2_IRQHandler
                0x1fff84fc                DMA12_IRQHandler
                0x1fff84fc                FTM3_Ch4_Ch5_IRQHandler
                0x1fff84fc                CAN0_ORed_0_15_MB_IRQHandler
                0x1fff84fc                PORTE_IRQHandler
                0x1fff84fc                LPUART0_RxTx_IRQHandler
                0x1fff84fc                LPTMR0_IRQHandler
                0x1fff84fc                BusFault_Handler
                0x1fff84fc                Reserved87_IRQHandler
                0x1fff84fc                FTM1_Ovf_Reload_IRQHandler
                0x1fff84fc                DMA8_IRQHandler
                0x1fff84fc                Reserved93_IRQHandler
                0x1fff84fc                DMA10_IRQHandler
                0x1fff84fc                CAN0_Wake_Up_IRQHandler
                0x1fff84fc                CMP0_IRQHandler
                0x1fff84fc                Reserved52_IRQHandler
                0x1fff84fc                DMA6_IRQHandler
                0x1fff84fc                FTM1_Ch0_Ch1_IRQHandler
                0x1fff84fc                FLEXIO_IRQHandler
                0x1fff84fc                DMA1_IRQHandler
                0x1fff84fc                Reserved113_IRQHandler
 *(.text*)
 .text.init_data_bss
                0x1fff8500      0x128 ./Project_Settings/Startup_Code/startup.o
                0x1fff8500                init_data_bss
 .text.SystemInit
                0x1fff8628       0x30 ./Project_Settings/Startup_Code/system_S32K144.o
                0x1fff8628                SystemInit
 .text.GPIO_SetBits
                0x1fff8658       0x46 ./src/function.o
                0x1fff8658                GPIO_SetBits
 .text.GPIO_ReadBits
                0x1fff869e       0x2e ./src/function.o
                0x1fff869e                GPIO_ReadBits
 .text.SysTick_Handler
                0x1fff86cc       0x1c ./src/function.o
                0x1fff86cc                SysTick_Handler
 .text.LPUART1_RxTx_IRQHandler
                0x1fff86e8       0x64 ./src/function.o
                0x1fff86e8                LPUART1_RxTx_IRQHandler
 .text.System_Clock_Out_Config
                0x1fff874c      0x110 ./src/init.o
                0x1fff874c                System_Clock_Out_Config
 .text.GPIO_Config_Mode
                0x1fff885c      0x1a8 ./src/init.o
                0x1fff885c                GPIO_Config_Mode
 .text.LPUART_Config
                0x1fff8a04      0x300 ./src/init.o
                0x1fff8a04                LPUART_Config
 .text.LPIT_Clock_Source
                0x1fff8d04       0x44 ./src/init.o
                0x1fff8d04                LPIT_Clock_Source
 .text.LPIT_Config
                0x1fff8d48      0x1d4 ./src/init.o
                0x1fff8d48                LPIT_Config
 .text.PORT_Config
                0x1fff8f1c       0xa0 ./src/init.o
                0x1fff8f1c                PORT_Config
 .text.LPIT0_Ch0_IRQHandler
                0x1fff8fbc       0x28 ./src/interrupt.o
                0x1fff8fbc                LPIT0_Ch0_IRQHandler
 .text.LPIT0_Ch1_IRQHandler
                0x1fff8fe4       0x4c ./src/interrupt.o
                0x1fff8fe4                LPIT0_Ch1_IRQHandler
 .text.PORTC_IRQHandler
                0x1fff9030       0x9c ./src/interrupt.o
                0x1fff9030                PORTC_IRQHandler
 .text.changeToArrayChar
                0x1fff90cc      0x178 ./src/interrupt.o
                0x1fff90cc                changeToArrayChar
 .text.sendUart
                0x1fff9244       0x48 ./src/interrupt.o
                0x1fff9244                sendUart
 .text.Project_Config
                0x1fff928c       0xc0 ./src/project.o
                0x1fff928c                Project_Config
 .text.SetLED   0x1fff934c       0x80 ./src/project.o
                0x1fff934c                SetLED
 .text.startup.register_fini
                0x1fff93cc       0x14 C:/NXP/S32DS_ARM_v2.2/S32DS/build_tools/gcc_v6.3/gcc-6.3-arm32-eabi/arm-none-eabi/newlib/lib/thumb/v7e-m\libc.a(lib_a-__call_atexit.o)
 .text.__libc_fini_array
                0x1fff93e0       0x28 C:/NXP/S32DS_ARM_v2.2/S32DS/build_tools/gcc_v6.3/gcc-6.3-arm32-eabi/arm-none-eabi/newlib/lib/thumb/v7e-m\libc.a(lib_a-fini.o)
                0x1fff93e0                __libc_fini_array
 .text.atexit   0x1fff9408        0xc C:/NXP/S32DS_ARM_v2.2/S32DS/build_tools/gcc_v6.3/gcc-6.3-arm32-eabi/arm-none-eabi/newlib/lib/thumb/v7e-m\libc.a(lib_a-atexit.o)
                0x1fff9408                atexit
 .text.__register_exitproc
                0x1fff9414       0x98 C:/NXP/S32DS_ARM_v2.2/S32DS/build_tools/gcc_v6.3/gcc-6.3-arm32-eabi/arm-none-eabi/newlib/lib/thumb/v7e-m\libc.a(lib_a-__atexit.o)
                0x1fff9414                __register_exitproc
 *(.rodata)
 .rodata        0x1fff94ac        0x2 ./src/interrupt.o
 *(.rodata*)
 *fill*         0x1fff94ae        0x2 
 .rodata._global_impure_ptr
                0x1fff94b0        0x4 C:/NXP/S32DS_ARM_v2.2/S32DS/build_tools/gcc_v6.3/gcc-6.3-arm32-eabi/arm-none-eabi/newlib/lib/thumb/v7e-m\libc.a(lib_a-impure.o)
                0x1fff94b0                _global_impure_ptr
 *(.glue_7)
 .glue_7        0x1fff94b4        0x0 linker stubs
 *(.glue_7t)
 .glue_7t       0x1fff94b4        0x0 linker stubs
 *(.eh_frame)
 .eh_frame      0x1fff94b4        0x0 c:/nxp/s32ds_arm_v2.2/s32ds/build_tools/gcc_v6.3/gcc-6.3-arm32-eabi/bin/../lib/gcc/arm-none-eabi/6.3.1/thumb/v7e-m/crtbegin.o
 *(.init)
 .init          0x1fff94b4        0x4 c:/nxp/s32ds_arm_v2.2/s32ds/build_tools/gcc_v6.3/gcc-6.3-arm32-eabi/bin/../lib/gcc/arm-none-eabi/6.3.1/thumb/v7e-m/crti.o
                0x1fff94b4                _init
 .init          0x1fff94b8        0x8 c:/nxp/s32ds_arm_v2.2/s32ds/build_tools/gcc_v6.3/gcc-6.3-arm32-eabi/bin/../lib/gcc/arm-none-eabi/6.3.1/thumb/v7e-m/crtn.o
 *(.fini)
 .fini          0x1fff94c0        0x4 c:/nxp/s32ds_arm_v2.2/s32ds/build_tools/gcc_v6.3/gcc-6.3-arm32-eabi/bin/../lib/gcc/arm-none-eabi/6.3.1/thumb/v7e-m/crti.o
                0x1fff94c0                _fini
 .fini          0x1fff94c4        0x8 c:/nxp/s32ds_arm_v2.2/s32ds/build_tools/gcc_v6.3/gcc-6.3-arm32-eabi/bin/../lib/gcc/arm-none-eabi/6.3.1/thumb/v7e-m/crtn.o
                0x1fff94cc                . = ALIGN (0x4)

.vfp11_veneer   0x1fff94cc        0x0
 .vfp11_veneer  0x1fff94cc        0x0 linker stubs

.v4_bx          0x1fff94cc        0x0
 .v4_bx         0x1fff94cc        0x0 linker stubs

.iplt           0x1fff94cc        0x0
 .iplt          0x1fff94cc        0x0 c:/nxp/s32ds_arm_v2.2/s32ds/build_tools/gcc_v6.3/gcc-6.3-arm32-eabi/bin/../lib/gcc/arm-none-eabi/6.3.1/thumb/v7e-m/crtbegin.o

.rel.dyn        0x1fff94cc        0x0
 .rel.iplt      0x1fff94cc        0x0 c:/nxp/s32ds_arm_v2.2/s32ds/build_tools/gcc_v6.3/gcc-6.3-arm32-eabi/bin/../lib/gcc/arm-none-eabi/6.3.1/thumb/v7e-m/crtbegin.o

.code_ram       0x1fff94cc        0x0
                0x1fff94cc                . = ALIGN (0x4)
                0x1fff94cc                __CODE_RAM = .
                0x1fff94cc                __code_ram_start__ = .
 *(.code_ram)
                0x1fff94cc                __CODE_ROM = .
                0x1fff94cc                __CODE_END = .
                0x1fff94cc                __code_ram_end__ = .
                0x1fff94cc                . = ALIGN (0x4)

.ARM.extab
 *(.ARM.extab* .gnu.linkonce.armextab.*)

.ARM            0x1fff94cc        0x0
                0x1fff94cc                __exidx_start = .
 *(.ARM.exidx*)
                0x1fff94cc                __exidx_end = .

.ctors          0x1fff94cc        0x0
                0x1fff94cc                __CTOR_LIST__ = .
 *crtbegin.o(.ctors)
 *crtbegin?.o(.ctors)
 *(EXCLUDE_FILE(*crtend.o *crtend?.o) .ctors)
 *(SORT(.ctors.*))
 *(.ctors)
                0x1fff94cc                __CTOR_END__ = .

.dtors          0x1fff94cc        0x0
                0x1fff94cc                __DTOR_LIST__ = .
 *crtbegin.o(.dtors)
 *crtbegin?.o(.dtors)
 *(EXCLUDE_FILE(*crtend.o *crtend?.o) .dtors)
 *(SORT(.dtors.*))
 *(.dtors)
                0x1fff94cc                __DTOR_END__ = .

.preinit_array  0x1fff94cc        0x0
                0x1fff94cc                PROVIDE (__preinit_array_start, .)
 *(.preinit_array*)
                0x1fff94cc                PROVIDE (__preinit_array_end, .)

.init_array     0x1fff94cc        0x8
                0x1fff94cc                PROVIDE (__init_array_start, .)
 *(SORT(.init_array.*))
 .init_array.00000
                0x1fff94cc        0x4 C:/NXP/S32DS_ARM_v2.2/S32DS/build_tools/gcc_v6.3/gcc-6.3-arm32-eabi/arm-none-eabi/newlib/lib/thumb/v7e-m\libc.a(lib_a-__call_atexit.o)
 *(.init_array*)
 .init_array    0x1fff94d0        0x4 c:/nxp/s32ds_arm_v2.2/s32ds/build_tools/gcc_v6.3/gcc-6.3-arm32-eabi/bin/../lib/gcc/arm-none-eabi/6.3.1/thumb/v7e-m/crtbegin.o
                0x1fff94d4                PROVIDE (__init_array_end, .)

.fini_array     0x1fff94d4        0x4
                0x1fff94d4                PROVIDE (__fini_array_start, .)
 *(SORT(.fini_array.*))
 *(.fini_array*)
 .fini_array    0x1fff94d4        0x4 c:/nxp/s32ds_arm_v2.2/s32ds/build_tools/gcc_v6.3/gcc-6.3-arm32-eabi/bin/../lib/gcc/arm-none-eabi/6.3.1/thumb/v7e-m/crtbegin.o
                0x1fff94d8                PROVIDE (__fini_array_end, .)
                0x1fff94d8                __etext = .
                0x1fff94d8                __DATA_ROM = .
                0x1fff94d8                __DATA_END = __DATA_ROM

.customSectionBlock
                0x20000000        0x0
                0x20000000                __customSection_start__ = .
 *(.customSection)
                0x20000000                __customSection_end__ = .
                0x20000000                __CUSTOM_ROM = .
                0x20000000                __CUSTOM_END = .

.data           0x20000000      0x41c
                0x20000000                . = ALIGN (0x4)
                0x20000000                __DATA_RAM = .
                0x20000000                __data_start__ = .
 *(.data)
 *(.data*)
 .data.impure_data
                0x20000000      0x418 C:/NXP/S32DS_ARM_v2.2/S32DS/build_tools/gcc_v6.3/gcc-6.3-arm32-eabi/arm-none-eabi/newlib/lib/thumb/v7e-m\libc.a(lib_a-impure.o)
 *(.jcr*)
 .jcr           0x20000418        0x0 c:/nxp/s32ds_arm_v2.2/s32ds/build_tools/gcc_v6.3/gcc-6.3-arm32-eabi/bin/../lib/gcc/arm-none-eabi/6.3.1/thumb/v7e-m/crtbegin.o
 .jcr           0x20000418        0x4 c:/nxp/s32ds_arm_v2.2/s32ds/build_tools/gcc_v6.3/gcc-6.3-arm32-eabi/bin/../lib/gcc/arm-none-eabi/6.3.1/thumb/v7e-m/crtend.o
                0x2000041c                . = ALIGN (0x4)
                0x2000041c                __data_end__ = .

.tm_clone_table
                0x2000041c        0x0
 .tm_clone_table
                0x2000041c        0x0 c:/nxp/s32ds_arm_v2.2/s32ds/build_tools/gcc_v6.3/gcc-6.3-arm32-eabi/bin/../lib/gcc/arm-none-eabi/6.3.1/thumb/v7e-m/crtbegin.o
 .tm_clone_table
                0x2000041c        0x0 c:/nxp/s32ds_arm_v2.2/s32ds/build_tools/gcc_v6.3/gcc-6.3-arm32-eabi/bin/../lib/gcc/arm-none-eabi/6.3.1/thumb/v7e-m/crtend.o

.igot.plt       0x2000041c        0x0
 .igot.plt      0x2000041c        0x0 c:/nxp/s32ds_arm_v2.2/s32ds/build_tools/gcc_v6.3/gcc-6.3-arm32-eabi/bin/../lib/gcc/arm-none-eabi/6.3.1/thumb/v7e-m/crtbegin.o

.new_variable   0x2000041c        0x2
 *(.new_variable)
 .new_variable  0x2000041c        0x2 ./src/project.o
                0x2000041c                counter
                0x2000041d                value
 *(.new_variable*)

.bss            0x20000420       0x28
                0x20000420                . = ALIGN (0x4)
                0x20000420                __BSS_START = .
                0x20000420                __bss_start__ = .
 *(.bss)
 .bss           0x20000420       0x1c c:/nxp/s32ds_arm_v2.2/s32ds/build_tools/gcc_v6.3/gcc-6.3-arm32-eabi/bin/../lib/gcc/arm-none-eabi/6.3.1/thumb/v7e-m/crtbegin.o
 *(.bss*)
 .bss.Data_RX   0x2000043c        0x1 ./src/function.o
                0x2000043c                Data_RX
 *fill*         0x2000043d        0x3 
 .bss.count     0x20000440        0x4 ./src/function.o
 .bss.flag_LED  0x20000444        0x1 ./src/interrupt.o
                0x20000444                flag_LED
 .bss.flag_BUTTON
                0x20000445        0x1 ./src/interrupt.o
                0x20000445                flag_BUTTON
 .bss.led       0x20000446        0x1 ./src/project.o
                0x20000446                led
 *(COMMON)
 COMMON         0x20000447        0x1 ./src/project.o
                0x20000447                count_LED
                0x20000448                . = ALIGN (0x4)
                0x20000448                __bss_end__ = .
                0x20000448                __BSS_END = .

.heap           0x20000448      0x400
                0x20000448                . = ALIGN (0x8)
                0x20000448                __end__ = .
                0x20000448                __heap_start__ = .
                [!provide]                PROVIDE (end, .)
                [!provide]                PROVIDE (_end, .)
                [!provide]                PROVIDE (__end, .)
                0x20000448                __HeapBase = .
                0x20000848                . = (. + HEAP_SIZE)
 *fill*         0x20000448      0x400 
                0x20000848                __HeapLimit = .
                0x20000848                __heap_limit = .
                0x20000848                __heap_end__ = .

/DISCARD/
 *(.FlashConfig)
                0x20007000                __StackTop = (ORIGIN (m_data) + LENGTH (m_data))
                0x20006c00                __StackLimit = (__StackTop - STACK_SIZE)
                0x20007000                PROVIDE (__stack, __StackTop)

.stack          0x20006c00      0x400
                0x20006c00                . = ALIGN (0x8)
                0x20006c00                __stack_start__ = .
                0x20007000                . = (. + STACK_SIZE)
 *fill*         0x20006c00      0x400 
                0x20007000                __stack_end__ = .
                0x20000420                __START_BSS = __BSS_START
                0x20000448                __END_BSS = __BSS_END
                0x20007000                __SP_INIT = __StackTop

.ARM.attributes
                0x00000000       0x2a
 *(.ARM.attributes)
 .ARM.attributes
                0x00000000       0x1e c:/nxp/s32ds_arm_v2.2/s32ds/build_tools/gcc_v6.3/gcc-6.3-arm32-eabi/bin/../lib/gcc/arm-none-eabi/6.3.1/thumb/v7e-m/crti.o
 .ARM.attributes
                0x0000001e       0x2e c:/nxp/s32ds_arm_v2.2/s32ds/build_tools/gcc_v6.3/gcc-6.3-arm32-eabi/bin/../lib/gcc/arm-none-eabi/6.3.1/thumb/v7e-m/crtbegin.o
 .ARM.attributes
                0x0000004c       0x1b ./Project_Settings/Startup_Code/Init_Stack.o
 .ARM.attributes
                0x00000067       0x33 ./Project_Settings/Startup_Code/startup.o
 .ARM.attributes
                0x0000009a       0x1b ./Project_Settings/Startup_Code/startup_S32K144.o
 .ARM.attributes
                0x000000b5       0x33 ./Project_Settings/Startup_Code/system_S32K144.o
 .ARM.attributes
                0x000000e8       0x33 ./src/function.o
 .ARM.attributes
                0x0000011b       0x33 ./src/init.o
 .ARM.attributes
                0x0000014e       0x33 ./src/interrupt.o
 .ARM.attributes
                0x00000181       0x33 ./src/main.o
 .ARM.attributes
                0x000001b4       0x33 ./src/project.o
 .ARM.attributes
                0x000001e7       0x2e C:/NXP/S32DS_ARM_v2.2/S32DS/build_tools/gcc_v6.3/gcc-6.3-arm32-eabi/arm-none-eabi/newlib/lib/thumb/v7e-m\libc.a(lib_a-impure.o)
 .ARM.attributes
                0x00000215       0x2e C:/NXP/S32DS_ARM_v2.2/S32DS/build_tools/gcc_v6.3/gcc-6.3-arm32-eabi/arm-none-eabi/newlib/lib/thumb/v7e-m\libc.a(lib_a-__call_atexit.o)
 .ARM.attributes
                0x00000243       0x2e C:/NXP/S32DS_ARM_v2.2/S32DS/build_tools/gcc_v6.3/gcc-6.3-arm32-eabi/arm-none-eabi/newlib/lib/thumb/v7e-m\libc.a(lib_a-fini.o)
 .ARM.attributes
                0x00000271       0x2e C:/NXP/S32DS_ARM_v2.2/S32DS/build_tools/gcc_v6.3/gcc-6.3-arm32-eabi/arm-none-eabi/newlib/lib/thumb/v7e-m\libc.a(lib_a-atexit.o)
 .ARM.attributes
                0x0000029f       0x2e C:/NXP/S32DS_ARM_v2.2/S32DS/build_tools/gcc_v6.3/gcc-6.3-arm32-eabi/arm-none-eabi/newlib/lib/thumb/v7e-m\libc.a(lib_a-__atexit.o)
 .ARM.attributes
                0x000002cd       0x2e c:/nxp/s32ds_arm_v2.2/s32ds/build_tools/gcc_v6.3/gcc-6.3-arm32-eabi/bin/../lib/gcc/arm-none-eabi/6.3.1/thumb/v7e-m/crtend.o
 .ARM.attributes
                0x000002fb       0x1e c:/nxp/s32ds_arm_v2.2/s32ds/build_tools/gcc_v6.3/gcc-6.3-arm32-eabi/bin/../lib/gcc/arm-none-eabi/6.3.1/thumb/v7e-m/crtn.o
                0x00000001                ASSERT ((__StackLimit >= __HeapLimit), region m_data overflowed with stack and heap)
OUTPUT(LED_ASSIGNMENT1.elf elf32-littlearm)

.comment        0x00000000       0xa0
 .comment       0x00000000       0xa0 c:/nxp/s32ds_arm_v2.2/s32ds/build_tools/gcc_v6.3/gcc-6.3-arm32-eabi/bin/../lib/gcc/arm-none-eabi/6.3.1/thumb/v7e-m/crtbegin.o
                                 0xa1 (size before relaxing)
 .comment       0x000000a0       0xa1 ./Project_Settings/Startup_Code/startup.o
 .comment       0x000000a0       0xa1 ./Project_Settings/Startup_Code/system_S32K144.o
 .comment       0x000000a0       0xa1 ./src/function.o
 .comment       0x000000a0       0xa1 ./src/init.o
 .comment       0x000000a0       0xa1 ./src/interrupt.o
 .comment       0x000000a0       0xa1 ./src/main.o
 .comment       0x000000a0       0xa1 ./src/project.o
 .comment       0x000000a0       0xa1 c:/nxp/s32ds_arm_v2.2/s32ds/build_tools/gcc_v6.3/gcc-6.3-arm32-eabi/bin/../lib/gcc/arm-none-eabi/6.3.1/thumb/v7e-m/crtend.o

.debug_line     0x00000000     0x1c8c
 .debug_line    0x00000000       0x60 ./Project_Settings/Startup_Code/Init_Stack.o
 .debug_line    0x00000060      0x335 ./Project_Settings/Startup_Code/startup.o
 .debug_line    0x00000395       0x84 ./Project_Settings/Startup_Code/startup_S32K144.o
 .debug_line    0x00000419      0x352 ./Project_Settings/Startup_Code/system_S32K144.o
 .debug_line    0x0000076b      0x2c5 ./src/function.o
 .debug_line    0x00000a30      0x6c8 ./src/init.o
 .debug_line    0x000010f8      0x422 ./src/interrupt.o
 .debug_line    0x0000151a      0x3b1 ./src/main.o
 .debug_line    0x000018cb      0x3c1 ./src/project.o

.debug_info     0x00000000     0x48b7
 .debug_info    0x00000000       0x26 ./Project_Settings/Startup_Code/Init_Stack.o
 .debug_info    0x00000026      0x471 ./Project_Settings/Startup_Code/startup.o
 .debug_info    0x00000497       0x26 ./Project_Settings/Startup_Code/startup_S32K144.o
 .debug_info    0x000004bd      0x522 ./Project_Settings/Startup_Code/system_S32K144.o
 .debug_info    0x000009df      0x302 ./src/function.o
 .debug_info    0x00000ce1     0x192c ./src/init.o
 .debug_info    0x0000260d      0xd8d ./src/interrupt.o
 .debug_info    0x0000339a      0x96f ./src/main.o
 .debug_info    0x00003d09      0xbae ./src/project.o

.debug_abbrev   0x00000000      0xc25
 .debug_abbrev  0x00000000       0x14 ./Project_Settings/Startup_Code/Init_Stack.o
 .debug_abbrev  0x00000014      0x108 ./Project_Settings/Startup_Code/startup.o
 .debug_abbrev  0x0000011c       0x14 ./Project_Settings/Startup_Code/startup_S32K144.o
 .debug_abbrev  0x00000130      0x125 ./Project_Settings/Startup_Code/system_S32K144.o
 .debug_abbrev  0x00000255      0x149 ./src/function.o
 .debug_abbrev  0x0000039e      0x2aa ./src/init.o
 .debug_abbrev  0x00000648      0x24b ./src/interrupt.o
 .debug_abbrev  0x00000893      0x1c0 ./src/main.o
 .debug_abbrev  0x00000a53      0x1d2 ./src/project.o

.debug_aranges  0x00000000      0x1e0
 .debug_aranges
                0x00000000       0x20 ./Project_Settings/Startup_Code/Init_Stack.o
 .debug_aranges
                0x00000020       0x20 ./Project_Settings/Startup_Code/startup.o
 .debug_aranges
                0x00000040       0x20 ./Project_Settings/Startup_Code/startup_S32K144.o
 .debug_aranges
                0x00000060       0x30 ./Project_Settings/Startup_Code/system_S32K144.o
 .debug_aranges
                0x00000090       0x48 ./src/function.o
 .debug_aranges
                0x000000d8       0x70 ./src/init.o
 .debug_aranges
                0x00000148       0x40 ./src/interrupt.o
 .debug_aranges
                0x00000188       0x28 ./src/main.o
 .debug_aranges
                0x000001b0       0x30 ./src/project.o

.debug_str      0x00000000    0x6f296
 .debug_str     0x00000000       0x7a ./Project_Settings/Startup_Code/Init_Stack.o
 .debug_str     0x0000007a    0x68872 ./Project_Settings/Startup_Code/startup.o
                              0x68adf (size before relaxing)
 .debug_str     0x000688ec       0x33 ./Project_Settings/Startup_Code/startup_S32K144.o
                                 0x7f (size before relaxing)
 .debug_str     0x0006891f      0x1f3 ./Project_Settings/Startup_Code/system_S32K144.o
                              0x688b8 (size before relaxing)
 .debug_str     0x00068b12     0x1b93 ./src/function.o
                               0x514f (size before relaxing)
 .debug_str     0x0006a6a5     0x4a72 ./src/init.o
                               0x9c83 (size before relaxing)
 .debug_str     0x0006f117      0x133 ./src/interrupt.o
                               0x9754 (size before relaxing)
 .debug_str     0x0006f24a       0x1a ./src/main.o
                               0x957d (size before relaxing)
 .debug_str     0x0006f264       0x32 ./src/project.o
                               0x967a (size before relaxing)

.debug_ranges   0x00000000      0x130
 .debug_ranges  0x00000000       0x10 ./Project_Settings/Startup_Code/startup.o
 .debug_ranges  0x00000010       0x20 ./Project_Settings/Startup_Code/system_S32K144.o
 .debug_ranges  0x00000030       0x38 ./src/function.o
 .debug_ranges  0x00000068       0x60 ./src/init.o
 .debug_ranges  0x000000c8       0x30 ./src/interrupt.o
 .debug_ranges  0x000000f8       0x18 ./src/main.o
 .debug_ranges  0x00000110       0x20 ./src/project.o

.debug_macro    0x00000000    0x20f88
 .debug_macro   0x00000000       0xb5 ./Project_Settings/Startup_Code/startup.o
 .debug_macro   0x000000b5      0x8d4 ./Project_Settings/Startup_Code/startup.o
 .debug_macro   0x00000989       0x22 ./Project_Settings/Startup_Code/startup.o
 .debug_macro   0x000009ab       0x87 ./Project_Settings/Startup_Code/startup.o
 .debug_macro   0x00000a32       0x51 ./Project_Settings/Startup_Code/startup.o
 .debug_macro   0x00000a83       0xef ./Project_Settings/Startup_Code/startup.o
 .debug_macro   0x00000b72       0x6a ./Project_Settings/Startup_Code/startup.o
 .debug_macro   0x00000bdc      0x1df ./Project_Settings/Startup_Code/startup.o
 .debug_macro   0x00000dbb       0x10 ./Project_Settings/Startup_Code/startup.o
 .debug_macro   0x00000dcb       0x7a ./Project_Settings/Startup_Code/startup.o
 .debug_macro   0x00000e45     0xed32 ./Project_Settings/Startup_Code/startup.o
 .debug_macro   0x0000fb77      0xb86 ./Project_Settings/Startup_Code/startup.o
 .debug_macro   0x000106fd       0x22 ./Project_Settings/Startup_Code/startup.o
 .debug_macro   0x0001071f       0x40 ./Project_Settings/Startup_Code/startup.o
 .debug_macro   0x0001075f       0xb5 ./Project_Settings/Startup_Code/system_S32K144.o
 .debug_macro   0x00010814       0x19 ./Project_Settings/Startup_Code/system_S32K144.o
 .debug_macro   0x0001082d     0xed1d ./Project_Settings/Startup_Code/system_S32K144.o
 .debug_macro   0x0001f54a       0x28 ./Project_Settings/Startup_Code/system_S32K144.o
 .debug_macro   0x0001f572       0x82 ./src/function.o
 .debug_macro   0x0001f5f4      0x5f3 ./src/function.o
 .debug_macro   0x0001fbe7      0x1dc ./src/init.o
 .debug_macro   0x0001fdc3       0x52 ./src/init.o
 .debug_macro   0x0001fe15       0x3c ./src/init.o
 .debug_macro   0x0001fe51       0x9c ./src/init.o
 .debug_macro   0x0001feed       0x16 ./src/init.o
 .debug_macro   0x0001ff03       0x97 ./src/init.o
 .debug_macro   0x0001ff9a      0x30d ./src/init.o
 .debug_macro   0x000202a7       0xfd ./src/init.o
 .debug_macro   0x000203a4       0x10 ./src/init.o
 .debug_macro   0x000203b4       0x52 ./src/init.o
 .debug_macro   0x00020406       0x1f ./src/init.o
 .debug_macro   0x00020425       0x43 ./src/init.o
 .debug_macro   0x00020468       0x20 ./src/init.o
 .debug_macro   0x00020488      0x1a3 ./src/init.o
 .debug_macro   0x0002062b       0x10 ./src/init.o
 .debug_macro   0x0002063b       0x1c ./src/init.o
 .debug_macro   0x00020657       0x52 ./src/init.o
 .debug_macro   0x000206a9       0x40 ./src/init.o
 .debug_macro   0x000206e9       0x10 ./src/init.o
 .debug_macro   0x000206f9       0x40 ./src/init.o
 .debug_macro   0x00020739       0xd7 ./src/init.o
 .debug_macro   0x00020810       0x16 ./src/init.o
 .debug_macro   0x00020826      0x161 ./src/init.o
 .debug_macro   0x00020987      0x1f7 ./src/interrupt.o
 .debug_macro   0x00020b7e       0x1c ./src/interrupt.o
 .debug_macro   0x00020b9a      0x1f7 ./src/main.o
 .debug_macro   0x00020d91      0x1f7 ./src/project.o

.debug_frame    0x00000000      0x598
 .debug_frame   0x00000000       0x38 ./Project_Settings/Startup_Code/startup.o
 .debug_frame   0x00000038       0x80 ./Project_Settings/Startup_Code/system_S32K144.o
 .debug_frame   0x000000b8       0xe8 ./src/function.o
 .debug_frame   0x000001a0      0x1ac ./src/init.o
 .debug_frame   0x0000034c       0xc0 ./src/interrupt.o
 .debug_frame   0x0000040c       0x48 ./src/main.o
 .debug_frame   0x00000454       0x70 ./src/project.o
 .debug_frame   0x000004c4       0x4c C:/NXP/S32DS_ARM_v2.2/S32DS/build_tools/gcc_v6.3/gcc-6.3-arm32-eabi/arm-none-eabi/newlib/lib/thumb/v7e-m\libc.a(lib_a-__call_atexit.o)
 .debug_frame   0x00000510       0x38 C:/NXP/S32DS_ARM_v2.2/S32DS/build_tools/gcc_v6.3/gcc-6.3-arm32-eabi/arm-none-eabi/newlib/lib/thumb/v7e-m\libc.a(lib_a-fini.o)
 .debug_frame   0x00000548       0x20 C:/NXP/S32DS_ARM_v2.2/S32DS/build_tools/gcc_v6.3/gcc-6.3-arm32-eabi/arm-none-eabi/newlib/lib/thumb/v7e-m\libc.a(lib_a-atexit.o)
 .debug_frame   0x00000568       0x30 C:/NXP/S32DS_ARM_v2.2/S32DS/build_tools/gcc_v6.3/gcc-6.3-arm32-eabi/arm-none-eabi/newlib/lib/thumb/v7e-m\libc.a(lib_a-__atexit.o)
